DEFINED_CRT_ORG_CODE            = $0001 ; const, local, , cpc_crt0, , C:/Users/r4373259/AppData/Local/Temp/zcc0000281045AA4/zcc_opt.def:3
CRT_ORG_CODE                    = $0400 ; const, local, , cpc_crt0, , C:/Users/r4373259/AppData/Local/Temp/zcc0000281045AA4/zcc_opt.def:4
start                           = $0400 ; addr, local, , cpc_crt0, , crt.asm:7
T_WIDTH                         = $0020 ; const, local, , tilemap_conf_asm, , tilemap_conf.asm:66
T_HEIGHT                        = $0018 ; const, local, , tilemap_conf_asm, , tilemap_conf.asm:67
vpClipStruct                    = $2244 ; addr, local, , mk1_c, code_compiler, definitions.h:4
fsClipStruct                    = $2248 ; addr, local, , mk1_c, code_compiler, definitions.h:4
i_1                             = $635E ; addr, local, , mk1_c, rodata_compiler, mk1.c::main::0::127:118
HLshr6_A                        = $2264 ; addr, local, , mk1_c, code_compiler, mtasmlib.h:6
Ashl16_HL                       = $226F ; addr, local, , mk1_c, code_compiler, mtasmlib.h:6
withSign                        = $227B ; addr, local, , mk1_c, code_compiler, mtasmlib.h:6
depack                          = $2283 ; addr, local, , mk1_c, code_compiler, aplib.h:11
apbranch1                       = $2286 ; addr, local, , mk1_c, code_compiler, aplib.h:11
aploop0                         = $2288 ; addr, local, , mk1_c, code_compiler, aplib.h:11
ap_getbit                       = $230A ; addr, local, , mk1_c, code_compiler, aplib.h:11
aploop                          = $228B ; addr, local, , mk1_c, code_compiler, aplib.h:11
apbranch2                       = $22C9 ; addr, local, , mk1_c, code_compiler, aplib.h:11
apbranch3                       = $22B5 ; addr, local, , mk1_c, code_compiler, aplib.h:11
apget4bits                      = $229E ; addr, local, , mk1_c, code_compiler, aplib.h:11
apbranch4                       = $22AC ; addr, local, , mk1_c, code_compiler, aplib.h:11
apwritebyte                     = $22A8 ; addr, local, , mk1_c, code_compiler, aplib.h:11
ap_finishup2                    = $22F7 ; addr, local, , mk1_c, code_compiler, aplib.h:11
ap_getgamma                     = $2316 ; addr, local, , mk1_c, code_compiler, aplib.h:11
ap_r0_gamma                     = $22FE ; addr, local, , mk1_c, code_compiler, aplib.h:11
apskip2                         = $22E8 ; addr, local, , mk1_c, code_compiler, aplib.h:11
apskip3                         = $22F1 ; addr, local, , mk1_c, code_compiler, aplib.h:11
ap_finishup                     = $22F4 ; addr, local, , mk1_c, code_compiler, aplib.h:11
ap_getgammaloop                 = $2319 ; addr, local, , mk1_c, code_compiler, aplib.h:11
bo_l1                           = $2FF7 ; addr, local, , mk1_c, code_compiler, pantallas.h::blackout::0::1:32
_font                           = $301A ; addr, local, , mk1_c, code_compiler, assets/tileset.h::show_buffer_and_tiles::0::3:5
_tspatterns                     = $341A ; addr, local, , mk1_c, code_compiler, assets/tileset.h::show_buffer_and_tiles::0::3:5
_attr_2                         = $4509 ; addr, local, , mk1_c, code_compiler, printer.h::attr::0::3:6
_attr_1                         = $4511 ; addr, local, , mk1_c, code_compiler, printer.h::attr::0::3:6
_attr_1b                        = $451B ; addr, local, , mk1_c, code_compiler, printer.h::attr::0::3:6
_map_attr                       = $C600 ; const, local, , mk1_c, code_compiler, mk1.c::main::0::127:118
_attr_end                       = $452E ; addr, local, , mk1_c, code_compiler, printer.h::attr::0::3:6
qtile_do                        = $4539 ; addr, local, , mk1_c, code_compiler, printer.h::qtile::0::4:61
_map_buff                       = $C696 ; const, local, , mk1_c, code_compiler, mk1.c::main::0::127:118
_draw_decorations_loop          = $45CE ; addr, local, , mk1_c, code_compiler, printer.h::draw_decorations::0::11:491
print_str_loop                  = $4680 ; addr, local, , mk1_c, code_compiler, printer.h::print_str::0::14:663
print_str_inv                   = $4692 ; addr, local, , mk1_c, code_compiler, printer.h::print_str::0::14:663
i_16                            = $46B1 ; addr, local, , mk1_c, code_compiler, printer.h::clear_sprites::0::15:717
i_14                            = $46AC ; addr, local, , mk1_c, code_compiler, printer.h::clear_sprites::0::15:717
i_15                            = $46D2 ; addr, local, , mk1_c, code_compiler, printer.h::clear_sprites::0::15:717
_sp_sw                          = $E600 ; const, local, , mk1_c, code_compiler, mk1.c::main::0::127:118
i_17                            = $46D8 ; addr, local, , mk1_c, code_compiler, printer.h::pal_set::0::17:727
i_18                            = $4700 ; addr, local, , mk1_c, code_compiler, printer.h::pal_set::0::17:727
i_19                            = $4736 ; addr, local, , mk1_c, code_compiler, engine/update.h::cpc_UpdateNow::0::18:9
_cpc_screen_update_inv_loop     = $470D ; addr, local, , mk1_c, code_compiler, engine/update.h::cpc_UpdateNow::0::18:9
_cpc_screen_update_inv_ret      = $472F ; addr, local, , mk1_c, code_compiler, engine/update.h::cpc_UpdateNow::0::18:9
_cpc_screen_update_upd_buffer   = $4736 ; addr, local, , mk1_c, code_compiler, engine/update.h::cpc_UpdateNow::0::18:9
i_20                            = $476D ; addr, local, , mk1_c, code_compiler, engine/update.h::cpc_UpdateNow::0::18:9
_cpc_screen_update_upd_loop     = $4745 ; addr, local, , mk1_c, code_compiler, engine/update.h::cpc_UpdateNow::0::18:9
_cpc_screen_update_upd_ret      = $4768 ; addr, local, , mk1_c, code_compiler, engine/update.h::cpc_UpdateNow::0::18:9
_cpc_screen_update_done         = $476D ; addr, local, , mk1_c, code_compiler, engine/update.h::cpc_UpdateNow::0::18:9
_cm_two_points_at1_reset        = $47B4 ; addr, local, , mk1_c, code_compiler, engine/general.h::cm_two_points::0::22:63
_cm_two_points_at1_do           = $47B7 ; addr, local, , mk1_c, code_compiler, engine/general.h::cm_two_points::0::22:63
_cm_two_points_at1_done         = $47D1 ; addr, local, , mk1_c, code_compiler, engine/general.h::cm_two_points::0::22:63
_cm_two_points_at2_reset        = $47E2 ; addr, local, , mk1_c, code_compiler, engine/general.h::cm_two_points::0::22:63
_cm_two_points_at2_do           = $47E5 ; addr, local, , mk1_c, code_compiler, engine/general.h::cm_two_points::0::22:63
_cm_two_points_at2_done         = $47FF ; addr, local, , mk1_c, code_compiler, engine/general.h::cm_two_points::0::22:63
rand16                          = $4803 ; addr, local, , mk1_c, code_compiler, engine/general.h::rand::0::23:138
nextrand                        = $481F ; addr, local, , mk1_c, code_compiler, engine/general.h::rand::0::23:138
i_21                            = $483D ; addr, local, , mk1_c, code_compiler, engine/general.h::abs::0::24:182
i_22                            = $4842 ; addr, local, , mk1_c, code_compiler, engine/general.h::abs::0::24:182
i_23                            = $48C6 ; addr, local, , mk1_c, code_compiler, engine.h::addsign::0::27:20
i_24                            = $48CE ; addr, local, , mk1_c, code_compiler, engine.h::addsign::0::27:20
i_25                            = $48CF ; addr, local, , mk1_c, code_compiler, engine.h::espera_activa::0::28:28
i_26                            = $48D7 ; addr, local, , mk1_c, code_compiler, engine.h::espera_activa::0::28:28
i_29                            = $48D7 ; addr, local, , mk1_c, code_compiler, engine.h::espera_activa::0::28:28
i_28                            = $48EF ; addr, local, , mk1_c, code_compiler, engine.h::espera_activa::0::28:28
i_30                            = $48E5 ; addr, local, , mk1_c, code_compiler, engine.h::espera_activa::0::28:28
i_27                            = $48E5 ; addr, local, , mk1_c, code_compiler, engine.h::espera_activa::0::28:28
i_33                            = $4924 ; addr, local, , mk1_c, code_compiler, engine.h::draw_scr_background::0::30:352
i_31                            = $491D ; addr, local, , mk1_c, code_compiler, engine.h::draw_scr_background::0::30:352
i_32                            = $4971 ; addr, local, , mk1_c, code_compiler, engine.h::draw_scr_background::0::30:352
_advance_worm_no_inc_y          = $496B ; addr, local, , mk1_c, code_compiler, engine.h::draw_scr_background::0::30:352
_hotspots_setup_done            = $49EE ; addr, local, , mk1_c, code_compiler, engine.h::draw_scr::1::33:669
_hotspots_setup_do              = $49B4 ; addr, local, , mk1_c, code_compiler, engine.h::draw_scr::1::33:553
_hotspots_setup_set             = $49E6 ; addr, local, , mk1_c, code_compiler, engine.h::draw_scr::1::33:553
_hotspots_setup_set_refill      = $49E5 ; addr, local, , mk1_c, code_compiler, engine.h::draw_scr::1::33:553
_mons_col_sc_x_lineal           = $49F9 ; addr, local, , mk1_c, code_compiler, engine.h::mons_col_sc_x::0::33:768
_mons_col_sc_x_compare          = $49FF ; addr, local, , mk1_c, code_compiler, engine.h::mons_col_sc_x::0::33:768
_mons_col_sc_x_horz_positive    = $4A0C ; addr, local, , mk1_c, code_compiler, engine.h::mons_col_sc_x::0::33:768
_mons_col_sc_x_horz_negative_zero = $4A09 ; addr, local, , mk1_c, code_compiler, engine.h::mons_col_sc_x::0::33:768
_mons_col_sc_x_horz_set         = $4A0D ; addr, local, , mk1_c, code_compiler, engine.h::mons_col_sc_x::0::33:768
i_34                            = $4A61 ; addr, local, , mk1_c, code_compiler, engine.h::mons_col_sc_x::0::33:768
i_35                            = $4A64 ; addr, local, , mk1_c, code_compiler, engine.h::mons_col_sc_x::0::33:768
_mons_col_sc_y_lineal           = $4A67 ; addr, local, , mk1_c, code_compiler, engine.h::mons_col_sc_y::0::34:849
_mons_col_sc_y_compare          = $4A6D ; addr, local, , mk1_c, code_compiler, engine.h::mons_col_sc_y::0::34:849
_mons_col_sc_y_vert_positive    = $4A7A ; addr, local, , mk1_c, code_compiler, engine.h::mons_col_sc_y::0::34:849
_mons_col_sc_y_vert_negative_zero = $4A77 ; addr, local, , mk1_c, code_compiler, engine.h::mons_col_sc_y::0::34:849
_mons_col_sc_y_vert_set         = $4A7B ; addr, local, , mk1_c, code_compiler, engine.h::mons_col_sc_y::0::34:849
i_36                            = $4ABF ; addr, local, , mk1_c, code_compiler, engine.h::mons_col_sc_y::0::34:849
i_37                            = $4AC2 ; addr, local, , mk1_c, code_compiler, engine.h::mons_col_sc_y::0::34:849
_player_gravity_add             = $4B90 ; addr, local, , mk1_c, code_compiler, engine/player.h::player_move::0::37:247
_player_gravity_maximum         = $4B96 ; addr, local, , mk1_c, code_compiler, engine/player.h::player_move::0::37:247
_player_gravity_vy_set          = $4B99 ; addr, local, , mk1_c, code_compiler, engine/player.h::player_move::0::37:247
_player_gravity_done            = $4B9C ; addr, local, , mk1_c, code_compiler, engine/player.h::player_move::0::37:247
_player_gravity_p_gotten_done   = $4BAC ; addr, local, , mk1_c, code_compiler, engine/player.h::player_move::0::37:247
i_38                            = $4BC9 ; addr, local, , mk1_c, code_compiler, engine/player.h::player_move::1::39:372
i_39                            = $4BD7 ; addr, local, , mk1_c, code_compiler, engine/player.h::player_move::1::39:372
i_40                            = $4BEA ; addr, local, , mk1_c, code_compiler, engine/player.h::player_move::1::39:372
i_41                            = $4C57 ; addr, local, , mk1_c, code_compiler, engine/player.h::player_move::3::41:410
i_43                            = $4C37 ; addr, local, , mk1_c, code_compiler, engine/player.h::player_move::1::39:372
i_42                            = $4C57 ; addr, local, , mk1_c, code_compiler, engine/player.h::player_move::3::41:410
i_45                            = $4CC5 ; addr, local, , mk1_c, code_compiler, engine/player.h::player_move::3::43:487
i_47                            = $4CA0 ; addr, local, , mk1_c, code_compiler, engine/player.h::player_move::3::41:410
i_48                            = $4CC5 ; addr, local, , mk1_c, code_compiler, engine/player.h::player_move::3::41:410
i_49                            = $4CA0 ; addr, local, , mk1_c, code_compiler, engine/player.h::player_move::3::41:410
i_46                            = $4CC5 ; addr, local, , mk1_c, code_compiler, engine/player.h::player_move::3::43:487
i_52_i_48                       = $4CA0 ; addr, local, , mk1_c, code_compiler, engine/player.h::player_move::3::41:410
evil_tile_check_vert_done       = $4CE8 ; addr, local, , mk1_c, code_compiler, engine/player.h::player_move::3::43:487
i_53                            = $4D1C ; addr, local, , mk1_c, code_compiler, engine/player.h::player_move::3::43:487
i_54                            = $4D1F ; addr, local, , mk1_c, code_compiler, engine/player.h::player_move::3::43:487
i_55                            = $4D9E ; addr, local, , mk1_c, code_compiler, engine/player.h::player_move::3::45:640
i_56                            = $4D58 ; addr, local, , mk1_c, code_compiler, engine/player.h::player_move::3::45:640
i_58                            = $4D46 ; addr, local, , mk1_c, code_compiler, engine/player.h::player_move::3::45:640
i_57                            = $4DA2 ; addr, local, , mk1_c, code_compiler, engine/player.h::player_move::3::45:640
i_60                            = $4DA2 ; addr, local, , mk1_c, code_compiler, engine/player.h::player_move::3::45:640
i_61                            = $4D87 ; addr, local, , mk1_c, code_compiler, engine/player.h::player_move::3::45:640
i_62                            = $4DA2 ; addr, local, , mk1_c, code_compiler, engine/player.h::player_move::3::45:640
i_63                            = $4DA2 ; addr, local, , mk1_c, code_compiler, engine/player.h::player_move::3::45:640
i_65                            = $4DB8 ; addr, local, , mk1_c, code_compiler, engine/player.h::player_move::3::45:640
i_66                            = $4DBB ; addr, local, , mk1_c, code_compiler, engine/player.h::player_move::3::45:640
i_64                            = $4DED ; addr, local, , mk1_c, code_compiler, engine/player.h::player_move::3::45:640
decelerate_right                = $4DDC ; addr, local, , mk1_c, code_compiler, engine/player.h::player_move::3::45:640
decelerate_left                 = $4DCC ; addr, local, , mk1_c, code_compiler, engine/player.h::player_move::3::45:640
h_acceleration_set              = $4DD7 ; addr, local, , mk1_c, code_compiler, engine/player.h::player_move::3::45:640
h_acceleration_done             = $4E36 ; addr, local, , mk1_c, code_compiler, engine/player.h::player_move::2::51:802
h_decelerate_done               = $4DED ; addr, local, , mk1_c, code_compiler, engine/player.h::player_move::3::45:640
i_67                            = $4E11 ; addr, local, , mk1_c, code_compiler, engine/player.h::player_move::2::50:763
accelerate_left_done            = $4E11 ; addr, local, , mk1_c, code_compiler, engine/player.h::player_move::2::50:763
i_68                            = $4E36 ; addr, local, , mk1_c, code_compiler, engine/player.h::player_move::2::51:802
accelerate_right_done           = $4E36 ; addr, local, , mk1_c, code_compiler, engine/player.h::player_move::2::51:802
i_69                            = $4E54 ; addr, local, , mk1_c, code_compiler, engine/player.h::player_move::1::51:846
i_70                            = $4E67 ; addr, local, , mk1_c, code_compiler, engine/player.h::player_move::1::51:846
i_71                            = $4EEA ; addr, local, , mk1_c, code_compiler, engine/player.h::player_move::3::53:886
i_73                            = $4EB3 ; addr, local, , mk1_c, code_compiler, engine/player.h::player_move::1::51:846
i_72                            = $4EDB ; addr, local, , mk1_c, code_compiler, engine/player.h::player_move::3::53:886
i_75                            = $4EEA ; addr, local, , mk1_c, code_compiler, engine/player.h::player_move::3::53:886
i_76                            = $4F4F ; addr, local, , mk1_c, code_compiler, engine/player.h::player_move::3::56:961
i_78                            = $4F19 ; addr, local, , mk1_c, code_compiler, engine/player.h::player_move::3::53:886
i_77                            = $4F40 ; addr, local, , mk1_c, code_compiler, engine/player.h::player_move::3::56:961
i_80                            = $4F4F ; addr, local, , mk1_c, code_compiler, engine/player.h::player_move::3::56:961
i_81                            = $4F9F ; addr, local, , mk1_c, code_compiler, engine/player.h::player_move::1::59:1108
i_82                            = $4F9F ; addr, local, , mk1_c, code_compiler, ./my/ci/player_center_checks.h::player_move::1::57:0
i_83                            = $4FB0 ; addr, local, , mk1_c, code_compiler, engine/player.h::player_move::2::60:1112
i_84                            = $4FB5 ; addr, local, , mk1_c, code_compiler, engine/player.h::player_move::2::60:1112
i_85                            = $4FDB ; addr, local, , mk1_c, code_compiler, engine/player.h::player_move::2::60:1112
i_86                            = $4FFA ; addr, local, , mk1_c, code_compiler, engine/player.h::player_move::2::60:1112
i_87                            = $4FFA ; addr, local, , mk1_c, code_compiler, engine/player.h::player_move::2::60:1112
i_88                            = $500F ; addr, local, , mk1_c, code_compiler, engine/player.h::player_move::2::60:1112
i_89                            = $500F ; addr, local, , mk1_c, code_compiler, engine/player.h::player_move::2::60:1112
i_91                            = $5034 ; addr, local, , mk1_c, code_compiler, engine/player.h::player_move::2::60:1112
i_90                            = $5034 ; addr, local, , mk1_c, code_compiler, engine/player.h::player_move::2::60:1112
i_92_i_91                       = $501D ; addr, local, , mk1_c, code_compiler, engine/player.h::player_move::2::60:1112
i_93                            = $502A ; addr, local, , mk1_c, code_compiler, engine/player.h::player_move::2::60:1112
i_94                            = $502D ; addr, local, , mk1_c, code_compiler, engine/player.h::player_move::2::60:1112
i_95                            = $5088 ; addr, local, , mk1_c, code_compiler, engine/player.h::player_move::2::60:1112
i_96                            = $5041 ; addr, local, , mk1_c, code_compiler, engine/player.h::player_move::2::60:1112
i_97                            = $5044 ; addr, local, , mk1_c, code_compiler, engine/player.h::player_move::2::60:1112
i_98                            = $505A ; addr, local, , mk1_c, code_compiler, engine/player.h::player_move::2::60:1112
i_99                            = $5088 ; addr, local, , mk1_c, code_compiler, engine/player.h::player_move::2::60:1112
i_100                           = $5077 ; addr, local, , mk1_c, code_compiler, engine/player.h::player_move::2::60:1112
_player_spr_setup               = $509E ; addr, local, , mk1_c, code_compiler, engine/player.h::player_move::2::60:1112
_player_spr_setup_done          = $50CD ; addr, local, , mk1_c, code_compiler, engine/player.h::player_move::2::60:1112
i_101                           = $50EF ; addr, local, , mk1_c, code_compiler, engine/player.h::player_deplete::0::69:1488
i_102                           = $50F2 ; addr, local, , mk1_c, code_compiler, engine/player.h::player_deplete::0::69:1488
calc_baddies_pointer            = $511A ; addr, local, , mk1_c, code_compiler, engine/enengine.h::player_kill::0::71:6
i_103                           = $512C ; addr, local, , mk1_c, code_compiler, engine/enengine.h::enems_init::0::71:66
i_104                           = $5171 ; addr, local, , mk1_c, code_compiler, engine/enengine.h::enems_init::0::71:66
i_107                           = $518C ; addr, local, , mk1_c, code_compiler, engine/enengine.h::enems_load::0::73:79
i_105                           = $5185 ; addr, local, , mk1_c, code_compiler, engine/enengine.h::enems_load::0::73:79
i_106                           = $5342 ; addr, local, , mk1_c, code_compiler, engine/enengine.h::enems_load::3::80:231
_en_an_frame                    = $D603 ; const, local, , mk1_c, code_compiler, mk1.c::main::0::127:118
_en_an_state                    = $D60C ; const, local, , mk1_c, code_compiler, mk1.c::main::0::127:118
_en_an_count                    = $D606 ; const, local, , mk1_c, code_compiler, mk1.c::main::0::127:118
_en_an_next_frame               = $D63C ; const, local, , mk1_c, code_compiler, mk1.c::main::0::127:118
i_108                           = $524B ; addr, local, , mk1_c, code_compiler, engine/enengine.h::enems_load::5::77:202
i_111                           = $51F7 ; addr, local, , mk1_c, code_compiler, engine/enengine.h::enems_load::3::75:122
i_112                           = $520F ; addr, local, , mk1_c, code_compiler, engine/enengine.h::enems_load::3::75:122
i_113                           = $520F ; addr, local, , mk1_c, code_compiler, engine/enengine.h::enems_load::3::75:122
i_114                           = $520F ; addr, local, , mk1_c, code_compiler, engine/enengine.h::enems_load::3::75:122
i_115                           = $520F ; addr, local, , mk1_c, code_compiler, engine/enengine.h::enems_load::3::75:122
i_116                           = $523D ; addr, local, , mk1_c, code_compiler, engine/enengine.h::enems_load::5::77:202
_en_an_base_frame               = $D600 ; const, local, , mk1_c, code_compiler, mk1.c::main::0::127:118
i_110                           = $5256 ; addr, local, , mk1_c, code_compiler, engine/enengine.h::enems_load::5::77:202
i_117                           = $5256 ; addr, local, , mk1_c, code_compiler, engine/enengine.h::enems_load::5::77:202
i_118                           = $532C ; addr, local, , mk1_c, code_compiler, engine/enengine.h::enems_load::5::77:202
redefine_sp_sw                  = $5274 ; addr, local, , mk1_c, code_compiler, engine/enengine.h::enems_load::5::77:202
i_119                           = $533F ; addr, local, , mk1_c, code_compiler, engine/enengine.h::enems_load::5::77:202
enems_kill_noflag               = $534F ; addr, local, , mk1_c, code_compiler, engine/enengine.h::enems_kill::0::80:235
i_122                           = $5370 ; addr, local, , mk1_c, code_compiler, engine/enengine.h::enems_move::0::81:265
i_120                           = $536B ; addr, local, , mk1_c, code_compiler, engine/enengine.h::enems_move::0::81:265
i_121                           = $5605 ; addr, local, , mk1_c, code_compiler, engine/enengine.h::enems_move::4::90:787
_en_dying                       = $53C0 ; addr, local, , mk1_c, code_compiler, engine/enengine.h::enems_move::0::81:265
_en_dying_done                  = $53EB ; addr, local, , mk1_c, code_compiler, engine/enengine.h::enems_move::0::81:265
_en_dying_dead                  = $53D6 ; addr, local, , mk1_c, code_compiler, engine/enengine.h::enems_move::0::81:265
_pregotten_calc                 = $53EB ; addr, local, , mk1_c, code_compiler, engine/enengine.h::enems_move::0::81:265
_pregotten_reset                = $5407 ; addr, local, , mk1_c, code_compiler, engine/enengine.h::enems_move::0::81:265
_pregotten_set                  = $5403 ; addr, local, , mk1_c, code_compiler, engine/enengine.h::enems_move::0::81:265
_pregotten_write                = $5408 ; addr, local, , mk1_c, code_compiler, engine/enengine.h::enems_move::0::81:265
i_125                           = $5410 ; addr, local, , mk1_c, code_compiler, engine/enengine.h::enems_move::3::83:416
i_126                           = $5428 ; addr, local, , mk1_c, code_compiler, engine/enengine.h::enems_move::3::83:416
i_127                           = $5428 ; addr, local, , mk1_c, code_compiler, engine/enengine.h::enems_move::3::83:416
i_128                           = $5428 ; addr, local, , mk1_c, code_compiler, engine/enengine.h::enems_move::3::83:416
i_129                           = $5428 ; addr, local, , mk1_c, code_compiler, engine/enengine.h::enems_move::3::83:416
i_124                           = $547E ; addr, local, , mk1_c, code_compiler, engine/enengine.h::enems_move::4::84:444
_enems_lm_change_axis_x         = $544C ; addr, local, , mk1_c, code_compiler, ./engine/enem_mods/enem_type_lineal.h::enems_move::4::84:0
_enems_lm_change_axis_x_done    = $5454 ; addr, local, , mk1_c, code_compiler, ./engine/enem_mods/enem_type_lineal.h::enems_move::4::84:0
_enems_lm_change_axis_y         = $5473 ; addr, local, , mk1_c, code_compiler, ./engine/enem_mods/enem_type_lineal.h::enems_move::4::84:0
_enems_lm_change_axis_y_done    = $547B ; addr, local, , mk1_c, code_compiler, ./engine/enem_mods/enem_type_lineal.h::enems_move::4::84:0
enems_just_moved                = $547E ; addr, local, , mk1_c, code_compiler, engine/enengine.h::enems_move::4::84:444
i_130                           = $557B ; addr, local, , mk1_c, code_compiler, engine/enengine.h::enems_move::4::90:787
_enems_move_update_frame_done   = $54C4 ; addr, local, , mk1_c, code_compiler, engine/enengine.h::enems_move::4::84:444
i_132                           = $557B ; addr, local, , mk1_c, code_compiler, engine/enengine.h::enems_move::5::86:545
i_131                           = $557B ; addr, local, , mk1_c, code_compiler, engine/enengine.h::enems_move::7::90:602
i_133_i_132                     = $54E6 ; addr, local, , mk1_c, code_compiler, engine/enengine.h::enems_move::5::86:545
i_135                           = $554B ; addr, local, , mk1_c, code_compiler, engine/enengine.h::enems_move::5::86:545
i_134                           = $554B ; addr, local, , mk1_c, code_compiler, engine/enengine.h::enems_move::5::86:545
i_136_i_135                     = $5510 ; addr, local, , mk1_c, code_compiler, engine/enengine.h::enems_move::5::86:545
i_137                           = $557B ; addr, local, , mk1_c, code_compiler, engine/enengine.h::enems_move::7::90:602
i_138                           = $557B ; addr, local, , mk1_c, code_compiler, engine/enengine.h::enems_move::7::90:602
_enem_spr_setup                 = $557B ; addr, local, , mk1_c, code_compiler, engine/enengine.h::enems_move::4::90:787
_en_an_sprid                    = $D609 ; const, local, , mk1_c, code_compiler, mk1.c::main::0::127:118
_set_current_frame              = $55BD ; addr, local, , mk1_c, code_compiler, engine/enengine.h::enems_move::4::90:787
_enem_spr_setup_done            = $55D2 ; addr, local, , mk1_c, code_compiler, engine/enengine.h::enems_move::4::90:787
init_hotspots_loop              = $5610 ; addr, local, , mk1_c, code_compiler, engine/hotspots.h::hotspots_init::0::90:7
i_139                           = $562C ; addr, local, , mk1_c, code_compiler, engine/hotspots.h::hotspots_do::0::91:30
i_140                           = $56E2 ; addr, local, , mk1_c, code_compiler, engine/hotspots.h::hotspots_do::3::94:117
i_143                           = $565B ; addr, local, , mk1_c, code_compiler, engine/hotspots.h::hotspots_do::0::91:30
i_142                           = $5691 ; addr, local, , mk1_c, code_compiler, engine/hotspots.h::hotspots_do::3::94:117
i_144                           = $5661 ; addr, local, , mk1_c, code_compiler, engine/hotspots.h::hotspots_do::0::91:30
i_145                           = $5683 ; addr, local, , mk1_c, code_compiler, engine/hotspots.h::hotspots_do::0::91:30
i_146                           = $5688 ; addr, local, , mk1_c, code_compiler, engine/hotspots.h::hotspots_do::0::91:30
i_147                           = $56E2 ; addr, local, , mk1_c, code_compiler, engine/hotspots.h::hotspots_do::3::94:117
EFECTO0                         = $56E3 ; addr, local, , mk1_c, code_compiler, my/wyz/efectos.h::hotspots_do::0::95:29
EFECTO1                         = $573E ; addr, local, , mk1_c, code_compiler, my/wyz/efectos.h::hotspots_do::0::95:29
EFECTO2                         = $573F ; addr, local, , mk1_c, code_compiler, my/wyz/efectos.h::hotspots_do::0::95:29
EFECTO3                         = $5740 ; addr, local, , mk1_c, code_compiler, my/wyz/efectos.h::hotspots_do::0::95:29
EFECTO4                         = $5771 ; addr, local, , mk1_c, code_compiler, my/wyz/efectos.h::hotspots_do::0::95:29
EFECTO5                         = $5772 ; addr, local, , mk1_c, code_compiler, my/wyz/efectos.h::hotspots_do::0::95:29
EFECTO6                         = $5788 ; addr, local, , mk1_c, code_compiler, my/wyz/efectos.h::hotspots_do::0::95:29
EFECTO7                         = $5789 ; addr, local, , mk1_c, code_compiler, my/wyz/efectos.h::hotspots_do::0::95:29
EFECTO8                         = $578A ; addr, local, , mk1_c, code_compiler, my/wyz/efectos.h::hotspots_do::0::95:29
EFECTO9                         = $578B ; addr, local, , mk1_c, code_compiler, my/wyz/efectos.h::hotspots_do::0::95:29
EFECTO10                        = $578C ; addr, local, , mk1_c, code_compiler, my/wyz/efectos.h::hotspots_do::0::95:29
EFECTO11                        = $578D ; addr, local, , mk1_c, code_compiler, my/wyz/efectos.h::hotspots_do::0::95:29
EFECTO12                        = $578E ; addr, local, , mk1_c, code_compiler, my/wyz/efectos.h::hotspots_do::0::95:29
EFECTO13                        = $57B3 ; addr, local, , mk1_c, code_compiler, my/wyz/efectos.h::hotspots_do::0::95:29
EFECTO14                        = $57D8 ; addr, local, , mk1_c, code_compiler, my/wyz/efectos.h::hotspots_do::0::95:29
TABLA_PAUTAS                    = $57F7 ; addr, local, , mk1_c, code_compiler, my/wyz/instrumentos.h::hotspots_do::0::95:7
PAUTA_0                         = $57FB ; addr, local, , mk1_c, code_compiler, my/wyz/instrumentos.h::hotspots_do::0::95:7
TABLA_SONIDOS                   = $57F9 ; addr, local, , mk1_c, code_compiler, my/wyz/instrumentos.h::hotspots_do::0::95:7
_00_title_mus_bin               = $5804 ; addr, local, , mk1_c, code_compiler, my/wyz/songs.h::hotspots_do::0::95:6
_01_ingame_mus_bin              = $5856 ; addr, local, , mk1_c, code_compiler, my/wyz/songs.h::hotspots_do::0::95:6
WYZPLAYER_INIT                  = $58A9 ; addr, local, , mk1_c, code_compiler, wyz_player.h::wyz_stop_sound::0::99:51
CARGA_CANCION                   = $5A0D ; addr, local, , mk1_c, code_compiler, wyz_player.h::wyz_stop_sound::0::99:51
INICIA_EFECTO                   = $58E9 ; addr, local, , mk1_c, code_compiler, wyz_player.h::wyz_stop_sound::0::99:51
PLAYER_OFF                      = $59EA ; addr, local, , mk1_c, code_compiler, wyz_player.h::wyz_stop_sound::0::99:51
CANAL_A                         = $5E23 ; addr, local, , mk1_c, code_compiler, wyz_player.h::wyz_stop_sound::0::99:51
CANAL_B                         = $5E25 ; addr, local, , mk1_c, code_compiler, wyz_player.h::wyz_stop_sound::0::99:51
CANAL_C                         = $5E27 ; addr, local, , mk1_c, code_compiler, wyz_player.h::wyz_stop_sound::0::99:51
CANAL_P                         = $5E51 ; addr, local, , mk1_c, code_compiler, wyz_player.h::wyz_stop_sound::0::99:51
INICIO                          = $58C2 ; addr, local, , mk1_c, code_compiler, wyz_player.h::wyz_stop_sound::0::99:51
WYZ_PLAYER_ISR                  = $58C2 ; addr, local, , mk1_c, code_compiler, wyz_player.h::wyz_stop_sound::0::99:51
ROUT                            = $59AE ; addr, local, , mk1_c, code_compiler, wyz_player.h::wyz_stop_sound::0::99:51
PSG_REG                         = $5E68 ; addr, local, , mk1_c, code_compiler, wyz_player.h::wyz_stop_sound::0::99:51
PSG_REG_SEC                     = $5E78 ; addr, local, , mk1_c, code_compiler, wyz_player.h::wyz_stop_sound::0::99:51
REPRODUCE_SONIDO                = $5904 ; addr, local, , mk1_c, code_compiler, wyz_player.h::wyz_stop_sound::0::99:51
PLAY                            = $5B46 ; addr, local, , mk1_c, code_compiler, wyz_player.h::wyz_stop_sound::0::99:51
REPRODUCE_EFECTO                = $5923 ; addr, local, , mk1_c, code_compiler, wyz_player.h::wyz_stop_sound::0::99:51
INICIA_SONIDO                   = $58D9 ; addr, local, , mk1_c, code_compiler, wyz_player.h::wyz_stop_sound::0::99:51
EXT_WORD                        = $5DF5 ; addr, local, , mk1_c, code_compiler, wyz_player.h::wyz_stop_sound::0::99:51
PUNTERO_SONIDO                  = $5E62 ; addr, local, , mk1_c, code_compiler, wyz_player.h::wyz_stop_sound::0::99:51
INTERR                          = $5E19 ; addr, local, , mk1_c, code_compiler, wyz_player.h::wyz_stop_sound::0::99:51
TABLA_EFECTOS                   = $5F08 ; addr, local, , mk1_c, code_compiler, wyz_player.h::wyz_stop_sound::0::99:51
PUNTERO_EFECTO                  = $5E41 ; addr, local, , mk1_c, code_compiler, wyz_player.h::wyz_stop_sound::0::99:51
TABLA_DATOS_CANAL_SFX           = $5DFE ; addr, local, , mk1_c, code_compiler, wyz_player.h::wyz_stop_sound::0::99:51
EFECTO_REGS                     = $5E64 ; addr, local, , mk1_c, code_compiler, wyz_player.h::wyz_stop_sound::0::99:51
SONIDO_REGS                     = $5E66 ; addr, local, , mk1_c, code_compiler, wyz_player.h::wyz_stop_sound::0::99:51
REPRODUCE_SONIDO_O_EFECTO       = $5942 ; addr, local, , mk1_c, code_compiler, wyz_player.h::wyz_stop_sound::0::99:51
REPRODUCE_SONIDO_LIMPIA_BIT     = $591D ; addr, local, , mk1_c, code_compiler, wyz_player.h::wyz_stop_sound::0::99:51
REPRODUCE_EFECTO_LIMPIA_BIT     = $593C ; addr, local, , mk1_c, code_compiler, wyz_player.h::wyz_stop_sound::0::99:51
FIN_SONIDO                      = $599E ; addr, local, , mk1_c, code_compiler, wyz_player.h::wyz_stop_sound::0::99:51
NO_ENVOLVENTES_SONIDO           = $5984 ; addr, local, , mk1_c, code_compiler, wyz_player.h::wyz_stop_sound::0::99:51
NO_RUIDO                        = $5991 ; addr, local, , mk1_c, code_compiler, wyz_player.h::wyz_stop_sound::0::99:51
SI_RUIDO                        = $5997 ; addr, local, , mk1_c, code_compiler, wyz_player.h::wyz_stop_sound::0::99:51
ENVOLVENTE_BACK                 = $5E89 ; addr, local, , mk1_c, code_compiler, wyz_player.h::wyz_stop_sound::0::99:51
FIN_NOPLAYER                    = $59A7 ; addr, local, , mk1_c, code_compiler, wyz_player.h::wyz_stop_sound::0::99:51
NO_BACKUP_ENVOLVENTE            = $59B8 ; addr, local, , mk1_c, code_compiler, wyz_player.h::wyz_stop_sound::0::99:51
LOUT                            = $59BB ; addr, local, , mk1_c, code_compiler, wyz_player.h::wyz_stop_sound::0::99:51
WRITEPSGHL                      = $59D3 ; addr, local, , mk1_c, code_compiler, wyz_player.h::wyz_stop_sound::0::99:51
CLEAR_PSG_BUFFER                = $59EE ; addr, local, , mk1_c, code_compiler, wyz_player.h::wyz_stop_sound::0::99:51
SONG                            = $5E1A ; addr, local, , mk1_c, code_compiler, wyz_player.h::wyz_stop_sound::0::99:51
DECODE_SONG                     = $5A16 ; addr, local, , mk1_c, code_compiler, wyz_player.h::wyz_stop_sound::0::99:51
TABLA_SONG                      = $5F06 ; addr, local, , mk1_c, code_compiler, wyz_player.h::wyz_stop_sound::0::99:51
TEMPO                           = $5E1B ; addr, local, , mk1_c, code_compiler, wyz_player.h::wyz_stop_sound::0::99:51
TTEMPO                          = $5E1C ; addr, local, , mk1_c, code_compiler, wyz_player.h::wyz_stop_sound::0::99:51
NPTJP0                          = $5A32 ; addr, local, , mk1_c, code_compiler, wyz_player.h::wyz_stop_sound::0::99:51
PUNTERO_P_DECA                  = $5E35 ; addr, local, , mk1_c, code_compiler, wyz_player.h::wyz_stop_sound::0::99:51
PUNTERO_L_DECA                  = $5E49 ; addr, local, , mk1_c, code_compiler, wyz_player.h::wyz_stop_sound::0::99:51
BGICMODBC1                      = $5AC3 ; addr, local, , mk1_c, code_compiler, wyz_player.h::wyz_stop_sound::0::99:51
PUNTERO_P_DECB                  = $5E37 ; addr, local, , mk1_c, code_compiler, wyz_player.h::wyz_stop_sound::0::99:51
PUNTERO_L_DECB                  = $5E4B ; addr, local, , mk1_c, code_compiler, wyz_player.h::wyz_stop_sound::0::99:51
PUNTERO_P_DECC                  = $5E39 ; addr, local, , mk1_c, code_compiler, wyz_player.h::wyz_stop_sound::0::99:51
PUNTERO_L_DECC                  = $5E4D ; addr, local, , mk1_c, code_compiler, wyz_player.h::wyz_stop_sound::0::99:51
PUNTERO_P_DECP                  = $5E53 ; addr, local, , mk1_c, code_compiler, wyz_player.h::wyz_stop_sound::0::99:51
PUNTERO_L_DECP                  = $5E57 ; addr, local, , mk1_c, code_compiler, wyz_player.h::wyz_stop_sound::0::99:51
INIT_DECODER                    = $5A7E ; addr, local, , mk1_c, code_compiler, wyz_player.h::wyz_stop_sound::0::99:51
PUNTERO_A                       = $5E1D ; addr, local, , mk1_c, code_compiler, wyz_player.h::wyz_stop_sound::0::99:51
DECODE_CANAL                    = $5ADD ; addr, local, , mk1_c, code_compiler, wyz_player.h::wyz_stop_sound::0::99:51
PUNTERO_DECA                    = $5E3B ; addr, local, , mk1_c, code_compiler, wyz_player.h::wyz_stop_sound::0::99:51
PUNTERO_B                       = $5E1F ; addr, local, , mk1_c, code_compiler, wyz_player.h::wyz_stop_sound::0::99:51
PUNTERO_DECB                    = $5E3D ; addr, local, , mk1_c, code_compiler, wyz_player.h::wyz_stop_sound::0::99:51
PUNTERO_C                       = $5E21 ; addr, local, , mk1_c, code_compiler, wyz_player.h::wyz_stop_sound::0::99:51
PUNTERO_DECC                    = $5E3F ; addr, local, , mk1_c, code_compiler, wyz_player.h::wyz_stop_sound::0::99:51
PUNTERO_P                       = $5E4F ; addr, local, , mk1_c, code_compiler, wyz_player.h::wyz_stop_sound::0::99:51
PUNTERO_DECP                    = $5E55 ; addr, local, , mk1_c, code_compiler, wyz_player.h::wyz_stop_sound::0::99:51
BGICMODBC2                      = $5AC5 ; addr, local, , mk1_c, code_compiler, wyz_player.h::wyz_stop_sound::0::99:51
FIN_DEC_CANAL                   = $5B2E ; addr, local, , mk1_c, code_compiler, wyz_player.h::wyz_stop_sound::0::99:51
GETLEN                          = $5B33 ; addr, local, , mk1_c, code_compiler, wyz_player.h::wyz_stop_sound::0::99:51
NO_SILENCIO                     = $5AEC ; addr, local, , mk1_c, code_compiler, wyz_player.h::wyz_stop_sound::0::99:51
NO_MODIFICA                     = $5B23 ; addr, local, , mk1_c, code_compiler, wyz_player.h::wyz_stop_sound::0::99:51
NO_PUNTILLO                     = $5AF6 ; addr, local, , mk1_c, code_compiler, wyz_player.h::wyz_stop_sound::0::99:51
NO_INSTRUMENTO                  = $5B09 ; addr, local, , mk1_c, code_compiler, wyz_player.h::wyz_stop_sound::0::99:51
NO_ENVOLVENTE                   = $5B16 ; addr, local, , mk1_c, code_compiler, wyz_player.h::wyz_stop_sound::0::99:51
DCBC0                           = $5B40 ; addr, local, , mk1_c, code_compiler, wyz_player.h::wyz_stop_sound::0::99:51
PAUTAS                          = $5B89 ; addr, local, , mk1_c, code_compiler, wyz_player.h::wyz_stop_sound::0::99:51
LOCALIZA_NOTA                   = $5BB3 ; addr, local, , mk1_c, code_compiler, wyz_player.h::wyz_stop_sound::0::99:51
LOCALIZA_EFECTO                 = $5CAE ; addr, local, , mk1_c, code_compiler, wyz_player.h::wyz_stop_sound::0::99:51
PUNTERO_P_A                     = $5E29 ; addr, local, , mk1_c, code_compiler, wyz_player.h::wyz_stop_sound::0::99:51
PAUTA                           = $5CF5 ; addr, local, , mk1_c, code_compiler, wyz_player.h::wyz_stop_sound::0::99:51
PUNTERO_P_B                     = $5E2B ; addr, local, , mk1_c, code_compiler, wyz_player.h::wyz_stop_sound::0::99:51
PUNTERO_P_C                     = $5E2D ; addr, local, , mk1_c, code_compiler, wyz_player.h::wyz_stop_sound::0::99:51
LNJP0                           = $5C2A ; addr, local, , mk1_c, code_compiler, wyz_player.h::wyz_stop_sound::0::99:51
COMANDOS                        = $5BC0 ; addr, local, , mk1_c, code_compiler, wyz_player.h::wyz_stop_sound::0::99:51
COM_EFECTO                      = $5C05 ; addr, local, , mk1_c, code_compiler, wyz_player.h::wyz_stop_sound::0::99:51
NO_DEC_TEMPO                    = $5BD2 ; addr, local, , mk1_c, code_compiler, wyz_player.h::wyz_stop_sound::0::99:51
NO_INC_TEMPO                    = $5BD7 ; addr, local, , mk1_c, code_compiler, wyz_player.h::wyz_stop_sound::0::99:51
VOL_INST_A                      = $5E44 ; addr, local, , mk1_c, code_compiler, wyz_player.h::wyz_stop_sound::0::99:51
PUNTERO_P_A0                    = $5E2F ; addr, local, , mk1_c, code_compiler, wyz_player.h::wyz_stop_sound::0::99:51
COM_ENVOLVENTE                  = $5C15 ; addr, local, , mk1_c, code_compiler, wyz_player.h::wyz_stop_sound::0::99:51
ENVOLVENTE                      = $5E88 ; addr, local, , mk1_c, code_compiler, wyz_player.h::wyz_stop_sound::0::99:51
NO_FIN_CANAL_A                  = $5C6D ; addr, local, , mk1_c, code_compiler, wyz_player.h::wyz_stop_sound::0::99:51
FIN_CANAL_A                     = $5C54 ; addr, local, , mk1_c, code_compiler, wyz_player.h::wyz_stop_sound::0::99:51
FIN_NOTA_A                      = $5C34 ; addr, local, , mk1_c, code_compiler, wyz_player.h::wyz_stop_sound::0::99:51
FCA_CONT                        = $5C5F ; addr, local, , mk1_c, code_compiler, wyz_player.h::wyz_stop_sound::0::99:51
FIN_RUTINA                      = $5CAD ; addr, local, , mk1_c, code_compiler, wyz_player.h::wyz_stop_sound::0::99:51
NO_SILENCIO_A                   = $5C9B ; addr, local, , mk1_c, code_compiler, wyz_player.h::wyz_stop_sound::0::99:51
SILENCIO_ENVOLVENTE             = $5C88 ; addr, local, , mk1_c, code_compiler, wyz_player.h::wyz_stop_sound::0::99:51
REG_NOTA_A                      = $5E43 ; addr, local, , mk1_c, code_compiler, wyz_player.h::wyz_stop_sound::0::99:51
NOTA                            = $5D95 ; addr, local, , mk1_c, code_compiler, wyz_player.h::wyz_stop_sound::0::99:51
LEJP0                           = $5CC5 ; addr, local, , mk1_c, code_compiler, wyz_player.h::wyz_stop_sound::0::99:51
NO_FIN_CANAL_P                  = $5CEE ; addr, local, , mk1_c, code_compiler, wyz_player.h::wyz_stop_sound::0::99:51
FIN_CANAL_P                     = $5CE6 ; addr, local, , mk1_c, code_compiler, wyz_player.h::wyz_stop_sound::0::99:51
FIN_NOTA_P                      = $5CCE ; addr, local, , mk1_c, code_compiler, wyz_player.h::wyz_stop_sound::0::99:51
PCAJP4                          = $5D01 ; addr, local, , mk1_c, code_compiler, wyz_player.h::wyz_stop_sound::0::99:51
PCAJP0                          = $5D15 ; addr, local, , mk1_c, code_compiler, wyz_player.h::wyz_stop_sound::0::99:51
PCAJP1                          = $5D2C ; addr, local, , mk1_c, code_compiler, wyz_player.h::wyz_stop_sound::0::99:51
PCAJP2                          = $5D41 ; addr, local, , mk1_c, code_compiler, wyz_player.h::wyz_stop_sound::0::99:51
PCAJP6                          = $5D73 ; addr, local, , mk1_c, code_compiler, wyz_player.h::wyz_stop_sound::0::99:51
ORNMJP1                         = $5D7F ; addr, local, , mk1_c, code_compiler, wyz_player.h::wyz_stop_sound::0::99:51
ORNNEG                          = $5D61 ; addr, local, , mk1_c, code_compiler, wyz_player.h::wyz_stop_sound::0::99:51
PCAJP3                          = $5D63 ; addr, local, , mk1_c, code_compiler, wyz_player.h::wyz_stop_sound::0::99:51
TABLA_NOTAS                     = $5D9D ; addr, local, , mk1_c, code_compiler, wyz_player.h::wyz_stop_sound::0::99:51
PCAJP5                          = $5D87 ; addr, local, , mk1_c, code_compiler, wyz_player.h::wyz_stop_sound::0::99:51
PCAJP7                          = $5D91 ; addr, local, , mk1_c, code_compiler, wyz_player.h::wyz_stop_sound::0::99:51
EVOLVENTES                      = $5DAA ; addr, local, , mk1_c, code_compiler, wyz_player.h::wyz_stop_sound::0::99:51
DATOS_NOTAS                     = $5E8A ; addr, local, , mk1_c, code_compiler, wyz_player.h::wyz_stop_sound::0::99:51
FRECUENCIA_OFF                  = $5DC4 ; addr, local, , mk1_c, code_compiler, wyz_player.h::wyz_stop_sound::0::99:51
CONT_ENV                        = $5DCD ; addr, local, , mk1_c, code_compiler, wyz_player.h::wyz_stop_sound::0::99:51
CRTBC0                          = $5DD7 ; addr, local, , mk1_c, code_compiler, wyz_player.h::wyz_stop_sound::0::99:51
SELECT_CANAL_A                  = $5E04 ; addr, local, , mk1_c, code_compiler, wyz_player.h::wyz_stop_sound::0::99:51
SELECT_CANAL_B                  = $5E0B ; addr, local, , mk1_c, code_compiler, wyz_player.h::wyz_stop_sound::0::99:51
SELECT_CANAL_C                  = $5E12 ; addr, local, , mk1_c, code_compiler, wyz_player.h::wyz_stop_sound::0::99:51
PUNTERO_P_B0                    = $5E31 ; addr, local, , mk1_c, code_compiler, wyz_player.h::wyz_stop_sound::0::99:51
PUNTERO_P_C0                    = $5E33 ; addr, local, , mk1_c, code_compiler, wyz_player.h::wyz_stop_sound::0::99:51
REG_NOTA_B                      = $5E45 ; addr, local, , mk1_c, code_compiler, wyz_player.h::wyz_stop_sound::0::99:51
VOL_INST_B                      = $5E46 ; addr, local, , mk1_c, code_compiler, wyz_player.h::wyz_stop_sound::0::99:51
REG_NOTA_C                      = $5E47 ; addr, local, , mk1_c, code_compiler, wyz_player.h::wyz_stop_sound::0::99:51
VOL_INST_C                      = $5E48 ; addr, local, , mk1_c, code_compiler, wyz_player.h::wyz_stop_sound::0::99:51
SFX_L                           = $5E59 ; addr, local, , mk1_c, code_compiler, wyz_player.h::wyz_stop_sound::0::99:51
SFX_H                           = $5E5B ; addr, local, , mk1_c, code_compiler, wyz_player.h::wyz_stop_sound::0::99:51
SFX_V                           = $5E5D ; addr, local, , mk1_c, code_compiler, wyz_player.h::wyz_stop_sound::0::99:51
SFX_MIX                         = $5E5F ; addr, local, , mk1_c, code_compiler, wyz_player.h::wyz_stop_sound::0::99:51
N_SONIDO                        = $5E61 ; addr, local, , mk1_c, code_compiler, wyz_player.h::wyz_stop_sound::0::99:51
i_148                           = $5F42 ; addr, local, , mk1_c, code_compiler, my/title_screen.h::title_screen::0::99:6
i_150                           = $5F5A ; addr, local, , mk1_c, code_compiler, my/title_screen.h::title_screen::0::99:6
i_149                           = $5F73 ; addr, local, , mk1_c, code_compiler, my/title_screen.h::title_screen::0::99:6
i_151                           = $5F42 ; addr, local, , mk1_c, code_compiler, my/title_screen.h::title_screen::0::99:6
_copy_keys_to_extern            = $5F76 ; addr, local, , mk1_c, code_compiler, my/title_screen.h::title_screen::0::99:6
i_152                           = $5FB0 ; addr, local, , mk1_c, code_compiler, mainloop/hud.h::draw_hud::0::103:6
_isr                            = $5FD0 ; addr, local, , mk1_c, code_compiler, mainloop.h::main::0::106:7
isr_done                        = $6000 ; addr, local, , mk1_c, code_compiler, mainloop.h::main::0::106:7
isr_c1                          = $5FFE ; addr, local, , mk1_c, code_compiler, mainloop.h::main::0::106:7
_skip_player                    = $5FF8 ; addr, local, , mk1_c, code_compiler, mainloop.h::main::0::106:7
isr_c2                          = $5FFF ; addr, local, , mk1_c, code_compiler, mainloop.h::main::0::106:7
i_155                           = $6095 ; addr, local, , mk1_c, code_compiler, mainloop.h::main::0::106:7
i_153                           = $6090 ; addr, local, , mk1_c, code_compiler, mainloop.h::main::0::106:7
i_154                           = $60D4 ; addr, local, , mk1_c, code_compiler, mainloop.h::main::0::106:7
i_158                           = $60E2 ; addr, local, , mk1_c, code_compiler, mainloop.h::main::0::106:7
i_156                           = $60DB ; addr, local, , mk1_c, code_compiler, mainloop.h::main::0::106:7
i_157                           = $6122 ; addr, local, , mk1_c, code_compiler, mainloop.h::main::0::106:7
_spr_on                         = $E648 ; const, local, , mk1_c, code_compiler, mk1.c::main::0::127:118
i_159                           = $6123 ; addr, local, , mk1_c, code_compiler, mainloop.h::main::1::109:178
_game_loop_init                 = $6140 ; addr, local, , mk1_c, code_compiler, mainloop/game_loop.h::main::3::111:0
i_161                           = $6188 ; addr, local, , mk1_c, code_compiler, mainloop/game_loop.h::main::3::111:54
i_162                           = $632B ; addr, local, , mk1_c, code_compiler, mainloop/game_loop.h::main::4::125:340
_game_loop_do                   = $6190 ; addr, local, , mk1_c, code_compiler, mainloop/game_loop.h::main::3::111:54
i_163                           = $61B1 ; addr, local, , mk1_c, code_compiler, mainloop/game_loop.h::main::5::113:108
i_164                           = $61E4 ; addr, local, , mk1_c, code_compiler, mainloop/game_loop.h::main::5::113:108
i_165                           = $61E4 ; addr, local, , mk1_c, code_compiler, mainloop/game_loop.h::main::5::113:108
i_166                           = $61E4 ; addr, local, , mk1_c, code_compiler, mainloop/game_loop.h::main::5::113:108
i_167                           = $6211 ; addr, local, , mk1_c, code_compiler, mainloop/game_loop.h::main::5::113:108
i_168                           = $622C ; addr, local, , mk1_c, code_compiler, mainloop/game_loop.h::main::5::113:108
i_169                           = $622C ; addr, local, , mk1_c, code_compiler, mainloop/game_loop.h::main::5::113:108
i_170                           = $6251 ; addr, local, , mk1_c, code_compiler, ./mainloop/flick_screen.h::main::4::119:0
i_171                           = $624A ; addr, local, , mk1_c, code_compiler, mainloop/game_loop.h::main::6::119:239
i_172                           = $6251 ; addr, local, , mk1_c, code_compiler, mainloop/game_loop.h::main::6::119:239
i_174                           = $6272 ; addr, local, , mk1_c, code_compiler, ./mainloop/flick_screen.h::main::4::119:0
i_173                           = $6272 ; addr, local, , mk1_c, code_compiler, ./mainloop/flick_screen.h::main::4::119:0
i_175_i_174                     = $6260 ; addr, local, , mk1_c, code_compiler, ./mainloop/flick_screen.h::main::4::119:0
i_177                           = $629A ; addr, local, , mk1_c, code_compiler, ./mainloop/flick_screen.h::main::4::119:0
i_176                           = $629A ; addr, local, , mk1_c, code_compiler, ./mainloop/flick_screen.h::main::4::119:0
i_178_i_177                     = $6287 ; addr, local, , mk1_c, code_compiler, ./mainloop/flick_screen.h::main::4::119:0
i_180                           = $62C7 ; addr, local, , mk1_c, code_compiler, ./mainloop/flick_screen.h::main::4::119:0
i_179                           = $62C7 ; addr, local, , mk1_c, code_compiler, ./mainloop/flick_screen.h::main::4::119:0
i_181_i_180                     = $62B5 ; addr, local, , mk1_c, code_compiler, ./mainloop/flick_screen.h::main::4::119:0
i_183                           = $630C ; addr, local, , mk1_c, code_compiler, ./mainloop/flick_screen.h::main::4::119:0
i_182                           = $630C ; addr, local, , mk1_c, code_compiler, mainloop/game_loop.h::main::4::124:303
i_184_i_183                     = $62E0 ; addr, local, , mk1_c, code_compiler, ./mainloop/flick_screen.h::main::4::119:0
i_185                           = $630C ; addr, local, , mk1_c, code_compiler, ./mainloop/flick_screen.h::main::4::119:0
i_186                           = $630C ; addr, local, , mk1_c, code_compiler, ./mainloop/flick_screen.h::main::4::119:0
i_188                           = $631C ; addr, local, , mk1_c, code_compiler, mainloop/game_loop.h::main::4::124:303
i_187                           = $6188 ; addr, local, , mk1_c, code_compiler, mainloop/game_loop.h::main::4::125:340
i_190                           = $633C ; addr, local, , mk1_c, code_compiler, mainloop.h::main::3::125:239
i_191                           = $633F ; addr, local, , mk1_c, code_compiler, mainloop.h::main::4::127:277
i_160                           = $634D ; addr, local, , mk1_c, code_compiler, mainloop.h::main::2::127:284
soloCopia                       = $0593 ; addr, local, , cpc_ShowTileMap, , cpc_ShowTileMap.asm:37
contador_tiles                  = $05E5 ; addr, local, , cpc_ShowTileMap, , cpc_ShowTileMap.asm:109
contador_tiles2                 = $05E6 ; addr, local, , cpc_ShowTileMap, , cpc_ShowTileMap.asm:111
transferir_pantalla_a_superbuffer = $05A0 ; addr, local, , cpc_ShowTileMap, , cpc_ShowTileMap.asm:50
cpc_PutSp                       = $05FC ; addr, local, , cpc_ShowTileMap, , cpc_ShowTileMap.asm:142
bucle_dibujado_fondo            = $05A7 ; addr, local, , cpc_ShowTileMap, , cpc_ShowTileMap.asm:57
transferir_map_sbuffer          = $05E8 ; addr, local, , cpc_ShowTileMap, , cpc_ShowTileMap.asm:114
incremento2                     = $05D8 ; addr, local, , cpc_ShowTileMap, , cpc_ShowTileMap.asm:100
loop_alto_map_sbuffer           = $05EE ; addr, local, , cpc_ShowTileMap, , cpc_ShowTileMap.asm:120
loop_ancho_map_sbuffer          = $05EE ; addr, local, , cpc_ShowTileMap, , cpc_ShowTileMap.asm:121
loop_alto_2                     = $05FE ; addr, local, , cpc_ShowTileMap, , cpc_ShowTileMap.asm:147
sig_linea_2                     = $0615 ; addr, local, , cpc_ShowTileMap, , cpc_ShowTileMap.asm:184
PASARPORDETRAS                  = $0001 ; const, local, , cpc_UpdScr, , CPCconfig.def:8
_tiles_tocados_ptr              = $064A ; addr, local, , cpc_UpdScr, , cpc_UpdScr.asm:56
main_loop                       = $0635 ; addr, local, , cpc_UpdScr, , cpc_UpdScr.asm:38
process_touched_byte            = $064C ; addr, local, , cpc_UpdScr, , cpc_UpdScr.asm:59
bit0_skip                       = $065D ; addr, local, , cpc_UpdScr, , cpc_UpdScr.asm:71
ucopyTile                       = $06A7 ; addr, local, , cpc_UpdScr, , cpc_UpdScr.asm:134
bit1_skip                       = $0667 ; addr, local, , cpc_UpdScr, , cpc_UpdScr.asm:79
bit2_skip                       = $0671 ; addr, local, , cpc_UpdScr, , cpc_UpdScr.asm:87
bit3_skip                       = $067B ; addr, local, , cpc_UpdScr, , cpc_UpdScr.asm:95
bit4_skip                       = $0685 ; addr, local, , cpc_UpdScr, , cpc_UpdScr.asm:103
bit5_skip                       = $068F ; addr, local, , cpc_UpdScr, , cpc_UpdScr.asm:111
bit6_skip                       = $0699 ; addr, local, , cpc_UpdScr, , cpc_UpdScr.asm:119
bit7_skip                       = $06A3 ; addr, local, , cpc_UpdScr, , cpc_UpdScr.asm:127
skeep                           = $0700 ; addr, local, , cpc_UpdScr, , cpc_UpdScr.asm:242
transferir_map_sbuffer_grey     = $06C3 ; addr, local, , cpc_UpdScr, , cpc_UpdScr.asm:169
PASARPORDETRAS                  = $0001 ; const, local, , cpc_ShowTouchedTiles, , CPCconfig.def:8
bucle_cpc_ShowTouchedTiles      = $0710 ; addr, local, , cpc_ShowTouchedTiles, , cpc_ShowTouchedTiles.asm:46
process                         = $0721 ; addr, local, , cpc_ShowTouchedTiles, , cpc_ShowTouchedTiles.asm:65
skipall                         = $074D ; addr, local, , cpc_ShowTouchedTiles, , cpc_ShowTouchedTiles.asm:99
checkbit                        = $0759 ; addr, local, , cpc_ShowTouchedTiles, , cpc_ShowTouchedTiles.asm:113
noincd                          = $0755 ; addr, local, , cpc_ShowTouchedTiles, , cpc_ShowTouchedTiles.asm:107
checkbit_done                   = $0810 ; addr, local, , cpc_ShowTouchedTiles, , cpc_ShowTouchedTiles.asm:373
copyTile                        = $075C ; addr, local, , cpc_ShowTouchedTiles, , cpc_ShowTouchedTiles.asm:116
posicionar_superbuffer          = $075E ; addr, local, , cpc_ShowTouchedTiles, , cpc_ShowTouchedTiles.asm:122
posicionar_pantalla             = $0767 ; addr, local, , cpc_ShowTouchedTiles, , cpc_ShowTouchedTiles.asm:135
transf_bloque_sb_pantalla       = $0775 ; addr, local, , cpc_ShowTouchedTiles, , cpc_ShowTouchedTiles.asm:151
copycell                        = $07D2 ; addr, local, , cpc_ShowTouchedTiles, , cpc_ShowTouchedTiles.asm:275
copybgtile                      = $0786 ; addr, local, , cpc_ShowTouchedTiles, , cpc_ShowTouchedTiles.asm:168
copycell_done                   = $080E ; addr, local, , cpc_ShowTouchedTiles, , cpc_ShowTouchedTiles.asm:368
do_update                       = $082E ; addr, local, , cpc_PutSpTileMap4x8, , cpc_PutSpTileMap4x8.asm:49
origin_next_row                 = $084E ; addr, local, , cpc_PutSpTileMap4x8, , cpc_PutSpTileMap4x8.asm:79
fin                             = $0860 ; addr, local, , cpc_PutSpTileMap4x8, , cpc_PutSpTileMap4x8.asm:96
do_update                       = $087B ; addr, local, , cpc_PutSpTileMap8x16Px, , cpc_PutSpTileMap8x16Px.asm:50
origin_next_row                 = $08A0 ; addr, local, , cpc_PutSpTileMap8x16Px, , cpc_PutSpTileMap8x16Px.asm:85
origin_last_row                 = $08B3 ; addr, local, , cpc_PutSpTileMap8x16Px, , cpc_PutSpTileMap8x16Px.asm:105
fin                             = $08CA ; addr, local, , cpc_PutSpTileMap8x16Px, , cpc_PutSpTileMap8x16Px.asm:130
pulsado                         = $08E2 ; addr, local, , cpc_TestKey, , cpc_TestKey.asm:34
bucle_deteccion_tecla           = $090B ; addr, local, , cpc_AnyKeyPressed, , cpc_AnyKeyPressed.asm:13
tecla_pulsada                   = $091E ; addr, local, , cpc_AnyKeyPressed, , cpc_AnyKeyPressed.asm:25
CHURRERA_CLIPPING               = $0001 ; const, local, , cpc_UpdTileTable, , CPCconfig.def:16
pasa_bloque_a_sbuffer           = $0978 ; addr, local, , cpc_PutTrSp4x8TileMap2b, , cpc_PutTrSp4x8TileMap2b.asm:30
transferir_sprite               = $0978 ; addr, local, , cpc_PutTrSp4x8TileMap2b, , cpc_PutTrSp4x8TileMap2b.asm:32
sp_buffer_mask                  = $098F ; addr, local, , cpc_PutTrSp4x8TileMap2b, , cpc_PutTrSp4x8TileMap2b.asm:52
loop_alto_map_sbuffer           = $0995 ; addr, local, , cpc_PutTrSp4x8TileMap2b, , cpc_PutTrSp4x8TileMap2b.asm:58
pasa_bloque_a_sbuffer           = $09C0 ; addr, local, , cpc_PutTrSp8x16TileMap2bPx, , cpc_PutTrSp8x16TileMap2bPx.asm:33
transferir_sprite               = $09C0 ; addr, local, , cpc_PutTrSp8x16TileMap2bPx, , cpc_PutTrSp8x16TileMap2bPx.asm:35
sp_buffer_mask                  = $09D7 ; addr, local, , cpc_PutTrSp8x16TileMap2bPx, , cpc_PutTrSp8x16TileMap2bPx.asm:55
loop_alto_map_sbuffer_shifted   = $0A0E ; addr, local, , cpc_PutTrSp8x16TileMap2bPx, , cpc_PutTrSp8x16TileMap2bPx.asm:119
loop_alto_map_sbuffer           = $09E1 ; addr, local, , cpc_PutTrSp8x16TileMap2bPx, , cpc_PutTrSp8x16TileMap2bPx.asm:65
keymap0                         = $0A8C ; addr, local, , cpc_KeysData, , cpc_KeysData.asm:16
tecla_0                         = $0A96 ; addr, local, , cpc_KeysData, , cpc_KeysData.asm:18
tabla_teclas0                   = $0A98 ; addr, local, , cpc_KeysData, , cpc_KeysData.asm:20
noinc                           = $0ABE ; addr, local, , cpc_TblLookup, , cpc_TblLookup.asm:17
cpc_InvalidateRect_P            = $0AC8 ; addr, local, , cpc_InvalidateRect, , cpc_InvalidateRect.asm:42
noinc1                          = $0AEE ; addr, local, , cpc_InvalidateRect, , cpc_InvalidateRect.asm:86
invcollp                        = $0AF2 ; addr, local, , cpc_InvalidateRect, , cpc_InvalidateRect.asm:92
invfullchar                     = $0B05 ; addr, local, , cpc_InvalidateRect, , cpc_InvalidateRect.asm:109
noinc2                          = $0B01 ; addr, local, , cpc_InvalidateRect, , cpc_InvalidateRect.asm:103
invrowlp                        = $0B07 ; addr, local, , cpc_InvalidateRect, , cpc_InvalidateRect.asm:113
noinc3                          = $0B12 ; addr, local, , cpc_InvalidateRect, , cpc_InvalidateRect.asm:124
__CLIB_OPT_IMATH                = $0000 ; const, local, , l_divu_16_16x16, , ../config_private.inc:27
divide_zero                     = $64D5 ; addr, local, , l_small_divu_16_16x16, code_math, ../_DEVELOPMENT/math/integer/small/l_small_divu_16_16x16.asm:141
divisor_sixteen_bit             = $64A7 ; addr, local, , l_small_divu_16_16x16, code_math, ../_DEVELOPMENT/math/integer/small/l_small_divu_16_16x16.asm:50
loop_16_0                       = $64AD ; addr, local, , l_small_divu_16_16x16, code_math, ../_DEVELOPMENT/math/integer/small/l_small_divu_16_16x16.asm:60
loop_16_1                       = $64B5 ; addr, local, , l_small_divu_16_16x16, code_math, ../_DEVELOPMENT/math/integer/small/l_small_divu_16_16x16.asm:69
loop_8_0                        = $64C7 ; addr, local, , l_small_divu_16_16x16, code_math, ../_DEVELOPMENT/math/integer/small/l_small_divu_16_16x16.asm:118
loop_8_2                        = $64CE ; addr, local, , l_small_divu_16_16x16, code_math, ../_DEVELOPMENT/math/integer/small/l_small_divu_16_16x16.asm:127
loop_8_1                        = $64D0 ; addr, local, , l_small_divu_16_16x16, code_math, ../_DEVELOPMENT/math/integer/small/l_small_divu_16_16x16.asm:132
l_sxt                           = $643E ; addr, local, , l_gchar, code_crt0_sccz80, sccz80/crt0_z80/l_gchar.asm:12
__CLIB_OPT_IMATH                = $0000 ; const, local, , l_mulu_16_16x16, , ../config_private.inc:27
eight_bit_1                     = $64E8 ; addr, local, , l_small_mul_16_16x16, code_math, ../_DEVELOPMENT/math/integer/small/l_small_mul_16_16x16.asm:40
eight_bit_0                     = $64E7 ; addr, local, , l_small_mul_16_16x16, code_math, ../_DEVELOPMENT/math/integer/small/l_small_mul_16_16x16.asm:36
rejoin                          = $64EB ; addr, local, , l_small_mul_16_16x16, code_math, ../_DEVELOPMENT/math/integer/small/l_small_mul_16_16x16.asm:57
loop_0                          = $64EE ; addr, local, , l_small_mul_16_16x16, code_math, ../_DEVELOPMENT/math/integer/small/l_small_mul_16_16x16.asm:61
loop_1                          = $64F5 ; addr, local, , l_small_mul_16_16x16, code_math, ../_DEVELOPMENT/math/integer/small/l_small_mul_16_16x16.asm:75
TileMapConf                     = $0406 ; addr, public, , tilemap_conf_asm, , tilemap_conf.asm:75
_nametable                      = $0100 ; const, public, , tilemap_conf_asm, , tilemap_conf.asm:60
pantalla_juego                  = $0100 ; const, public, , tilemap_conf_asm, , tilemap_conf.asm:61
tiles_tocados                   = $CE00 ; const, public, , tilemap_conf_asm, , tilemap_conf.asm:58
posiciones_pantalla             = $0406 ; addr, public, , tilemap_conf_asm, , tilemap_conf.asm:77
posiciones_super_buffer         = $0436 ; addr, public, , tilemap_conf_asm, , tilemap_conf.asm:106
posicion_inicial_area_visible   = $C000 ; const, public, , tilemap_conf_asm, , tilemap_conf.asm:63
posicion_inicial_superbuffer    = $9000 ; const, public, , tilemap_conf_asm, , tilemap_conf.asm:64
ancho_pantalla_bytes            = $0040 ; const, public, , tilemap_conf_asm, , tilemap_conf.asm:69
alto_pantalla_bytes             = $00C0 ; const, public, , tilemap_conf_asm, , tilemap_conf.asm:70
ancho_pantalla_bytes_visible    = $0040 ; const, public, , tilemap_conf_asm, , tilemap_conf.asm:71
mascara1                        = $0000 ; const, public, , tilemap_conf_asm, , tilemap_conf.asm:53
mascara2                        = $0000 ; const, public, , tilemap_conf_asm, , tilemap_conf.asm:54
behindtilemasks                 = $0466 ; addr, public, , tilemap_conf_asm, , tilemap_conf.asm:139
viewport_x                      = $0001 ; const, public, , mk1_c, code_compiler, autodefs.h:8
viewport_y                      = $0002 ; const, public, , mk1_c, code_compiler, autodefs.h:8
tiles                           = $301A ; addr, public, , mk1_c, code_compiler, assets/tileset.h::show_buffer_and_tiles::0::3:5
_def_keys                       = $0566 ; addr, public, , mk1_c, , my/config.h:256
_behs                           = $0B30 ; addr, public, , mk1_c, data_compiler, my/config.h:383
_enems_init                     = $5128 ; addr, public, , mk1_c, code_compiler, engine/enengine.h::enems_init::0::71:66
_enems_load                     = $5172 ; addr, public, , mk1_c, code_compiler, engine/enengine.h::enems_load::0::73:79
_enems_kill                     = $5343 ; addr, public, , mk1_c, code_compiler, engine/enengine.h::enems_kill::0::80:235
_enems_move                     = $5354 ; addr, public, , mk1_c, code_compiler, engine/enengine.h::enems_move::0::81:265
_collide                        = $4774 ; addr, public, , mk1_c, code_compiler, engine/general.h::collide::0::21:14
_cm_two_points                  = $47A6 ; addr, public, , mk1_c, code_compiler, engine/general.h::cm_two_points::0::22:63
_rand                           = $4803 ; addr, public, , mk1_c, code_compiler, engine/general.h::rand::0::23:138
_abs                            = $482C ; addr, public, , mk1_c, code_compiler, engine/general.h::abs::0::24:182
_hotspots_init                  = $5606 ; addr, public, , mk1_c, code_compiler, engine/hotspots.h::hotspots_init::0::90:7
_hotspots_do                    = $5615 ; addr, public, , mk1_c, code_compiler, engine/hotspots.h::hotspots_do::0::91:30
_player_init                    = $4AC5 ; addr, public, , mk1_c, code_compiler, engine/player.h::player_init::0::35:13
_player_calc_bounding_box       = $4B30 ; addr, public, , mk1_c, code_compiler, engine/player.h::player_calc_bounding_box::0::36:73
_player_move                    = $4B7F ; addr, public, , mk1_c, code_compiler, engine/player.h::player_move::0::37:247
_player_deplete                 = $50CE ; addr, public, , mk1_c, code_compiler, engine/player.h::player_deplete::0::69:1488
_player_kill                    = $50F9 ; addr, public, , mk1_c, code_compiler, engine/player.h::player_kill::0::70:1492
_draw_hud                       = $5F82 ; addr, public, , mk1_c, code_compiler, mainloop/hud.h::draw_hud::0::103:6
_unpack                         = $2326 ; addr, public, , mk1_c, code_compiler, aplib.h::unpack::0::0:155
_game_ending                    = $4843 ; addr, public, , mk1_c, code_compiler, my/fixed_screens.h::game_ending::0::25:4
_game_over                      = $486B ; addr, public, , mk1_c, code_compiler, my/fixed_screens.h::game_over::0::26:19
_addsign                        = $48B5 ; addr, public, , mk1_c, code_compiler, engine.h::addsign::0::27:20
_espera_activa                  = $48CF ; addr, public, , mk1_c, code_compiler, engine.h::espera_activa::0::28:28
_draw_scr_background            = $48F0 ; addr, public, , mk1_c, code_compiler, engine.h::draw_scr_background::0::30:352
_draw_scr                       = $4972 ; addr, public, , mk1_c, code_compiler, engine.h::draw_scr::0::32:525
_mons_col_sc_x                  = $49F9 ; addr, public, , mk1_c, code_compiler, engine.h::mons_col_sc_x::0::33:768
_mons_col_sc_y                  = $4A67 ; addr, public, , mk1_c, code_compiler, engine.h::mons_col_sc_y::0::34:849
_blackout                       = $2FEE ; addr, public, , mk1_c, code_compiler, pantallas.h::blackout::0::1:32
_attr                           = $4501 ; addr, public, , mk1_c, code_compiler, printer.h::attr::0::3:6
_qtile                          = $4531 ; addr, public, , mk1_c, code_compiler, printer.h::qtile::0::4:61
_draw_coloured_tile             = $4567 ; addr, public, , mk1_c, code_compiler, printer.h::draw_coloured_tile::0::6:167
_invalidate_tile                = $4582 ; addr, public, , mk1_c, code_compiler, printer.h::invalidate_tile::0::7:450
_invalidate_viewport            = $459B ; addr, public, , mk1_c, code_compiler, printer.h::invalidate_viewport::0::8:470
_draw_invalidate_coloured_tile_gamearea = $45A7 ; addr, public, , mk1_c, code_compiler, printer.h::draw_invalidate_coloured_tile_gamearea::0::9:482
_draw_coloured_tile_gamearea    = $45AE ; addr, public, , mk1_c, code_compiler, printer.h::draw_coloured_tile_gamearea::0::10:487
_draw_decorations               = $45CB ; addr, public, , mk1_c, code_compiler, printer.h::draw_decorations::0::11:491
_update_tile                    = $45FE ; addr, public, , mk1_c, code_compiler, printer.h::update_tile::0::12:536
_print_number2                  = $462F ; addr, public, , mk1_c, code_compiler, printer.h::print_number2::0::13:578
_print_str                      = $4676 ; addr, public, , mk1_c, code_compiler, printer.h::print_str::0::14:663
_clear_sprites                  = $46A5 ; addr, public, , mk1_c, code_compiler, printer.h::clear_sprites::0::15:717
_cpc_UpdateNow                  = $4701 ; addr, public, , mk1_c, code_compiler, engine/update.h::cpc_UpdateNow::0::18:9
_wyz_init                       = $5865 ; addr, public, , mk1_c, code_compiler, wyz_player.h::wyz_init::0::95:9
_wyz_play_music                 = $5870 ; addr, public, , mk1_c, code_compiler, wyz_player.h::wyz_play_music::0::96:18
_wyz_play_sound                 = $5898 ; addr, public, , mk1_c, code_compiler, wyz_player.h::wyz_play_sound::0::97:30
_wyz_stop_sound                 = $58A1 ; addr, public, , mk1_c, code_compiler, wyz_player.h::wyz_stop_sound::0::98:41
_pad0                           = $6378 ; addr, public, , mk1_c, bss_compiler, mk1.c::main::0::127:118
_enoffs                         = $6379 ; addr, public, , mk1_c, bss_compiler, mk1.c::main::0::127:118
_asm_number                     = $637B ; addr, public, , mk1_c, bss_compiler, mk1.c::main::0::127:118
_asm_int                        = $637C ; addr, public, , mk1_c, bss_compiler, mk1.c::main::0::127:118
_asm_int_2                      = $637E ; addr, public, , mk1_c, bss_compiler, mk1.c::main::0::127:118
_seed                           = $6380 ; addr, public, , mk1_c, bss_compiler, mk1.c::main::0::127:118
_half_life                      = $6382 ; addr, public, , mk1_c, bss_compiler, mk1.c::main::0::127:118
_p_x                            = $6383 ; addr, public, , mk1_c, bss_compiler, mk1.c::main::0::127:118
_p_y                            = $6385 ; addr, public, , mk1_c, bss_compiler, mk1.c::main::0::127:118
_p_vx                           = $6387 ; addr, public, , mk1_c, bss_compiler, mk1.c::main::0::127:118
_p_vy                           = $6389 ; addr, public, , mk1_c, bss_compiler, mk1.c::main::0::127:118
_p_saltando                     = $638B ; addr, public, , mk1_c, bss_compiler, mk1.c::main::0::127:118
_p_cont_salto                   = $638C ; addr, public, , mk1_c, bss_compiler, mk1.c::main::0::127:118
_p_frame                        = $638D ; addr, public, , mk1_c, bss_compiler, mk1.c::main::0::127:118
_p_subframe                     = $638E ; addr, public, , mk1_c, bss_compiler, mk1.c::main::0::127:118
_p_facing                       = $638F ; addr, public, , mk1_c, bss_compiler, mk1.c::main::0::127:118
_p_estado                       = $6390 ; addr, public, , mk1_c, bss_compiler, mk1.c::main::0::127:118
_p_ct_estado                    = $6391 ; addr, public, , mk1_c, bss_compiler, mk1.c::main::0::127:118
_p_gotten                       = $6392 ; addr, public, , mk1_c, bss_compiler, mk1.c::main::0::127:118
_pregotten                      = $6393 ; addr, public, , mk1_c, bss_compiler, mk1.c::main::0::127:118
_p_life                         = $6394 ; addr, public, , mk1_c, bss_compiler, mk1.c::main::0::127:118
_p_objs                         = $6395 ; addr, public, , mk1_c, bss_compiler, mk1.c::main::0::127:118
_p_keys                         = $6396 ; addr, public, , mk1_c, bss_compiler, mk1.c::main::0::127:118
_p_fuel                         = $6397 ; addr, public, , mk1_c, bss_compiler, mk1.c::main::0::127:118
_p_killed                       = $6398 ; addr, public, , mk1_c, bss_compiler, mk1.c::main::0::127:118
_p_disparando                   = $6399 ; addr, public, , mk1_c, bss_compiler, mk1.c::main::0::127:118
_p_facing_v                     = $639A ; addr, public, , mk1_c, bss_compiler, mk1.c::main::0::127:118
_p_facing_h                     = $639B ; addr, public, , mk1_c, bss_compiler, mk1.c::main::0::127:118
_p_ammo                         = $639C ; addr, public, , mk1_c, bss_compiler, mk1.c::main::0::127:118
_p_killme                       = $639D ; addr, public, , mk1_c, bss_compiler, mk1.c::main::0::127:118
_p_kill_amt                     = $639E ; addr, public, , mk1_c, bss_compiler, mk1.c::main::0::127:118
_p_tx                           = $639F ; addr, public, , mk1_c, bss_compiler, mk1.c::main::0::127:118
_p_ty                           = $63A0 ; addr, public, , mk1_c, bss_compiler, mk1.c::main::0::127:118
_ptgmx                          = $63A1 ; addr, public, , mk1_c, bss_compiler, mk1.c::main::0::127:118
_ptgmy                          = $63A3 ; addr, public, , mk1_c, bss_compiler, mk1.c::main::0::127:118
_spacer                         = $0B60 ; addr, public, , mk1_c, data_compiler, definitions.h:127
_enit                           = $63A5 ; addr, public, , mk1_c, bss_compiler, mk1.c::main::0::127:118
_enspit                         = $63A6 ; addr, public, , mk1_c, bss_compiler, mk1.c::main::0::127:118
__en_x                          = $63A7 ; addr, public, , mk1_c, bss_compiler, mk1.c::main::0::127:118
__en_y                          = $63A8 ; addr, public, , mk1_c, bss_compiler, mk1.c::main::0::127:118
__en_x1                         = $63A9 ; addr, public, , mk1_c, bss_compiler, mk1.c::main::0::127:118
__en_y1                         = $63AA ; addr, public, , mk1_c, bss_compiler, mk1.c::main::0::127:118
__en_x2                         = $63AB ; addr, public, , mk1_c, bss_compiler, mk1.c::main::0::127:118
__en_y2                         = $63AC ; addr, public, , mk1_c, bss_compiler, mk1.c::main::0::127:118
__en_mx                         = $63AD ; addr, public, , mk1_c, bss_compiler, mk1.c::main::0::127:118
__en_my                         = $63AE ; addr, public, , mk1_c, bss_compiler, mk1.c::main::0::127:118
__en_t                          = $63AF ; addr, public, , mk1_c, bss_compiler, mk1.c::main::0::127:118
__en_life                       = $63B0 ; addr, public, , mk1_c, bss_compiler, mk1.c::main::0::127:118
__baddies_pointer               = $63B1 ; addr, public, , mk1_c, bss_compiler, mk1.c::main::0::127:118
_hotspot_x                      = $63B3 ; addr, public, , mk1_c, bss_compiler, mk1.c::main::0::127:118
_hotspot_y                      = $63B4 ; addr, public, , mk1_c, bss_compiler, mk1.c::main::0::127:118
_hotspot_destroy                = $63B5 ; addr, public, , mk1_c, bss_compiler, mk1.c::main::0::127:118
_orig_tile                      = $63B6 ; addr, public, , mk1_c, bss_compiler, mk1.c::main::0::127:118
_flags                          = $63B7 ; addr, public, , mk1_c, bss_compiler, mk1.c::main::0::127:118
_o_pant                         = $63D8 ; addr, public, , mk1_c, bss_compiler, mk1.c::main::0::127:118
_n_pant                         = $63D9 ; addr, public, , mk1_c, bss_compiler, mk1.c::main::0::127:118
_is_rendering                   = $63DA ; addr, public, , mk1_c, bss_compiler, mk1.c::main::0::127:118
_level                          = $63DB ; addr, public, , mk1_c, bss_compiler, mk1.c::main::0::127:118
_slevel                         = $63DC ; addr, public, , mk1_c, bss_compiler, mk1.c::main::0::127:118
_warp_to_level                  = $0B62 ; addr, public, , mk1_c, data_compiler, definitions.h:209
_maincounter                    = $63DD ; addr, public, , mk1_c, bss_compiler, mk1.c::main::0::127:118
_timer_on                       = $63DE ; addr, public, , mk1_c, bss_compiler, mk1.c::main::0::127:118
_timer_t                        = $63DF ; addr, public, , mk1_c, bss_compiler, mk1.c::main::0::127:118
_timer_frames                   = $63E0 ; addr, public, , mk1_c, bss_compiler, mk1.c::main::0::127:118
_timer_count                    = $63E1 ; addr, public, , mk1_c, bss_compiler, mk1.c::main::0::127:118
_timer_zero                     = $63E2 ; addr, public, , mk1_c, bss_compiler, mk1.c::main::0::127:118
_gpx                            = $63E3 ; addr, public, , mk1_c, bss_compiler, mk1.c::main::0::127:118
_gpox                           = $63E4 ; addr, public, , mk1_c, bss_compiler, mk1.c::main::0::127:118
_gpy                            = $63E5 ; addr, public, , mk1_c, bss_compiler, mk1.c::main::0::127:118
_gpd                            = $63E6 ; addr, public, , mk1_c, bss_compiler, mk1.c::main::0::127:118
_gpc                            = $63E7 ; addr, public, , mk1_c, bss_compiler, mk1.c::main::0::127:118
_gpt                            = $63E8 ; addr, public, , mk1_c, bss_compiler, mk1.c::main::0::127:118
_gpxx                           = $63E9 ; addr, public, , mk1_c, bss_compiler, mk1.c::main::0::127:118
_gpyy                           = $63EA ; addr, public, , mk1_c, bss_compiler, mk1.c::main::0::127:118
_gpcx                           = $63EB ; addr, public, , mk1_c, bss_compiler, mk1.c::main::0::127:118
_gpcy                           = $63EC ; addr, public, , mk1_c, bss_compiler, mk1.c::main::0::127:118
_possee                         = $63ED ; addr, public, , mk1_c, bss_compiler, mk1.c::main::0::127:118
_hit_v                          = $63EE ; addr, public, , mk1_c, bss_compiler, mk1.c::main::0::127:118
_hit_h                          = $63EF ; addr, public, , mk1_c, bss_compiler, mk1.c::main::0::127:118
_hit                            = $63F0 ; addr, public, , mk1_c, bss_compiler, mk1.c::main::0::127:118
_wall_h                         = $63F1 ; addr, public, , mk1_c, bss_compiler, mk1.c::main::0::127:118
_wall_v                         = $63F2 ; addr, public, , mk1_c, bss_compiler, mk1.c::main::0::127:118
_gpen_x                         = $63F3 ; addr, public, , mk1_c, bss_compiler, mk1.c::main::0::127:118
_gpen_y                         = $63F4 ; addr, public, , mk1_c, bss_compiler, mk1.c::main::0::127:118
_gpen_cx                        = $63F5 ; addr, public, , mk1_c, bss_compiler, mk1.c::main::0::127:118
_gpen_cy                        = $63F6 ; addr, public, , mk1_c, bss_compiler, mk1.c::main::0::127:118
_gpaux                          = $63F7 ; addr, public, , mk1_c, bss_compiler, mk1.c::main::0::127:118
_tocado                         = $63F8 ; addr, public, , mk1_c, bss_compiler, mk1.c::main::0::127:118
_active                         = $63F9 ; addr, public, , mk1_c, bss_compiler, mk1.c::main::0::127:118
_gpit                           = $63FA ; addr, public, , mk1_c, bss_compiler, mk1.c::main::0::127:118
_gpjt                           = $63FB ; addr, public, , mk1_c, bss_compiler, mk1.c::main::0::127:118
_enoffsmasi                     = $63FC ; addr, public, , mk1_c, bss_compiler, mk1.c::main::0::127:118
_gpint                          = $63FE ; addr, public, , mk1_c, bss_compiler, mk1.c::main::0::127:118
_map_pointer                    = $6400 ; addr, public, , mk1_c, bss_compiler, mk1.c::main::0::127:118
_rdx                            = $6402 ; addr, public, , mk1_c, bss_compiler, mk1.c::main::0::127:118
_rdy                            = $6403 ; addr, public, , mk1_c, bss_compiler, mk1.c::main::0::127:118
_rda                            = $6404 ; addr, public, , mk1_c, bss_compiler, mk1.c::main::0::127:118
_rdb                            = $6405 ; addr, public, , mk1_c, bss_compiler, mk1.c::main::0::127:118
_rdc                            = $6406 ; addr, public, , mk1_c, bss_compiler, mk1.c::main::0::127:118
_rdd                            = $6407 ; addr, public, , mk1_c, bss_compiler, mk1.c::main::0::127:118
_rdn                            = $6408 ; addr, public, , mk1_c, bss_compiler, mk1.c::main::0::127:118
_rdt                            = $6409 ; addr, public, , mk1_c, bss_compiler, mk1.c::main::0::127:118
_itj                            = $640A ; addr, public, , mk1_c, bss_compiler, mk1.c::main::0::127:118
_objs_old                       = $640C ; addr, public, , mk1_c, bss_compiler, mk1.c::main::0::127:118
_keys_old                       = $640D ; addr, public, , mk1_c, bss_compiler, mk1.c::main::0::127:118
_life_old                       = $640E ; addr, public, , mk1_c, bss_compiler, mk1.c::main::0::127:118
_killed_old                     = $640F ; addr, public, , mk1_c, bss_compiler, mk1.c::main::0::127:118
_gen_pt                         = $6410 ; addr, public, , mk1_c, bss_compiler, mk1.c::main::0::127:118
_playing                        = $6412 ; addr, public, , mk1_c, bss_compiler, mk1.c::main::0::127:118
_success                        = $6413 ; addr, public, , mk1_c, bss_compiler, mk1.c::main::0::127:118
__x                             = $6414 ; addr, public, , mk1_c, bss_compiler, mk1.c::main::0::127:118
__y                             = $6415 ; addr, public, , mk1_c, bss_compiler, mk1.c::main::0::127:118
__n                             = $6416 ; addr, public, , mk1_c, bss_compiler, mk1.c::main::0::127:118
__t                             = $6417 ; addr, public, , mk1_c, bss_compiler, mk1.c::main::0::127:118
_cx1                            = $6418 ; addr, public, , mk1_c, bss_compiler, mk1.c::main::0::127:118
_cy1                            = $6419 ; addr, public, , mk1_c, bss_compiler, mk1.c::main::0::127:118
_cx2                            = $641A ; addr, public, , mk1_c, bss_compiler, mk1.c::main::0::127:118
_cy2                            = $641B ; addr, public, , mk1_c, bss_compiler, mk1.c::main::0::127:118
_at1                            = $641C ; addr, public, , mk1_c, bss_compiler, mk1.c::main::0::127:118
_at2                            = $641D ; addr, public, , mk1_c, bss_compiler, mk1.c::main::0::127:118
_x0                             = $641E ; addr, public, , mk1_c, bss_compiler, mk1.c::main::0::127:118
_y0                             = $641F ; addr, public, , mk1_c, bss_compiler, mk1.c::main::0::127:118
_x1                             = $6420 ; addr, public, , mk1_c, bss_compiler, mk1.c::main::0::127:118
_y1                             = $6421 ; addr, public, , mk1_c, bss_compiler, mk1.c::main::0::127:118
_ptx1                           = $6422 ; addr, public, , mk1_c, bss_compiler, mk1.c::main::0::127:118
_pty1                           = $6423 ; addr, public, , mk1_c, bss_compiler, mk1.c::main::0::127:118
_ptx2                           = $6424 ; addr, public, , mk1_c, bss_compiler, mk1.c::main::0::127:118
_pty2                           = $6425 ; addr, public, , mk1_c, bss_compiler, mk1.c::main::0::127:118
_pty2b                          = $6426 ; addr, public, , mk1_c, bss_compiler, mk1.c::main::0::127:118
__gp_gen                        = $6427 ; addr, public, , mk1_c, bss_compiler, mk1.c::main::0::127:118
_def_keys_joy                   = $224C ; addr, public, , mk1_c, code_compiler, definitions.h:327
_isr_player_on                  = $6429 ; addr, public, , mk1_c, bss_compiler, mk1.c::main::0::127:118
_t_seconds                      = $642A ; addr, public, , mk1_c, bss_compiler, mk1.c::main::0::127:118
_is_joystick                    = $642C ; addr, public, , mk1_c, bss_compiler, mk1.c::main::0::127:118
_ram_address                    = $642D ; addr, public, , mk1_c, bss_compiler, mk1.c::main::0::127:118
_ram_destination                = $642F ; addr, public, , mk1_c, bss_compiler, mk1.c::main::0::127:118
_s_title                        = $2341 ; addr, public, , mk1_c, code_compiler, pantallas.h::unpack::0::1:13
_s_marco                        = $2AFC ; addr, public, , mk1_c, code_compiler, pantallas.h::unpack::0::1:13
_s_ending                       = $2C9D ; addr, public, , mk1_c, code_compiler, pantallas.h::unpack::0::1:25
_show_buffer_and_tiles          = $300D ; addr, public, , mk1_c, code_compiler, pantallas.h::show_buffer_and_tiles::0::2:55
_my_inks                        = $634E ; addr, public, , mk1_c, rodata_compiler, assets/pal.h::show_buffer_and_tiles::0::3:5
_mapa                           = $0B63 ; addr, public, , mk1_c, data_compiler, assets/mapa.h::show_buffer_and_tiles::0::3:5
_cerrojos                       = $6431 ; addr, public, , mk1_c, bss_compiler, mk1.c::main::0::127:118
_tileset                        = $301A ; addr, public, , mk1_c, code_compiler, assets/tileset.h::show_buffer_and_tiles::0::3:5
_malotes                        = $1E23 ; addr, public, , mk1_c, data_compiler, assets/enems.h::show_buffer_and_tiles::0::3:17
_hotspots                       = $2183 ; addr, public, , mk1_c, data_compiler, assets/enems.h::show_buffer_and_tiles::0::3:196
_sprites                        = $401A ; addr, public, , mk1_c, code_compiler, assets/sprites.h::show_buffer_and_tiles::0::3:10
_sprite_17_a                    = $441A ; addr, public, , mk1_c, code_compiler, assets/extrasprites.h::show_buffer_and_tiles::0::3:23
_sprite_18_a                    = $445A ; addr, public, , mk1_c, code_compiler, assets/extrasprites.h::show_buffer_and_tiles::0::3:30
_sm_cox                         = $21E3 ; addr, public, , mk1_c, data_compiler, assets/spriteset_mappings.h::show_buffer_and_tiles::0::3:9
_sm_coy                         = $21F3 ; addr, public, , mk1_c, data_compiler, assets/spriteset_mappings.h::show_buffer_and_tiles::0::3:14
_sm_invfunc                     = $2203 ; addr, public, , mk1_c, data_compiler, assets/spriteset_mappings.h::show_buffer_and_tiles::0::3:19
_sm_updfunc                     = $2223 ; addr, public, , mk1_c, data_compiler, assets/spriteset_mappings.h::show_buffer_and_tiles::0::3:26
_sm_sprptr                      = $44BA ; addr, public, , mk1_c, code_compiler, assets/spriteset_mappings.h::show_buffer_and_tiles::0::3:34
_trpixlutc                      = $44DA ; addr, public, , mk1_c, code_compiler, assets/trpixlut.h::show_buffer_and_tiles::0::3:6
__tile_address                  = $454F ; addr, public, , mk1_c, code_compiler, printer.h::_tile_address::0::5:134
_utaux                          = $2243 ; addr, public, , mk1_c, data_compiler, printer.h::draw_decorations::0::12:535
_pal_set                        = $46D3 ; addr, public, , mk1_c, code_compiler, printer.h::pal_set::0::17:727
_wyz_songs                      = $5861 ; addr, public, , mk1_c, code_compiler, my/wyz/songs.h::hotspots_do::0::95:6
_title_screen                   = $5F26 ; addr, public, , mk1_c, code_compiler, my/title_screen.h::title_screen::0::99:6
_main                           = $5FB1 ; addr, public, , mk1_c, code_compiler, mainloop.h::main::0::106:7
cpc_ShowTileMap                 = $057E ; addr, public, , cpc_ShowTileMap, , cpc_ShowTileMap.asm:20
cpc_ResetTouchedTiles           = $0619 ; addr, public, , cpc_ResetTouchedTiles, , cpc_ResetTouchedTiles.asm:18
cpc_UpdScr                      = $0627 ; addr, public, , cpc_UpdScr, , cpc_UpdScr.asm:29
cpc_ShowTouchedTiles            = $0704 ; addr, public, , cpc_ShowTouchedTiles, , cpc_ShowTouchedTiles.asm:36
cpc_PutSpTileMap4x8             = $0814 ; addr, public, , cpc_PutSpTileMap4x8, , cpc_PutSpTileMap4x8.asm:25
cpc_PutSpTileMap8x16Px          = $0861 ; addr, public, , cpc_PutSpTileMap8x16Px, , cpc_PutSpTileMap8x16Px.asm:26
cpc_TestKey                     = $08CB ; addr, public, , cpc_TestKey, , cpc_TestKey.asm:14
cpc_TestKeyboard                = $08E5 ; addr, public, , cpc_TestKeyboard, , cpc_TestKeyboard.asm:3
cpc_AnyKeyPressed               = $0909 ; addr, public, , cpc_AnyKeyPressed, , cpc_AnyKeyPressed.asm:11
cpc_SetMode                     = $0923 ; addr, public, , cpc_SetMode, , cpc_SetMode.asm:8
cpc_SetColour                   = $092D ; addr, public, , cpc_SetColour, , cpc_SetColour.asm:8
cpc_UpdTileTable                = $094E ; addr, public, , cpc_UpdTileTable, , cpc_UpdTileTable.asm:54
cpc_UpdTileTableClp             = $0940 ; addr, public, , cpc_UpdTileTable, , cpc_UpdTileTable.asm:32
cpc_PutTrSp4x8TileMap2b         = $096D ; addr, public, , cpc_PutTrSp4x8TileMap2b, , cpc_PutTrSp4x8TileMap2b.asm:19
cpc_PutTrSp8x16TileMap2bPx      = $09B2 ; addr, public, , cpc_PutTrSp8x16TileMap2bPx, , cpc_PutTrSp8x16TileMap2bPx.asm:20
cpc_KeysData                    = $0A8C ; addr, public, , cpc_KeysData, , cpc_KeysData.asm:14
tabla_teclas                    = $0A98 ; addr, public, , cpc_KeysData, , cpc_KeysData.asm:40
keymap                          = $0A8C ; addr, public, , cpc_KeysData, , cpc_KeysData.asm:41
cpc_Bit2Mask                    = $0AB1 ; addr, public, , cpc_Bit2Mask, , cpc_Bit2Mask.asm:5
cpc_TblLookup                   = $0AB9 ; addr, public, , cpc_TblLookup, , cpc_TblLookup.asm:11
cpc_InvalidateRect              = $0AC0 ; addr, public, , cpc_InvalidateRect, , cpc_InvalidateRect.asm:29
cpc_bitright2mask               = $0B20 ; addr, public, , cpc_bitright2mask, , cpc_bitright2mask.asm:4
cpc_bitleft2mask                = $0B28 ; addr, public, , cpc_bitleft2mask, , cpc_bitleft2mask.asm:4
l_div_u                         = $649E ; addr, public, , l_div_u, code_crt0_sccz80, sccz80/crt0_z80/l_div_u.asm:17
l_divu_16_16x16                 = $649F ; addr, public, , l_divu_16_16x16, code_math, ../_DEVELOPMENT/math/integer/l_divu_16_16x16.asm:22
l0_divu_16_16x16                = $64A3 ; addr, public, , l_divu_16_16x16, code_math, ../_DEVELOPMENT/math/integer/l_divu_16_16x16.asm:23
l_small_divu_16_16x16           = $649F ; addr, public, , l_small_divu_16_16x16, code_math, ../_DEVELOPMENT/math/integer/small/l_small_divu_16_16x16.asm:17
l0_small_divu_16_16x16          = $64A3 ; addr, public, , l_small_divu_16_16x16, code_math, ../_DEVELOPMENT/math/integer/small/l_small_divu_16_16x16.asm:42
l_small_divu_16_16x8            = $64BF ; addr, public, , l_small_divu_16_16x16, code_math, ../_DEVELOPMENT/math/integer/small/l_small_divu_16_16x16.asm:87
l0_small_divu_16_16x8           = $64C3 ; addr, public, , l_small_divu_16_16x16, code_math, ../_DEVELOPMENT/math/integer/small/l_small_divu_16_16x16.asm:112
error_divide_by_zero_mc         = $64FC ; addr, public, , error_divide_by_zero_mc, code_error, ../_DEVELOPMENT/error/z80/error_divide_by_zero_mc.asm:12
error_edom_mc                   = $64FC ; addr, public, , error_edom_mc, code_error, ../_DEVELOPMENT/error/z80/error_edom_mc.asm:57
errno_mc                        = $64FE ; addr, public, , errno_mc, code_error, ../_DEVELOPMENT/error/z80/errno_mc.asm:21
_errno                          = $650E ; addr, public, , _errno, bss_error, ../_DEVELOPMENT/error/z80/_errno.asm:7
error_mc                        = $6509 ; addr, public, , error_mc, code_error, ../_DEVELOPMENT/error/z80/error_mc.asm:11
l_eq                            = $6433 ; addr, public, , l_eq, code_crt0_sccz80, sccz80/crt0_z80/l_eq.asm:17
l_gchar                         = $643D ; addr, public, , l_gchar, code_crt0_sccz80, sccz80/crt0_z80/l_gchar.asm:11
l_gint                          = $6443 ; addr, public, , l_gint, code_crt0_sccz80, sccz80/crt0_z80/l_gint.asm:11
l_gintsp                        = $6448 ; addr, public, , l_gintsp, code_crt0_sccz80, sccz80/crt0_z80/l_gintsp.asm:7
l_gt                            = $6450 ; addr, public, , l_gt, code_crt0_sccz80, sccz80/crt0_z80/l_gt.asm:15
l_compare_result                = $6460 ; addr, public, , l_compare_result, code_crt0_sccz80, sccz80/crt0_z80/l_compare_result.asm:4
l_lneg                          = $6466 ; addr, public, , l_lneg, code_crt0_sccz80, sccz80/crt0_z80/l_lneg.asm:14
l_lt                            = $646F ; addr, public, , l_lt, code_crt0_sccz80, sccz80/crt0_z80/l_lt.asm:15
l_mult                          = $64D9 ; addr, public, , l_mul, code_crt0_sccz80, sccz80/crt0_z80/l_mul.asm:12
l_mulu_16_16x16                 = $64D9 ; addr, public, , l_mulu_16_16x16, code_math, ../_DEVELOPMENT/math/integer/l_mulu_16_16x16.asm:36
l_small_mul_16_16x16            = $64D9 ; addr, public, , l_small_mul_16_16x16, code_math, ../_DEVELOPMENT/math/integer/small/l_small_mul_16_16x16.asm:10
l_small_mul_16_16x8             = $64E8 ; addr, public, , l_small_mul_16_16x16, code_math, ../_DEVELOPMENT/math/integer/small/l_small_mul_16_16x16.asm:42
l_ne                            = $647F ; addr, public, , l_ne, code_crt0_sccz80, sccz80/crt0_z80/l_ne.asm:16
l_neg                           = $648A ; addr, public, , l_neg, code_crt0_sccz80, sccz80/crt0_z80/l_neg.asm:13
l_pint                          = $6492 ; addr, public, , l_pint, code_crt0_sccz80, sccz80/crt0_z80/l_pint.asm:11
l_pint_pop                      = $6498 ; addr, public, , l_pint_pop, code_crt0_sccz80, sccz80/crt0_z80/l_pint_pop.asm:12
__head                          = $0400 ; const, public, def, , ,
__tail                          = $6510 ; const, public, def, , ,
__size                          = $6110 ; const, public, def, , ,
__data_compiler_head            = $0B30 ; const, public, def, , ,
__data_compiler_tail            = $2244 ; const, public, def, , ,
__data_compiler_size            = $1714 ; const, public, def, , ,
__code_compiler_head            = $2244 ; const, public, def, , ,
__code_compiler_tail            = $634E ; const, public, def, , ,
__code_compiler_size            = $410A ; const, public, def, , ,
__rodata_compiler_head          = $634E ; const, public, def, , ,
__rodata_compiler_tail          = $6378 ; const, public, def, , ,
__rodata_compiler_size          = $002A ; const, public, def, , ,
__bss_compiler_head             = $6378 ; const, public, def, , ,
__bss_compiler_tail             = $6433 ; const, public, def, , ,
__bss_compiler_size             = $00BB ; const, public, def, , ,
__code_crt0_sccz80_head         = $6433 ; const, public, def, , ,
__code_crt0_sccz80_tail         = $649E ; const, public, def, , ,
__code_crt0_sccz80_size         = $006B ; const, public, def, , ,
__code_clib_head                = $649E ; const, public, def, , ,
__code_clib_tail                = $649E ; const, public, def, , ,
__code_clib_size                = $0000 ; const, public, def, , ,
__code_math_head                = $649E ; const, public, def, , ,
__code_math_tail                = $64F9 ; const, public, def, , ,
__code_math_size                = $005B ; const, public, def, , ,
__code_error_head               = $64F9 ; const, public, def, , ,
__code_error_tail               = $650E ; const, public, def, , ,
__code_error_size               = $0015 ; const, public, def, , ,
__bss_clib_head                 = $650E ; const, public, def, , ,
__bss_clib_tail                 = $650E ; const, public, def, , ,
__bss_clib_size                 = $0000 ; const, public, def, , ,
__bss_error_head                = $650E ; const, public, def, , ,
__bss_error_tail                = $6510 ; const, public, def, , ,
__bss_error_size                = $0002 ; const, public, def, , ,
