DEFINED_CRT_ORG_CODE            = $0001 ; const, local, , cpc_crt0, , C:/Users/r4373259/AppData/Local/Temp/zcc000086C859524/zcc_opt.def:3
CRT_ORG_CODE                    = $0400 ; const, local, , cpc_crt0, , C:/Users/r4373259/AppData/Local/Temp/zcc000086C859524/zcc_opt.def:4
start                           = $0400 ; addr, local, , cpc_crt0, , crt.asm:7
T_WIDTH                         = $0020 ; const, local, , tilemap_conf_asm, , tilemap_conf.asm:66
T_HEIGHT                        = $0018 ; const, local, , tilemap_conf_asm, , tilemap_conf.asm:67
vpClipStruct                    = $2244 ; addr, local, , mk1_c, code_compiler, definitions.h:4
fsClipStruct                    = $2248 ; addr, local, , mk1_c, code_compiler, definitions.h:4
i_1                             = $6374 ; addr, local, , mk1_c, rodata_compiler, mk1.c::main::0::127:118
HLshr6_A                        = $2264 ; addr, local, , mk1_c, code_compiler, mtasmlib.h:6
Ashl16_HL                       = $226F ; addr, local, , mk1_c, code_compiler, mtasmlib.h:6
withSign                        = $227B ; addr, local, , mk1_c, code_compiler, mtasmlib.h:6
depack                          = $2283 ; addr, local, , mk1_c, code_compiler, aplib.h:11
apbranch1                       = $2286 ; addr, local, , mk1_c, code_compiler, aplib.h:11
aploop0                         = $2288 ; addr, local, , mk1_c, code_compiler, aplib.h:11
ap_getbit                       = $230A ; addr, local, , mk1_c, code_compiler, aplib.h:11
aploop                          = $228B ; addr, local, , mk1_c, code_compiler, aplib.h:11
apbranch2                       = $22C9 ; addr, local, , mk1_c, code_compiler, aplib.h:11
apbranch3                       = $22B5 ; addr, local, , mk1_c, code_compiler, aplib.h:11
apget4bits                      = $229E ; addr, local, , mk1_c, code_compiler, aplib.h:11
apbranch4                       = $22AC ; addr, local, , mk1_c, code_compiler, aplib.h:11
apwritebyte                     = $22A8 ; addr, local, , mk1_c, code_compiler, aplib.h:11
ap_finishup2                    = $22F7 ; addr, local, , mk1_c, code_compiler, aplib.h:11
ap_getgamma                     = $2316 ; addr, local, , mk1_c, code_compiler, aplib.h:11
ap_r0_gamma                     = $22FE ; addr, local, , mk1_c, code_compiler, aplib.h:11
apskip2                         = $22E8 ; addr, local, , mk1_c, code_compiler, aplib.h:11
apskip3                         = $22F1 ; addr, local, , mk1_c, code_compiler, aplib.h:11
ap_finishup                     = $22F4 ; addr, local, , mk1_c, code_compiler, aplib.h:11
ap_getgammaloop                 = $2319 ; addr, local, , mk1_c, code_compiler, aplib.h:11
bo_l1                           = $300D ; addr, local, , mk1_c, code_compiler, pantallas.h::blackout::0::1:32
_font                           = $3030 ; addr, local, , mk1_c, code_compiler, assets/tileset.h::show_buffer_and_tiles::0::3:5
_tspatterns                     = $3430 ; addr, local, , mk1_c, code_compiler, assets/tileset.h::show_buffer_and_tiles::0::3:5
_attr_2                         = $451F ; addr, local, , mk1_c, code_compiler, printer.h::attr::0::3:6
_attr_1                         = $4527 ; addr, local, , mk1_c, code_compiler, printer.h::attr::0::3:6
_attr_1b                        = $4531 ; addr, local, , mk1_c, code_compiler, printer.h::attr::0::3:6
_map_attr                       = $C600 ; const, local, , mk1_c, code_compiler, mk1.c::main::0::127:118
_attr_end                       = $4544 ; addr, local, , mk1_c, code_compiler, printer.h::attr::0::3:6
qtile_do                        = $454F ; addr, local, , mk1_c, code_compiler, printer.h::qtile::0::4:61
_map_buff                       = $C696 ; const, local, , mk1_c, code_compiler, mk1.c::main::0::127:118
_draw_decorations_loop          = $45E4 ; addr, local, , mk1_c, code_compiler, printer.h::draw_decorations::0::11:491
print_str_loop                  = $4696 ; addr, local, , mk1_c, code_compiler, printer.h::print_str::0::14:663
print_str_inv                   = $46A8 ; addr, local, , mk1_c, code_compiler, printer.h::print_str::0::14:663
i_16                            = $46C7 ; addr, local, , mk1_c, code_compiler, printer.h::clear_sprites::0::15:717
i_14                            = $46C2 ; addr, local, , mk1_c, code_compiler, printer.h::clear_sprites::0::15:717
i_15                            = $46E8 ; addr, local, , mk1_c, code_compiler, printer.h::clear_sprites::0::15:717
_sp_sw                          = $E600 ; const, local, , mk1_c, code_compiler, mk1.c::main::0::127:118
i_17                            = $46EE ; addr, local, , mk1_c, code_compiler, printer.h::pal_set::0::17:727
i_18                            = $4716 ; addr, local, , mk1_c, code_compiler, printer.h::pal_set::0::17:727
i_19                            = $474C ; addr, local, , mk1_c, code_compiler, engine/update.h::cpc_UpdateNow::0::18:9
_cpc_screen_update_inv_loop     = $4723 ; addr, local, , mk1_c, code_compiler, engine/update.h::cpc_UpdateNow::0::18:9
_cpc_screen_update_inv_ret      = $4745 ; addr, local, , mk1_c, code_compiler, engine/update.h::cpc_UpdateNow::0::18:9
_cpc_screen_update_upd_buffer   = $474C ; addr, local, , mk1_c, code_compiler, engine/update.h::cpc_UpdateNow::0::18:9
i_20                            = $4783 ; addr, local, , mk1_c, code_compiler, engine/update.h::cpc_UpdateNow::0::18:9
_cpc_screen_update_upd_loop     = $475B ; addr, local, , mk1_c, code_compiler, engine/update.h::cpc_UpdateNow::0::18:9
_cpc_screen_update_upd_ret      = $477E ; addr, local, , mk1_c, code_compiler, engine/update.h::cpc_UpdateNow::0::18:9
_cpc_screen_update_done         = $4783 ; addr, local, , mk1_c, code_compiler, engine/update.h::cpc_UpdateNow::0::18:9
_cm_two_points_at1_reset        = $47CA ; addr, local, , mk1_c, code_compiler, engine/general.h::cm_two_points::0::22:63
_cm_two_points_at1_do           = $47CD ; addr, local, , mk1_c, code_compiler, engine/general.h::cm_two_points::0::22:63
_cm_two_points_at1_done         = $47E7 ; addr, local, , mk1_c, code_compiler, engine/general.h::cm_two_points::0::22:63
_cm_two_points_at2_reset        = $47F8 ; addr, local, , mk1_c, code_compiler, engine/general.h::cm_two_points::0::22:63
_cm_two_points_at2_do           = $47FB ; addr, local, , mk1_c, code_compiler, engine/general.h::cm_two_points::0::22:63
_cm_two_points_at2_done         = $4815 ; addr, local, , mk1_c, code_compiler, engine/general.h::cm_two_points::0::22:63
rand16                          = $4819 ; addr, local, , mk1_c, code_compiler, engine/general.h::rand::0::23:138
nextrand                        = $4835 ; addr, local, , mk1_c, code_compiler, engine/general.h::rand::0::23:138
i_21                            = $4853 ; addr, local, , mk1_c, code_compiler, engine/general.h::abs::0::24:182
i_22                            = $4858 ; addr, local, , mk1_c, code_compiler, engine/general.h::abs::0::24:182
i_23                            = $48DC ; addr, local, , mk1_c, code_compiler, engine.h::addsign::0::27:20
i_24                            = $48E4 ; addr, local, , mk1_c, code_compiler, engine.h::addsign::0::27:20
i_25                            = $48E5 ; addr, local, , mk1_c, code_compiler, engine.h::espera_activa::0::28:28
i_26                            = $48ED ; addr, local, , mk1_c, code_compiler, engine.h::espera_activa::0::28:28
i_29                            = $48ED ; addr, local, , mk1_c, code_compiler, engine.h::espera_activa::0::28:28
i_28                            = $4905 ; addr, local, , mk1_c, code_compiler, engine.h::espera_activa::0::28:28
i_30                            = $48FB ; addr, local, , mk1_c, code_compiler, engine.h::espera_activa::0::28:28
i_27                            = $48FB ; addr, local, , mk1_c, code_compiler, engine.h::espera_activa::0::28:28
i_33                            = $493A ; addr, local, , mk1_c, code_compiler, engine.h::draw_scr_background::0::30:352
i_31                            = $4933 ; addr, local, , mk1_c, code_compiler, engine.h::draw_scr_background::0::30:352
i_32                            = $4987 ; addr, local, , mk1_c, code_compiler, engine.h::draw_scr_background::0::30:352
_advance_worm_no_inc_y          = $4981 ; addr, local, , mk1_c, code_compiler, engine.h::draw_scr_background::0::30:352
_hotspots_setup_done            = $4A04 ; addr, local, , mk1_c, code_compiler, engine.h::draw_scr::1::33:669
_hotspots_setup_do              = $49CA ; addr, local, , mk1_c, code_compiler, engine.h::draw_scr::1::33:553
_hotspots_setup_set             = $49FC ; addr, local, , mk1_c, code_compiler, engine.h::draw_scr::1::33:553
_hotspots_setup_set_refill      = $49FB ; addr, local, , mk1_c, code_compiler, engine.h::draw_scr::1::33:553
_mons_col_sc_x_lineal           = $4A0F ; addr, local, , mk1_c, code_compiler, engine.h::mons_col_sc_x::0::33:768
_mons_col_sc_x_compare          = $4A15 ; addr, local, , mk1_c, code_compiler, engine.h::mons_col_sc_x::0::33:768
_mons_col_sc_x_horz_positive    = $4A22 ; addr, local, , mk1_c, code_compiler, engine.h::mons_col_sc_x::0::33:768
_mons_col_sc_x_horz_negative_zero = $4A1F ; addr, local, , mk1_c, code_compiler, engine.h::mons_col_sc_x::0::33:768
_mons_col_sc_x_horz_set         = $4A23 ; addr, local, , mk1_c, code_compiler, engine.h::mons_col_sc_x::0::33:768
i_34                            = $4A77 ; addr, local, , mk1_c, code_compiler, engine.h::mons_col_sc_x::0::33:768
i_35                            = $4A7A ; addr, local, , mk1_c, code_compiler, engine.h::mons_col_sc_x::0::33:768
_mons_col_sc_y_lineal           = $4A7D ; addr, local, , mk1_c, code_compiler, engine.h::mons_col_sc_y::0::34:849
_mons_col_sc_y_compare          = $4A83 ; addr, local, , mk1_c, code_compiler, engine.h::mons_col_sc_y::0::34:849
_mons_col_sc_y_vert_positive    = $4A90 ; addr, local, , mk1_c, code_compiler, engine.h::mons_col_sc_y::0::34:849
_mons_col_sc_y_vert_negative_zero = $4A8D ; addr, local, , mk1_c, code_compiler, engine.h::mons_col_sc_y::0::34:849
_mons_col_sc_y_vert_set         = $4A91 ; addr, local, , mk1_c, code_compiler, engine.h::mons_col_sc_y::0::34:849
i_36                            = $4AD5 ; addr, local, , mk1_c, code_compiler, engine.h::mons_col_sc_y::0::34:849
i_37                            = $4AD8 ; addr, local, , mk1_c, code_compiler, engine.h::mons_col_sc_y::0::34:849
_player_gravity_add             = $4BA6 ; addr, local, , mk1_c, code_compiler, engine/player.h::player_move::0::37:247
_player_gravity_maximum         = $4BAC ; addr, local, , mk1_c, code_compiler, engine/player.h::player_move::0::37:247
_player_gravity_vy_set          = $4BAF ; addr, local, , mk1_c, code_compiler, engine/player.h::player_move::0::37:247
_player_gravity_done            = $4BB2 ; addr, local, , mk1_c, code_compiler, engine/player.h::player_move::0::37:247
_player_gravity_p_gotten_done   = $4BC2 ; addr, local, , mk1_c, code_compiler, engine/player.h::player_move::0::37:247
i_38                            = $4BDF ; addr, local, , mk1_c, code_compiler, engine/player.h::player_move::1::39:372
i_39                            = $4BED ; addr, local, , mk1_c, code_compiler, engine/player.h::player_move::1::39:372
i_40                            = $4C00 ; addr, local, , mk1_c, code_compiler, engine/player.h::player_move::1::39:372
i_41                            = $4C6D ; addr, local, , mk1_c, code_compiler, engine/player.h::player_move::3::41:410
i_43                            = $4C4D ; addr, local, , mk1_c, code_compiler, engine/player.h::player_move::1::39:372
i_42                            = $4C6D ; addr, local, , mk1_c, code_compiler, engine/player.h::player_move::3::41:410
i_45                            = $4CDB ; addr, local, , mk1_c, code_compiler, engine/player.h::player_move::3::43:487
i_47                            = $4CB6 ; addr, local, , mk1_c, code_compiler, engine/player.h::player_move::3::41:410
i_48                            = $4CDB ; addr, local, , mk1_c, code_compiler, engine/player.h::player_move::3::41:410
i_49                            = $4CB6 ; addr, local, , mk1_c, code_compiler, engine/player.h::player_move::3::41:410
i_46                            = $4CDB ; addr, local, , mk1_c, code_compiler, engine/player.h::player_move::3::43:487
i_52_i_48                       = $4CB6 ; addr, local, , mk1_c, code_compiler, engine/player.h::player_move::3::41:410
evil_tile_check_vert_done       = $4CFE ; addr, local, , mk1_c, code_compiler, engine/player.h::player_move::3::43:487
i_53                            = $4D32 ; addr, local, , mk1_c, code_compiler, engine/player.h::player_move::3::43:487
i_54                            = $4D35 ; addr, local, , mk1_c, code_compiler, engine/player.h::player_move::3::43:487
i_55                            = $4DB4 ; addr, local, , mk1_c, code_compiler, engine/player.h::player_move::3::45:640
i_56                            = $4D6E ; addr, local, , mk1_c, code_compiler, engine/player.h::player_move::3::45:640
i_58                            = $4D5C ; addr, local, , mk1_c, code_compiler, engine/player.h::player_move::3::45:640
i_57                            = $4DB8 ; addr, local, , mk1_c, code_compiler, engine/player.h::player_move::3::45:640
i_60                            = $4DB8 ; addr, local, , mk1_c, code_compiler, engine/player.h::player_move::3::45:640
i_61                            = $4D9D ; addr, local, , mk1_c, code_compiler, engine/player.h::player_move::3::45:640
i_62                            = $4DB8 ; addr, local, , mk1_c, code_compiler, engine/player.h::player_move::3::45:640
i_63                            = $4DB8 ; addr, local, , mk1_c, code_compiler, engine/player.h::player_move::3::45:640
i_65                            = $4DCE ; addr, local, , mk1_c, code_compiler, engine/player.h::player_move::3::45:640
i_66                            = $4DD1 ; addr, local, , mk1_c, code_compiler, engine/player.h::player_move::3::45:640
i_64                            = $4E03 ; addr, local, , mk1_c, code_compiler, engine/player.h::player_move::3::45:640
decelerate_right                = $4DF2 ; addr, local, , mk1_c, code_compiler, engine/player.h::player_move::3::45:640
decelerate_left                 = $4DE2 ; addr, local, , mk1_c, code_compiler, engine/player.h::player_move::3::45:640
h_acceleration_set              = $4DED ; addr, local, , mk1_c, code_compiler, engine/player.h::player_move::3::45:640
h_acceleration_done             = $4E4C ; addr, local, , mk1_c, code_compiler, engine/player.h::player_move::2::51:802
h_decelerate_done               = $4E03 ; addr, local, , mk1_c, code_compiler, engine/player.h::player_move::3::45:640
i_67                            = $4E27 ; addr, local, , mk1_c, code_compiler, engine/player.h::player_move::2::50:763
accelerate_left_done            = $4E27 ; addr, local, , mk1_c, code_compiler, engine/player.h::player_move::2::50:763
i_68                            = $4E4C ; addr, local, , mk1_c, code_compiler, engine/player.h::player_move::2::51:802
accelerate_right_done           = $4E4C ; addr, local, , mk1_c, code_compiler, engine/player.h::player_move::2::51:802
i_69                            = $4E6A ; addr, local, , mk1_c, code_compiler, engine/player.h::player_move::1::51:846
i_70                            = $4E7D ; addr, local, , mk1_c, code_compiler, engine/player.h::player_move::1::51:846
i_71                            = $4F00 ; addr, local, , mk1_c, code_compiler, engine/player.h::player_move::3::53:886
i_73                            = $4EC9 ; addr, local, , mk1_c, code_compiler, engine/player.h::player_move::1::51:846
i_72                            = $4EF1 ; addr, local, , mk1_c, code_compiler, engine/player.h::player_move::3::53:886
i_75                            = $4F00 ; addr, local, , mk1_c, code_compiler, engine/player.h::player_move::3::53:886
i_76                            = $4F65 ; addr, local, , mk1_c, code_compiler, engine/player.h::player_move::3::56:961
i_78                            = $4F2F ; addr, local, , mk1_c, code_compiler, engine/player.h::player_move::3::53:886
i_77                            = $4F56 ; addr, local, , mk1_c, code_compiler, engine/player.h::player_move::3::56:961
i_80                            = $4F65 ; addr, local, , mk1_c, code_compiler, engine/player.h::player_move::3::56:961
i_81                            = $4FB5 ; addr, local, , mk1_c, code_compiler, engine/player.h::player_move::1::59:1108
i_82                            = $4FB5 ; addr, local, , mk1_c, code_compiler, ./my/ci/player_center_checks.h::player_move::1::57:0
i_83                            = $4FC6 ; addr, local, , mk1_c, code_compiler, engine/player.h::player_move::2::60:1112
i_84                            = $4FCB ; addr, local, , mk1_c, code_compiler, engine/player.h::player_move::2::60:1112
i_85                            = $4FF1 ; addr, local, , mk1_c, code_compiler, engine/player.h::player_move::2::60:1112
i_86                            = $5010 ; addr, local, , mk1_c, code_compiler, engine/player.h::player_move::2::60:1112
i_87                            = $5010 ; addr, local, , mk1_c, code_compiler, engine/player.h::player_move::2::60:1112
i_88                            = $5025 ; addr, local, , mk1_c, code_compiler, engine/player.h::player_move::2::60:1112
i_89                            = $5025 ; addr, local, , mk1_c, code_compiler, engine/player.h::player_move::2::60:1112
i_91                            = $504A ; addr, local, , mk1_c, code_compiler, engine/player.h::player_move::2::60:1112
i_90                            = $504A ; addr, local, , mk1_c, code_compiler, engine/player.h::player_move::2::60:1112
i_92_i_91                       = $5033 ; addr, local, , mk1_c, code_compiler, engine/player.h::player_move::2::60:1112
i_93                            = $5040 ; addr, local, , mk1_c, code_compiler, engine/player.h::player_move::2::60:1112
i_94                            = $5043 ; addr, local, , mk1_c, code_compiler, engine/player.h::player_move::2::60:1112
i_95                            = $509E ; addr, local, , mk1_c, code_compiler, engine/player.h::player_move::2::60:1112
i_96                            = $5057 ; addr, local, , mk1_c, code_compiler, engine/player.h::player_move::2::60:1112
i_97                            = $505A ; addr, local, , mk1_c, code_compiler, engine/player.h::player_move::2::60:1112
i_98                            = $5070 ; addr, local, , mk1_c, code_compiler, engine/player.h::player_move::2::60:1112
i_99                            = $509E ; addr, local, , mk1_c, code_compiler, engine/player.h::player_move::2::60:1112
i_100                           = $508D ; addr, local, , mk1_c, code_compiler, engine/player.h::player_move::2::60:1112
_player_spr_setup               = $50B4 ; addr, local, , mk1_c, code_compiler, engine/player.h::player_move::2::60:1112
_player_spr_setup_done          = $50E3 ; addr, local, , mk1_c, code_compiler, engine/player.h::player_move::2::60:1112
i_101                           = $5105 ; addr, local, , mk1_c, code_compiler, engine/player.h::player_deplete::0::69:1488
i_102                           = $5108 ; addr, local, , mk1_c, code_compiler, engine/player.h::player_deplete::0::69:1488
calc_baddies_pointer            = $5130 ; addr, local, , mk1_c, code_compiler, engine/enengine.h::player_kill::0::71:6
i_103                           = $5142 ; addr, local, , mk1_c, code_compiler, engine/enengine.h::enems_init::0::71:66
i_104                           = $5187 ; addr, local, , mk1_c, code_compiler, engine/enengine.h::enems_init::0::71:66
i_107                           = $51A2 ; addr, local, , mk1_c, code_compiler, engine/enengine.h::enems_load::0::73:79
i_105                           = $519B ; addr, local, , mk1_c, code_compiler, engine/enengine.h::enems_load::0::73:79
i_106                           = $5358 ; addr, local, , mk1_c, code_compiler, engine/enengine.h::enems_load::3::80:231
_en_an_frame                    = $D603 ; const, local, , mk1_c, code_compiler, mk1.c::main::0::127:118
_en_an_state                    = $D60C ; const, local, , mk1_c, code_compiler, mk1.c::main::0::127:118
_en_an_count                    = $D606 ; const, local, , mk1_c, code_compiler, mk1.c::main::0::127:118
_en_an_next_frame               = $D63C ; const, local, , mk1_c, code_compiler, mk1.c::main::0::127:118
i_108                           = $5261 ; addr, local, , mk1_c, code_compiler, engine/enengine.h::enems_load::5::77:202
i_111                           = $520D ; addr, local, , mk1_c, code_compiler, engine/enengine.h::enems_load::3::75:122
i_112                           = $5225 ; addr, local, , mk1_c, code_compiler, engine/enengine.h::enems_load::3::75:122
i_113                           = $5225 ; addr, local, , mk1_c, code_compiler, engine/enengine.h::enems_load::3::75:122
i_114                           = $5225 ; addr, local, , mk1_c, code_compiler, engine/enengine.h::enems_load::3::75:122
i_115                           = $5225 ; addr, local, , mk1_c, code_compiler, engine/enengine.h::enems_load::3::75:122
i_116                           = $5253 ; addr, local, , mk1_c, code_compiler, engine/enengine.h::enems_load::5::77:202
_en_an_base_frame               = $D600 ; const, local, , mk1_c, code_compiler, mk1.c::main::0::127:118
i_110                           = $526C ; addr, local, , mk1_c, code_compiler, engine/enengine.h::enems_load::5::77:202
i_117                           = $526C ; addr, local, , mk1_c, code_compiler, engine/enengine.h::enems_load::5::77:202
i_118                           = $5342 ; addr, local, , mk1_c, code_compiler, engine/enengine.h::enems_load::5::77:202
redefine_sp_sw                  = $528A ; addr, local, , mk1_c, code_compiler, engine/enengine.h::enems_load::5::77:202
i_119                           = $5355 ; addr, local, , mk1_c, code_compiler, engine/enengine.h::enems_load::5::77:202
enems_kill_noflag               = $5365 ; addr, local, , mk1_c, code_compiler, engine/enengine.h::enems_kill::0::80:235
i_122                           = $5386 ; addr, local, , mk1_c, code_compiler, engine/enengine.h::enems_move::0::81:265
i_120                           = $5381 ; addr, local, , mk1_c, code_compiler, engine/enengine.h::enems_move::0::81:265
i_121                           = $561B ; addr, local, , mk1_c, code_compiler, engine/enengine.h::enems_move::4::90:787
_en_dying                       = $53D6 ; addr, local, , mk1_c, code_compiler, engine/enengine.h::enems_move::0::81:265
_en_dying_done                  = $5401 ; addr, local, , mk1_c, code_compiler, engine/enengine.h::enems_move::0::81:265
_en_dying_dead                  = $53EC ; addr, local, , mk1_c, code_compiler, engine/enengine.h::enems_move::0::81:265
_pregotten_calc                 = $5401 ; addr, local, , mk1_c, code_compiler, engine/enengine.h::enems_move::0::81:265
_pregotten_reset                = $541D ; addr, local, , mk1_c, code_compiler, engine/enengine.h::enems_move::0::81:265
_pregotten_set                  = $5419 ; addr, local, , mk1_c, code_compiler, engine/enengine.h::enems_move::0::81:265
_pregotten_write                = $541E ; addr, local, , mk1_c, code_compiler, engine/enengine.h::enems_move::0::81:265
i_125                           = $5426 ; addr, local, , mk1_c, code_compiler, engine/enengine.h::enems_move::3::83:416
i_126                           = $543E ; addr, local, , mk1_c, code_compiler, engine/enengine.h::enems_move::3::83:416
i_127                           = $543E ; addr, local, , mk1_c, code_compiler, engine/enengine.h::enems_move::3::83:416
i_128                           = $543E ; addr, local, , mk1_c, code_compiler, engine/enengine.h::enems_move::3::83:416
i_129                           = $543E ; addr, local, , mk1_c, code_compiler, engine/enengine.h::enems_move::3::83:416
i_124                           = $5494 ; addr, local, , mk1_c, code_compiler, engine/enengine.h::enems_move::4::84:444
_enems_lm_change_axis_x         = $5462 ; addr, local, , mk1_c, code_compiler, ./engine/enem_mods/enem_type_lineal.h::enems_move::4::84:0
_enems_lm_change_axis_x_done    = $546A ; addr, local, , mk1_c, code_compiler, ./engine/enem_mods/enem_type_lineal.h::enems_move::4::84:0
_enems_lm_change_axis_y         = $5489 ; addr, local, , mk1_c, code_compiler, ./engine/enem_mods/enem_type_lineal.h::enems_move::4::84:0
_enems_lm_change_axis_y_done    = $5491 ; addr, local, , mk1_c, code_compiler, ./engine/enem_mods/enem_type_lineal.h::enems_move::4::84:0
enems_just_moved                = $5494 ; addr, local, , mk1_c, code_compiler, engine/enengine.h::enems_move::4::84:444
i_130                           = $5591 ; addr, local, , mk1_c, code_compiler, engine/enengine.h::enems_move::4::90:787
_enems_move_update_frame_done   = $54DA ; addr, local, , mk1_c, code_compiler, engine/enengine.h::enems_move::4::84:444
i_132                           = $5591 ; addr, local, , mk1_c, code_compiler, engine/enengine.h::enems_move::5::86:545
i_131                           = $5591 ; addr, local, , mk1_c, code_compiler, engine/enengine.h::enems_move::7::90:602
i_133_i_132                     = $54FC ; addr, local, , mk1_c, code_compiler, engine/enengine.h::enems_move::5::86:545
i_135                           = $5561 ; addr, local, , mk1_c, code_compiler, engine/enengine.h::enems_move::5::86:545
i_134                           = $5561 ; addr, local, , mk1_c, code_compiler, engine/enengine.h::enems_move::5::86:545
i_136_i_135                     = $5526 ; addr, local, , mk1_c, code_compiler, engine/enengine.h::enems_move::5::86:545
i_137                           = $5591 ; addr, local, , mk1_c, code_compiler, engine/enengine.h::enems_move::7::90:602
i_138                           = $5591 ; addr, local, , mk1_c, code_compiler, engine/enengine.h::enems_move::7::90:602
_enem_spr_setup                 = $5591 ; addr, local, , mk1_c, code_compiler, engine/enengine.h::enems_move::4::90:787
_en_an_sprid                    = $D609 ; const, local, , mk1_c, code_compiler, mk1.c::main::0::127:118
_set_current_frame              = $55D3 ; addr, local, , mk1_c, code_compiler, engine/enengine.h::enems_move::4::90:787
_enem_spr_setup_done            = $55E8 ; addr, local, , mk1_c, code_compiler, engine/enengine.h::enems_move::4::90:787
init_hotspots_loop              = $5626 ; addr, local, , mk1_c, code_compiler, engine/hotspots.h::hotspots_init::0::90:7
i_139                           = $5642 ; addr, local, , mk1_c, code_compiler, engine/hotspots.h::hotspots_do::0::91:30
i_140                           = $56F8 ; addr, local, , mk1_c, code_compiler, engine/hotspots.h::hotspots_do::3::94:117
i_143                           = $5671 ; addr, local, , mk1_c, code_compiler, engine/hotspots.h::hotspots_do::0::91:30
i_142                           = $56A7 ; addr, local, , mk1_c, code_compiler, engine/hotspots.h::hotspots_do::3::94:117
i_144                           = $5677 ; addr, local, , mk1_c, code_compiler, engine/hotspots.h::hotspots_do::0::91:30
i_145                           = $5699 ; addr, local, , mk1_c, code_compiler, engine/hotspots.h::hotspots_do::0::91:30
i_146                           = $569E ; addr, local, , mk1_c, code_compiler, engine/hotspots.h::hotspots_do::0::91:30
i_147                           = $56F8 ; addr, local, , mk1_c, code_compiler, engine/hotspots.h::hotspots_do::3::94:117
EFECTO0                         = $56F9 ; addr, local, , mk1_c, code_compiler, my/wyz/efectos.h::hotspots_do::0::95:29
EFECTO1                         = $5754 ; addr, local, , mk1_c, code_compiler, my/wyz/efectos.h::hotspots_do::0::95:29
EFECTO2                         = $5755 ; addr, local, , mk1_c, code_compiler, my/wyz/efectos.h::hotspots_do::0::95:29
EFECTO3                         = $5756 ; addr, local, , mk1_c, code_compiler, my/wyz/efectos.h::hotspots_do::0::95:29
EFECTO4                         = $5787 ; addr, local, , mk1_c, code_compiler, my/wyz/efectos.h::hotspots_do::0::95:29
EFECTO5                         = $5788 ; addr, local, , mk1_c, code_compiler, my/wyz/efectos.h::hotspots_do::0::95:29
EFECTO6                         = $579E ; addr, local, , mk1_c, code_compiler, my/wyz/efectos.h::hotspots_do::0::95:29
EFECTO7                         = $579F ; addr, local, , mk1_c, code_compiler, my/wyz/efectos.h::hotspots_do::0::95:29
EFECTO8                         = $57A0 ; addr, local, , mk1_c, code_compiler, my/wyz/efectos.h::hotspots_do::0::95:29
EFECTO9                         = $57A1 ; addr, local, , mk1_c, code_compiler, my/wyz/efectos.h::hotspots_do::0::95:29
EFECTO10                        = $57A2 ; addr, local, , mk1_c, code_compiler, my/wyz/efectos.h::hotspots_do::0::95:29
EFECTO11                        = $57A3 ; addr, local, , mk1_c, code_compiler, my/wyz/efectos.h::hotspots_do::0::95:29
EFECTO12                        = $57A4 ; addr, local, , mk1_c, code_compiler, my/wyz/efectos.h::hotspots_do::0::95:29
EFECTO13                        = $57C9 ; addr, local, , mk1_c, code_compiler, my/wyz/efectos.h::hotspots_do::0::95:29
EFECTO14                        = $57EE ; addr, local, , mk1_c, code_compiler, my/wyz/efectos.h::hotspots_do::0::95:29
TABLA_PAUTAS                    = $580D ; addr, local, , mk1_c, code_compiler, my/wyz/instrumentos.h::hotspots_do::0::95:7
PAUTA_0                         = $5811 ; addr, local, , mk1_c, code_compiler, my/wyz/instrumentos.h::hotspots_do::0::95:7
TABLA_SONIDOS                   = $580F ; addr, local, , mk1_c, code_compiler, my/wyz/instrumentos.h::hotspots_do::0::95:7
_00_title_mus_bin               = $581A ; addr, local, , mk1_c, code_compiler, my/wyz/songs.h::hotspots_do::0::95:6
_01_ingame_mus_bin              = $586C ; addr, local, , mk1_c, code_compiler, my/wyz/songs.h::hotspots_do::0::95:6
WYZPLAYER_INIT                  = $58BF ; addr, local, , mk1_c, code_compiler, wyz_player.h::wyz_stop_sound::0::99:51
CARGA_CANCION                   = $5A23 ; addr, local, , mk1_c, code_compiler, wyz_player.h::wyz_stop_sound::0::99:51
INICIA_EFECTO                   = $58FF ; addr, local, , mk1_c, code_compiler, wyz_player.h::wyz_stop_sound::0::99:51
PLAYER_OFF                      = $5A00 ; addr, local, , mk1_c, code_compiler, wyz_player.h::wyz_stop_sound::0::99:51
CANAL_A                         = $5E39 ; addr, local, , mk1_c, code_compiler, wyz_player.h::wyz_stop_sound::0::99:51
CANAL_B                         = $5E3B ; addr, local, , mk1_c, code_compiler, wyz_player.h::wyz_stop_sound::0::99:51
CANAL_C                         = $5E3D ; addr, local, , mk1_c, code_compiler, wyz_player.h::wyz_stop_sound::0::99:51
CANAL_P                         = $5E67 ; addr, local, , mk1_c, code_compiler, wyz_player.h::wyz_stop_sound::0::99:51
INICIO                          = $58D8 ; addr, local, , mk1_c, code_compiler, wyz_player.h::wyz_stop_sound::0::99:51
WYZ_PLAYER_ISR                  = $58D8 ; addr, local, , mk1_c, code_compiler, wyz_player.h::wyz_stop_sound::0::99:51
ROUT                            = $59C4 ; addr, local, , mk1_c, code_compiler, wyz_player.h::wyz_stop_sound::0::99:51
PSG_REG                         = $5E7E ; addr, local, , mk1_c, code_compiler, wyz_player.h::wyz_stop_sound::0::99:51
PSG_REG_SEC                     = $5E8E ; addr, local, , mk1_c, code_compiler, wyz_player.h::wyz_stop_sound::0::99:51
REPRODUCE_SONIDO                = $591A ; addr, local, , mk1_c, code_compiler, wyz_player.h::wyz_stop_sound::0::99:51
PLAY                            = $5B5C ; addr, local, , mk1_c, code_compiler, wyz_player.h::wyz_stop_sound::0::99:51
REPRODUCE_EFECTO                = $5939 ; addr, local, , mk1_c, code_compiler, wyz_player.h::wyz_stop_sound::0::99:51
INICIA_SONIDO                   = $58EF ; addr, local, , mk1_c, code_compiler, wyz_player.h::wyz_stop_sound::0::99:51
EXT_WORD                        = $5E0B ; addr, local, , mk1_c, code_compiler, wyz_player.h::wyz_stop_sound::0::99:51
PUNTERO_SONIDO                  = $5E78 ; addr, local, , mk1_c, code_compiler, wyz_player.h::wyz_stop_sound::0::99:51
INTERR                          = $5E2F ; addr, local, , mk1_c, code_compiler, wyz_player.h::wyz_stop_sound::0::99:51
TABLA_EFECTOS                   = $5F1E ; addr, local, , mk1_c, code_compiler, wyz_player.h::wyz_stop_sound::0::99:51
PUNTERO_EFECTO                  = $5E57 ; addr, local, , mk1_c, code_compiler, wyz_player.h::wyz_stop_sound::0::99:51
TABLA_DATOS_CANAL_SFX           = $5E14 ; addr, local, , mk1_c, code_compiler, wyz_player.h::wyz_stop_sound::0::99:51
EFECTO_REGS                     = $5E7A ; addr, local, , mk1_c, code_compiler, wyz_player.h::wyz_stop_sound::0::99:51
SONIDO_REGS                     = $5E7C ; addr, local, , mk1_c, code_compiler, wyz_player.h::wyz_stop_sound::0::99:51
REPRODUCE_SONIDO_O_EFECTO       = $5958 ; addr, local, , mk1_c, code_compiler, wyz_player.h::wyz_stop_sound::0::99:51
REPRODUCE_SONIDO_LIMPIA_BIT     = $5933 ; addr, local, , mk1_c, code_compiler, wyz_player.h::wyz_stop_sound::0::99:51
REPRODUCE_EFECTO_LIMPIA_BIT     = $5952 ; addr, local, , mk1_c, code_compiler, wyz_player.h::wyz_stop_sound::0::99:51
FIN_SONIDO                      = $59B4 ; addr, local, , mk1_c, code_compiler, wyz_player.h::wyz_stop_sound::0::99:51
NO_ENVOLVENTES_SONIDO           = $599A ; addr, local, , mk1_c, code_compiler, wyz_player.h::wyz_stop_sound::0::99:51
NO_RUIDO                        = $59A7 ; addr, local, , mk1_c, code_compiler, wyz_player.h::wyz_stop_sound::0::99:51
SI_RUIDO                        = $59AD ; addr, local, , mk1_c, code_compiler, wyz_player.h::wyz_stop_sound::0::99:51
ENVOLVENTE_BACK                 = $5E9F ; addr, local, , mk1_c, code_compiler, wyz_player.h::wyz_stop_sound::0::99:51
FIN_NOPLAYER                    = $59BD ; addr, local, , mk1_c, code_compiler, wyz_player.h::wyz_stop_sound::0::99:51
NO_BACKUP_ENVOLVENTE            = $59CE ; addr, local, , mk1_c, code_compiler, wyz_player.h::wyz_stop_sound::0::99:51
LOUT                            = $59D1 ; addr, local, , mk1_c, code_compiler, wyz_player.h::wyz_stop_sound::0::99:51
WRITEPSGHL                      = $59E9 ; addr, local, , mk1_c, code_compiler, wyz_player.h::wyz_stop_sound::0::99:51
CLEAR_PSG_BUFFER                = $5A04 ; addr, local, , mk1_c, code_compiler, wyz_player.h::wyz_stop_sound::0::99:51
SONG                            = $5E30 ; addr, local, , mk1_c, code_compiler, wyz_player.h::wyz_stop_sound::0::99:51
DECODE_SONG                     = $5A2C ; addr, local, , mk1_c, code_compiler, wyz_player.h::wyz_stop_sound::0::99:51
TABLA_SONG                      = $5F1C ; addr, local, , mk1_c, code_compiler, wyz_player.h::wyz_stop_sound::0::99:51
TEMPO                           = $5E31 ; addr, local, , mk1_c, code_compiler, wyz_player.h::wyz_stop_sound::0::99:51
TTEMPO                          = $5E32 ; addr, local, , mk1_c, code_compiler, wyz_player.h::wyz_stop_sound::0::99:51
NPTJP0                          = $5A48 ; addr, local, , mk1_c, code_compiler, wyz_player.h::wyz_stop_sound::0::99:51
PUNTERO_P_DECA                  = $5E4B ; addr, local, , mk1_c, code_compiler, wyz_player.h::wyz_stop_sound::0::99:51
PUNTERO_L_DECA                  = $5E5F ; addr, local, , mk1_c, code_compiler, wyz_player.h::wyz_stop_sound::0::99:51
BGICMODBC1                      = $5AD9 ; addr, local, , mk1_c, code_compiler, wyz_player.h::wyz_stop_sound::0::99:51
PUNTERO_P_DECB                  = $5E4D ; addr, local, , mk1_c, code_compiler, wyz_player.h::wyz_stop_sound::0::99:51
PUNTERO_L_DECB                  = $5E61 ; addr, local, , mk1_c, code_compiler, wyz_player.h::wyz_stop_sound::0::99:51
PUNTERO_P_DECC                  = $5E4F ; addr, local, , mk1_c, code_compiler, wyz_player.h::wyz_stop_sound::0::99:51
PUNTERO_L_DECC                  = $5E63 ; addr, local, , mk1_c, code_compiler, wyz_player.h::wyz_stop_sound::0::99:51
PUNTERO_P_DECP                  = $5E69 ; addr, local, , mk1_c, code_compiler, wyz_player.h::wyz_stop_sound::0::99:51
PUNTERO_L_DECP                  = $5E6D ; addr, local, , mk1_c, code_compiler, wyz_player.h::wyz_stop_sound::0::99:51
INIT_DECODER                    = $5A94 ; addr, local, , mk1_c, code_compiler, wyz_player.h::wyz_stop_sound::0::99:51
PUNTERO_A                       = $5E33 ; addr, local, , mk1_c, code_compiler, wyz_player.h::wyz_stop_sound::0::99:51
DECODE_CANAL                    = $5AF3 ; addr, local, , mk1_c, code_compiler, wyz_player.h::wyz_stop_sound::0::99:51
PUNTERO_DECA                    = $5E51 ; addr, local, , mk1_c, code_compiler, wyz_player.h::wyz_stop_sound::0::99:51
PUNTERO_B                       = $5E35 ; addr, local, , mk1_c, code_compiler, wyz_player.h::wyz_stop_sound::0::99:51
PUNTERO_DECB                    = $5E53 ; addr, local, , mk1_c, code_compiler, wyz_player.h::wyz_stop_sound::0::99:51
PUNTERO_C                       = $5E37 ; addr, local, , mk1_c, code_compiler, wyz_player.h::wyz_stop_sound::0::99:51
PUNTERO_DECC                    = $5E55 ; addr, local, , mk1_c, code_compiler, wyz_player.h::wyz_stop_sound::0::99:51
PUNTERO_P                       = $5E65 ; addr, local, , mk1_c, code_compiler, wyz_player.h::wyz_stop_sound::0::99:51
PUNTERO_DECP                    = $5E6B ; addr, local, , mk1_c, code_compiler, wyz_player.h::wyz_stop_sound::0::99:51
BGICMODBC2                      = $5ADB ; addr, local, , mk1_c, code_compiler, wyz_player.h::wyz_stop_sound::0::99:51
FIN_DEC_CANAL                   = $5B44 ; addr, local, , mk1_c, code_compiler, wyz_player.h::wyz_stop_sound::0::99:51
GETLEN                          = $5B49 ; addr, local, , mk1_c, code_compiler, wyz_player.h::wyz_stop_sound::0::99:51
NO_SILENCIO                     = $5B02 ; addr, local, , mk1_c, code_compiler, wyz_player.h::wyz_stop_sound::0::99:51
NO_MODIFICA                     = $5B39 ; addr, local, , mk1_c, code_compiler, wyz_player.h::wyz_stop_sound::0::99:51
NO_PUNTILLO                     = $5B0C ; addr, local, , mk1_c, code_compiler, wyz_player.h::wyz_stop_sound::0::99:51
NO_INSTRUMENTO                  = $5B1F ; addr, local, , mk1_c, code_compiler, wyz_player.h::wyz_stop_sound::0::99:51
NO_ENVOLVENTE                   = $5B2C ; addr, local, , mk1_c, code_compiler, wyz_player.h::wyz_stop_sound::0::99:51
DCBC0                           = $5B56 ; addr, local, , mk1_c, code_compiler, wyz_player.h::wyz_stop_sound::0::99:51
PAUTAS                          = $5B9F ; addr, local, , mk1_c, code_compiler, wyz_player.h::wyz_stop_sound::0::99:51
LOCALIZA_NOTA                   = $5BC9 ; addr, local, , mk1_c, code_compiler, wyz_player.h::wyz_stop_sound::0::99:51
LOCALIZA_EFECTO                 = $5CC4 ; addr, local, , mk1_c, code_compiler, wyz_player.h::wyz_stop_sound::0::99:51
PUNTERO_P_A                     = $5E3F ; addr, local, , mk1_c, code_compiler, wyz_player.h::wyz_stop_sound::0::99:51
PAUTA                           = $5D0B ; addr, local, , mk1_c, code_compiler, wyz_player.h::wyz_stop_sound::0::99:51
PUNTERO_P_B                     = $5E41 ; addr, local, , mk1_c, code_compiler, wyz_player.h::wyz_stop_sound::0::99:51
PUNTERO_P_C                     = $5E43 ; addr, local, , mk1_c, code_compiler, wyz_player.h::wyz_stop_sound::0::99:51
LNJP0                           = $5C40 ; addr, local, , mk1_c, code_compiler, wyz_player.h::wyz_stop_sound::0::99:51
COMANDOS                        = $5BD6 ; addr, local, , mk1_c, code_compiler, wyz_player.h::wyz_stop_sound::0::99:51
COM_EFECTO                      = $5C1B ; addr, local, , mk1_c, code_compiler, wyz_player.h::wyz_stop_sound::0::99:51
NO_DEC_TEMPO                    = $5BE8 ; addr, local, , mk1_c, code_compiler, wyz_player.h::wyz_stop_sound::0::99:51
NO_INC_TEMPO                    = $5BED ; addr, local, , mk1_c, code_compiler, wyz_player.h::wyz_stop_sound::0::99:51
VOL_INST_A                      = $5E5A ; addr, local, , mk1_c, code_compiler, wyz_player.h::wyz_stop_sound::0::99:51
PUNTERO_P_A0                    = $5E45 ; addr, local, , mk1_c, code_compiler, wyz_player.h::wyz_stop_sound::0::99:51
COM_ENVOLVENTE                  = $5C2B ; addr, local, , mk1_c, code_compiler, wyz_player.h::wyz_stop_sound::0::99:51
ENVOLVENTE                      = $5E9E ; addr, local, , mk1_c, code_compiler, wyz_player.h::wyz_stop_sound::0::99:51
NO_FIN_CANAL_A                  = $5C83 ; addr, local, , mk1_c, code_compiler, wyz_player.h::wyz_stop_sound::0::99:51
FIN_CANAL_A                     = $5C6A ; addr, local, , mk1_c, code_compiler, wyz_player.h::wyz_stop_sound::0::99:51
FIN_NOTA_A                      = $5C4A ; addr, local, , mk1_c, code_compiler, wyz_player.h::wyz_stop_sound::0::99:51
FCA_CONT                        = $5C75 ; addr, local, , mk1_c, code_compiler, wyz_player.h::wyz_stop_sound::0::99:51
FIN_RUTINA                      = $5CC3 ; addr, local, , mk1_c, code_compiler, wyz_player.h::wyz_stop_sound::0::99:51
NO_SILENCIO_A                   = $5CB1 ; addr, local, , mk1_c, code_compiler, wyz_player.h::wyz_stop_sound::0::99:51
SILENCIO_ENVOLVENTE             = $5C9E ; addr, local, , mk1_c, code_compiler, wyz_player.h::wyz_stop_sound::0::99:51
REG_NOTA_A                      = $5E59 ; addr, local, , mk1_c, code_compiler, wyz_player.h::wyz_stop_sound::0::99:51
NOTA                            = $5DAB ; addr, local, , mk1_c, code_compiler, wyz_player.h::wyz_stop_sound::0::99:51
LEJP0                           = $5CDB ; addr, local, , mk1_c, code_compiler, wyz_player.h::wyz_stop_sound::0::99:51
NO_FIN_CANAL_P                  = $5D04 ; addr, local, , mk1_c, code_compiler, wyz_player.h::wyz_stop_sound::0::99:51
FIN_CANAL_P                     = $5CFC ; addr, local, , mk1_c, code_compiler, wyz_player.h::wyz_stop_sound::0::99:51
FIN_NOTA_P                      = $5CE4 ; addr, local, , mk1_c, code_compiler, wyz_player.h::wyz_stop_sound::0::99:51
PCAJP4                          = $5D17 ; addr, local, , mk1_c, code_compiler, wyz_player.h::wyz_stop_sound::0::99:51
PCAJP0                          = $5D2B ; addr, local, , mk1_c, code_compiler, wyz_player.h::wyz_stop_sound::0::99:51
PCAJP1                          = $5D42 ; addr, local, , mk1_c, code_compiler, wyz_player.h::wyz_stop_sound::0::99:51
PCAJP2                          = $5D57 ; addr, local, , mk1_c, code_compiler, wyz_player.h::wyz_stop_sound::0::99:51
PCAJP6                          = $5D89 ; addr, local, , mk1_c, code_compiler, wyz_player.h::wyz_stop_sound::0::99:51
ORNMJP1                         = $5D95 ; addr, local, , mk1_c, code_compiler, wyz_player.h::wyz_stop_sound::0::99:51
ORNNEG                          = $5D77 ; addr, local, , mk1_c, code_compiler, wyz_player.h::wyz_stop_sound::0::99:51
PCAJP3                          = $5D79 ; addr, local, , mk1_c, code_compiler, wyz_player.h::wyz_stop_sound::0::99:51
TABLA_NOTAS                     = $5DB3 ; addr, local, , mk1_c, code_compiler, wyz_player.h::wyz_stop_sound::0::99:51
PCAJP5                          = $5D9D ; addr, local, , mk1_c, code_compiler, wyz_player.h::wyz_stop_sound::0::99:51
PCAJP7                          = $5DA7 ; addr, local, , mk1_c, code_compiler, wyz_player.h::wyz_stop_sound::0::99:51
EVOLVENTES                      = $5DC0 ; addr, local, , mk1_c, code_compiler, wyz_player.h::wyz_stop_sound::0::99:51
DATOS_NOTAS                     = $5EA0 ; addr, local, , mk1_c, code_compiler, wyz_player.h::wyz_stop_sound::0::99:51
FRECUENCIA_OFF                  = $5DDA ; addr, local, , mk1_c, code_compiler, wyz_player.h::wyz_stop_sound::0::99:51
CONT_ENV                        = $5DE3 ; addr, local, , mk1_c, code_compiler, wyz_player.h::wyz_stop_sound::0::99:51
CRTBC0                          = $5DED ; addr, local, , mk1_c, code_compiler, wyz_player.h::wyz_stop_sound::0::99:51
SELECT_CANAL_A                  = $5E1A ; addr, local, , mk1_c, code_compiler, wyz_player.h::wyz_stop_sound::0::99:51
SELECT_CANAL_B                  = $5E21 ; addr, local, , mk1_c, code_compiler, wyz_player.h::wyz_stop_sound::0::99:51
SELECT_CANAL_C                  = $5E28 ; addr, local, , mk1_c, code_compiler, wyz_player.h::wyz_stop_sound::0::99:51
PUNTERO_P_B0                    = $5E47 ; addr, local, , mk1_c, code_compiler, wyz_player.h::wyz_stop_sound::0::99:51
PUNTERO_P_C0                    = $5E49 ; addr, local, , mk1_c, code_compiler, wyz_player.h::wyz_stop_sound::0::99:51
REG_NOTA_B                      = $5E5B ; addr, local, , mk1_c, code_compiler, wyz_player.h::wyz_stop_sound::0::99:51
VOL_INST_B                      = $5E5C ; addr, local, , mk1_c, code_compiler, wyz_player.h::wyz_stop_sound::0::99:51
REG_NOTA_C                      = $5E5D ; addr, local, , mk1_c, code_compiler, wyz_player.h::wyz_stop_sound::0::99:51
VOL_INST_C                      = $5E5E ; addr, local, , mk1_c, code_compiler, wyz_player.h::wyz_stop_sound::0::99:51
SFX_L                           = $5E6F ; addr, local, , mk1_c, code_compiler, wyz_player.h::wyz_stop_sound::0::99:51
SFX_H                           = $5E71 ; addr, local, , mk1_c, code_compiler, wyz_player.h::wyz_stop_sound::0::99:51
SFX_V                           = $5E73 ; addr, local, , mk1_c, code_compiler, wyz_player.h::wyz_stop_sound::0::99:51
SFX_MIX                         = $5E75 ; addr, local, , mk1_c, code_compiler, wyz_player.h::wyz_stop_sound::0::99:51
N_SONIDO                        = $5E77 ; addr, local, , mk1_c, code_compiler, wyz_player.h::wyz_stop_sound::0::99:51
i_148                           = $5F58 ; addr, local, , mk1_c, code_compiler, my/title_screen.h::title_screen::0::99:6
i_150                           = $5F70 ; addr, local, , mk1_c, code_compiler, my/title_screen.h::title_screen::0::99:6
i_149                           = $5F89 ; addr, local, , mk1_c, code_compiler, my/title_screen.h::title_screen::0::99:6
i_151                           = $5F58 ; addr, local, , mk1_c, code_compiler, my/title_screen.h::title_screen::0::99:6
_copy_keys_to_extern            = $5F8C ; addr, local, , mk1_c, code_compiler, my/title_screen.h::title_screen::0::99:6
i_152                           = $5FC6 ; addr, local, , mk1_c, code_compiler, mainloop/hud.h::draw_hud::0::103:6
_isr                            = $5FE6 ; addr, local, , mk1_c, code_compiler, mainloop.h::main::0::106:7
isr_done                        = $6016 ; addr, local, , mk1_c, code_compiler, mainloop.h::main::0::106:7
isr_c1                          = $6014 ; addr, local, , mk1_c, code_compiler, mainloop.h::main::0::106:7
_skip_player                    = $600E ; addr, local, , mk1_c, code_compiler, mainloop.h::main::0::106:7
isr_c2                          = $6015 ; addr, local, , mk1_c, code_compiler, mainloop.h::main::0::106:7
i_155                           = $60AB ; addr, local, , mk1_c, code_compiler, mainloop.h::main::0::106:7
i_153                           = $60A6 ; addr, local, , mk1_c, code_compiler, mainloop.h::main::0::106:7
i_154                           = $60EA ; addr, local, , mk1_c, code_compiler, mainloop.h::main::0::106:7
i_158                           = $60F8 ; addr, local, , mk1_c, code_compiler, mainloop.h::main::0::106:7
i_156                           = $60F1 ; addr, local, , mk1_c, code_compiler, mainloop.h::main::0::106:7
i_157                           = $6138 ; addr, local, , mk1_c, code_compiler, mainloop.h::main::0::106:7
_spr_on                         = $E648 ; const, local, , mk1_c, code_compiler, mk1.c::main::0::127:118
i_159                           = $6139 ; addr, local, , mk1_c, code_compiler, mainloop.h::main::1::109:178
_game_loop_init                 = $6156 ; addr, local, , mk1_c, code_compiler, mainloop/game_loop.h::main::3::111:0
i_161                           = $619E ; addr, local, , mk1_c, code_compiler, mainloop/game_loop.h::main::3::111:54
i_162                           = $6341 ; addr, local, , mk1_c, code_compiler, mainloop/game_loop.h::main::4::125:340
_game_loop_do                   = $61A6 ; addr, local, , mk1_c, code_compiler, mainloop/game_loop.h::main::3::111:54
i_163                           = $61C7 ; addr, local, , mk1_c, code_compiler, mainloop/game_loop.h::main::5::113:108
i_164                           = $61FA ; addr, local, , mk1_c, code_compiler, mainloop/game_loop.h::main::5::113:108
i_165                           = $61FA ; addr, local, , mk1_c, code_compiler, mainloop/game_loop.h::main::5::113:108
i_166                           = $61FA ; addr, local, , mk1_c, code_compiler, mainloop/game_loop.h::main::5::113:108
i_167                           = $6227 ; addr, local, , mk1_c, code_compiler, mainloop/game_loop.h::main::5::113:108
i_168                           = $6242 ; addr, local, , mk1_c, code_compiler, mainloop/game_loop.h::main::5::113:108
i_169                           = $6242 ; addr, local, , mk1_c, code_compiler, mainloop/game_loop.h::main::5::113:108
i_170                           = $6267 ; addr, local, , mk1_c, code_compiler, ./mainloop/flick_screen.h::main::4::119:0
i_171                           = $6260 ; addr, local, , mk1_c, code_compiler, mainloop/game_loop.h::main::6::119:239
i_172                           = $6267 ; addr, local, , mk1_c, code_compiler, mainloop/game_loop.h::main::6::119:239
i_174                           = $6288 ; addr, local, , mk1_c, code_compiler, ./mainloop/flick_screen.h::main::4::119:0
i_173                           = $6288 ; addr, local, , mk1_c, code_compiler, ./mainloop/flick_screen.h::main::4::119:0
i_175_i_174                     = $6276 ; addr, local, , mk1_c, code_compiler, ./mainloop/flick_screen.h::main::4::119:0
i_177                           = $62B0 ; addr, local, , mk1_c, code_compiler, ./mainloop/flick_screen.h::main::4::119:0
i_176                           = $62B0 ; addr, local, , mk1_c, code_compiler, ./mainloop/flick_screen.h::main::4::119:0
i_178_i_177                     = $629D ; addr, local, , mk1_c, code_compiler, ./mainloop/flick_screen.h::main::4::119:0
i_180                           = $62DD ; addr, local, , mk1_c, code_compiler, ./mainloop/flick_screen.h::main::4::119:0
i_179                           = $62DD ; addr, local, , mk1_c, code_compiler, ./mainloop/flick_screen.h::main::4::119:0
i_181_i_180                     = $62CB ; addr, local, , mk1_c, code_compiler, ./mainloop/flick_screen.h::main::4::119:0
i_183                           = $6322 ; addr, local, , mk1_c, code_compiler, ./mainloop/flick_screen.h::main::4::119:0
i_182                           = $6322 ; addr, local, , mk1_c, code_compiler, mainloop/game_loop.h::main::4::124:303
i_184_i_183                     = $62F6 ; addr, local, , mk1_c, code_compiler, ./mainloop/flick_screen.h::main::4::119:0
i_185                           = $6322 ; addr, local, , mk1_c, code_compiler, ./mainloop/flick_screen.h::main::4::119:0
i_186                           = $6322 ; addr, local, , mk1_c, code_compiler, ./mainloop/flick_screen.h::main::4::119:0
i_188                           = $6332 ; addr, local, , mk1_c, code_compiler, mainloop/game_loop.h::main::4::124:303
i_187                           = $619E ; addr, local, , mk1_c, code_compiler, mainloop/game_loop.h::main::4::125:340
i_190                           = $6352 ; addr, local, , mk1_c, code_compiler, mainloop.h::main::3::125:239
i_191                           = $6355 ; addr, local, , mk1_c, code_compiler, mainloop.h::main::4::127:277
i_160                           = $6363 ; addr, local, , mk1_c, code_compiler, mainloop.h::main::2::127:284
soloCopia                       = $0593 ; addr, local, , cpc_ShowTileMap, , cpc_ShowTileMap.asm:37
contador_tiles                  = $05E5 ; addr, local, , cpc_ShowTileMap, , cpc_ShowTileMap.asm:109
contador_tiles2                 = $05E6 ; addr, local, , cpc_ShowTileMap, , cpc_ShowTileMap.asm:111
transferir_pantalla_a_superbuffer = $05A0 ; addr, local, , cpc_ShowTileMap, , cpc_ShowTileMap.asm:50
cpc_PutSp                       = $05FC ; addr, local, , cpc_ShowTileMap, , cpc_ShowTileMap.asm:142
bucle_dibujado_fondo            = $05A7 ; addr, local, , cpc_ShowTileMap, , cpc_ShowTileMap.asm:57
transferir_map_sbuffer          = $05E8 ; addr, local, , cpc_ShowTileMap, , cpc_ShowTileMap.asm:114
incremento2                     = $05D8 ; addr, local, , cpc_ShowTileMap, , cpc_ShowTileMap.asm:100
loop_alto_map_sbuffer           = $05EE ; addr, local, , cpc_ShowTileMap, , cpc_ShowTileMap.asm:120
loop_ancho_map_sbuffer          = $05EE ; addr, local, , cpc_ShowTileMap, , cpc_ShowTileMap.asm:121
loop_alto_2                     = $05FE ; addr, local, , cpc_ShowTileMap, , cpc_ShowTileMap.asm:147
sig_linea_2                     = $0615 ; addr, local, , cpc_ShowTileMap, , cpc_ShowTileMap.asm:184
PASARPORDETRAS                  = $0001 ; const, local, , cpc_UpdScr, , CPCconfig.def:8
_tiles_tocados_ptr              = $064A ; addr, local, , cpc_UpdScr, , cpc_UpdScr.asm:56
main_loop                       = $0635 ; addr, local, , cpc_UpdScr, , cpc_UpdScr.asm:38
process_touched_byte            = $064C ; addr, local, , cpc_UpdScr, , cpc_UpdScr.asm:59
bit0_skip                       = $065D ; addr, local, , cpc_UpdScr, , cpc_UpdScr.asm:71
ucopyTile                       = $06A7 ; addr, local, , cpc_UpdScr, , cpc_UpdScr.asm:134
bit1_skip                       = $0667 ; addr, local, , cpc_UpdScr, , cpc_UpdScr.asm:79
bit2_skip                       = $0671 ; addr, local, , cpc_UpdScr, , cpc_UpdScr.asm:87
bit3_skip                       = $067B ; addr, local, , cpc_UpdScr, , cpc_UpdScr.asm:95
bit4_skip                       = $0685 ; addr, local, , cpc_UpdScr, , cpc_UpdScr.asm:103
bit5_skip                       = $068F ; addr, local, , cpc_UpdScr, , cpc_UpdScr.asm:111
bit6_skip                       = $0699 ; addr, local, , cpc_UpdScr, , cpc_UpdScr.asm:119
bit7_skip                       = $06A3 ; addr, local, , cpc_UpdScr, , cpc_UpdScr.asm:127
skeep                           = $0700 ; addr, local, , cpc_UpdScr, , cpc_UpdScr.asm:242
transferir_map_sbuffer_grey     = $06C3 ; addr, local, , cpc_UpdScr, , cpc_UpdScr.asm:169
PASARPORDETRAS                  = $0001 ; const, local, , cpc_ShowTouchedTiles, , CPCconfig.def:8
bucle_cpc_ShowTouchedTiles      = $0710 ; addr, local, , cpc_ShowTouchedTiles, , cpc_ShowTouchedTiles.asm:46
process                         = $0721 ; addr, local, , cpc_ShowTouchedTiles, , cpc_ShowTouchedTiles.asm:65
skipall                         = $074D ; addr, local, , cpc_ShowTouchedTiles, , cpc_ShowTouchedTiles.asm:99
checkbit                        = $0759 ; addr, local, , cpc_ShowTouchedTiles, , cpc_ShowTouchedTiles.asm:113
noincd                          = $0755 ; addr, local, , cpc_ShowTouchedTiles, , cpc_ShowTouchedTiles.asm:107
checkbit_done                   = $0810 ; addr, local, , cpc_ShowTouchedTiles, , cpc_ShowTouchedTiles.asm:373
copyTile                        = $075C ; addr, local, , cpc_ShowTouchedTiles, , cpc_ShowTouchedTiles.asm:116
posicionar_superbuffer          = $075E ; addr, local, , cpc_ShowTouchedTiles, , cpc_ShowTouchedTiles.asm:122
posicionar_pantalla             = $0767 ; addr, local, , cpc_ShowTouchedTiles, , cpc_ShowTouchedTiles.asm:135
transf_bloque_sb_pantalla       = $0775 ; addr, local, , cpc_ShowTouchedTiles, , cpc_ShowTouchedTiles.asm:151
copycell                        = $07D2 ; addr, local, , cpc_ShowTouchedTiles, , cpc_ShowTouchedTiles.asm:275
copybgtile                      = $0786 ; addr, local, , cpc_ShowTouchedTiles, , cpc_ShowTouchedTiles.asm:168
copycell_done                   = $080E ; addr, local, , cpc_ShowTouchedTiles, , cpc_ShowTouchedTiles.asm:368
do_update                       = $082E ; addr, local, , cpc_PutSpTileMap4x8, , cpc_PutSpTileMap4x8.asm:49
origin_next_row                 = $084E ; addr, local, , cpc_PutSpTileMap4x8, , cpc_PutSpTileMap4x8.asm:79
fin                             = $0860 ; addr, local, , cpc_PutSpTileMap4x8, , cpc_PutSpTileMap4x8.asm:96
do_update                       = $087B ; addr, local, , cpc_PutSpTileMap8x16Px, , cpc_PutSpTileMap8x16Px.asm:50
origin_next_row                 = $08A0 ; addr, local, , cpc_PutSpTileMap8x16Px, , cpc_PutSpTileMap8x16Px.asm:85
origin_last_row                 = $08B3 ; addr, local, , cpc_PutSpTileMap8x16Px, , cpc_PutSpTileMap8x16Px.asm:105
fin                             = $08CA ; addr, local, , cpc_PutSpTileMap8x16Px, , cpc_PutSpTileMap8x16Px.asm:130
pulsado                         = $08E2 ; addr, local, , cpc_TestKey, , cpc_TestKey.asm:34
bucle_deteccion_tecla           = $090B ; addr, local, , cpc_AnyKeyPressed, , cpc_AnyKeyPressed.asm:13
tecla_pulsada                   = $091E ; addr, local, , cpc_AnyKeyPressed, , cpc_AnyKeyPressed.asm:25
CHURRERA_CLIPPING               = $0001 ; const, local, , cpc_UpdTileTable, , CPCconfig.def:16
pasa_bloque_a_sbuffer           = $0978 ; addr, local, , cpc_PutTrSp4x8TileMap2b, , cpc_PutTrSp4x8TileMap2b.asm:30
transferir_sprite               = $0978 ; addr, local, , cpc_PutTrSp4x8TileMap2b, , cpc_PutTrSp4x8TileMap2b.asm:32
sp_buffer_mask                  = $098F ; addr, local, , cpc_PutTrSp4x8TileMap2b, , cpc_PutTrSp4x8TileMap2b.asm:52
loop_alto_map_sbuffer           = $0995 ; addr, local, , cpc_PutTrSp4x8TileMap2b, , cpc_PutTrSp4x8TileMap2b.asm:58
pasa_bloque_a_sbuffer           = $09C0 ; addr, local, , cpc_PutTrSp8x16TileMap2bPx, , cpc_PutTrSp8x16TileMap2bPx.asm:33
transferir_sprite               = $09C0 ; addr, local, , cpc_PutTrSp8x16TileMap2bPx, , cpc_PutTrSp8x16TileMap2bPx.asm:35
sp_buffer_mask                  = $09D7 ; addr, local, , cpc_PutTrSp8x16TileMap2bPx, , cpc_PutTrSp8x16TileMap2bPx.asm:55
loop_alto_map_sbuffer_shifted   = $0A0E ; addr, local, , cpc_PutTrSp8x16TileMap2bPx, , cpc_PutTrSp8x16TileMap2bPx.asm:119
loop_alto_map_sbuffer           = $09E1 ; addr, local, , cpc_PutTrSp8x16TileMap2bPx, , cpc_PutTrSp8x16TileMap2bPx.asm:65
keymap0                         = $0A8C ; addr, local, , cpc_KeysData, , cpc_KeysData.asm:16
tecla_0                         = $0A96 ; addr, local, , cpc_KeysData, , cpc_KeysData.asm:18
tabla_teclas0                   = $0A98 ; addr, local, , cpc_KeysData, , cpc_KeysData.asm:20
noinc                           = $0ABE ; addr, local, , cpc_TblLookup, , cpc_TblLookup.asm:17
cpc_InvalidateRect_P            = $0AC8 ; addr, local, , cpc_InvalidateRect, , cpc_InvalidateRect.asm:42
noinc1                          = $0AEE ; addr, local, , cpc_InvalidateRect, , cpc_InvalidateRect.asm:86
invcollp                        = $0AF2 ; addr, local, , cpc_InvalidateRect, , cpc_InvalidateRect.asm:92
invfullchar                     = $0B05 ; addr, local, , cpc_InvalidateRect, , cpc_InvalidateRect.asm:109
noinc2                          = $0B01 ; addr, local, , cpc_InvalidateRect, , cpc_InvalidateRect.asm:103
invrowlp                        = $0B07 ; addr, local, , cpc_InvalidateRect, , cpc_InvalidateRect.asm:113
noinc3                          = $0B12 ; addr, local, , cpc_InvalidateRect, , cpc_InvalidateRect.asm:124
__CLIB_OPT_IMATH                = $0000 ; const, local, , l_divu_16_16x16, , ../config_private.inc:27
divide_zero                     = $64EB ; addr, local, , l_small_divu_16_16x16, code_math, ../_DEVELOPMENT/math/integer/small/l_small_divu_16_16x16.asm:141
divisor_sixteen_bit             = $64BD ; addr, local, , l_small_divu_16_16x16, code_math, ../_DEVELOPMENT/math/integer/small/l_small_divu_16_16x16.asm:50
loop_16_0                       = $64C3 ; addr, local, , l_small_divu_16_16x16, code_math, ../_DEVELOPMENT/math/integer/small/l_small_divu_16_16x16.asm:60
loop_16_1                       = $64CB ; addr, local, , l_small_divu_16_16x16, code_math, ../_DEVELOPMENT/math/integer/small/l_small_divu_16_16x16.asm:69
loop_8_0                        = $64DD ; addr, local, , l_small_divu_16_16x16, code_math, ../_DEVELOPMENT/math/integer/small/l_small_divu_16_16x16.asm:118
loop_8_2                        = $64E4 ; addr, local, , l_small_divu_16_16x16, code_math, ../_DEVELOPMENT/math/integer/small/l_small_divu_16_16x16.asm:127
loop_8_1                        = $64E6 ; addr, local, , l_small_divu_16_16x16, code_math, ../_DEVELOPMENT/math/integer/small/l_small_divu_16_16x16.asm:132
l_sxt                           = $6454 ; addr, local, , l_gchar, code_crt0_sccz80, sccz80/crt0_z80/l_gchar.asm:12
__CLIB_OPT_IMATH                = $0000 ; const, local, , l_mulu_16_16x16, , ../config_private.inc:27
eight_bit_1                     = $64FE ; addr, local, , l_small_mul_16_16x16, code_math, ../_DEVELOPMENT/math/integer/small/l_small_mul_16_16x16.asm:40
eight_bit_0                     = $64FD ; addr, local, , l_small_mul_16_16x16, code_math, ../_DEVELOPMENT/math/integer/small/l_small_mul_16_16x16.asm:36
rejoin                          = $6501 ; addr, local, , l_small_mul_16_16x16, code_math, ../_DEVELOPMENT/math/integer/small/l_small_mul_16_16x16.asm:57
loop_0                          = $6504 ; addr, local, , l_small_mul_16_16x16, code_math, ../_DEVELOPMENT/math/integer/small/l_small_mul_16_16x16.asm:61
loop_1                          = $650B ; addr, local, , l_small_mul_16_16x16, code_math, ../_DEVELOPMENT/math/integer/small/l_small_mul_16_16x16.asm:75
TileMapConf                     = $0406 ; addr, public, , tilemap_conf_asm, , tilemap_conf.asm:75
_nametable                      = $0100 ; const, public, , tilemap_conf_asm, , tilemap_conf.asm:60
pantalla_juego                  = $0100 ; const, public, , tilemap_conf_asm, , tilemap_conf.asm:61
tiles_tocados                   = $CE00 ; const, public, , tilemap_conf_asm, , tilemap_conf.asm:58
posiciones_pantalla             = $0406 ; addr, public, , tilemap_conf_asm, , tilemap_conf.asm:77
posiciones_super_buffer         = $0436 ; addr, public, , tilemap_conf_asm, , tilemap_conf.asm:106
posicion_inicial_area_visible   = $C000 ; const, public, , tilemap_conf_asm, , tilemap_conf.asm:63
posicion_inicial_superbuffer    = $9000 ; const, public, , tilemap_conf_asm, , tilemap_conf.asm:64
ancho_pantalla_bytes            = $0040 ; const, public, , tilemap_conf_asm, , tilemap_conf.asm:69
alto_pantalla_bytes             = $00C0 ; const, public, , tilemap_conf_asm, , tilemap_conf.asm:70
ancho_pantalla_bytes_visible    = $0040 ; const, public, , tilemap_conf_asm, , tilemap_conf.asm:71
mascara1                        = $0000 ; const, public, , tilemap_conf_asm, , tilemap_conf.asm:53
mascara2                        = $0000 ; const, public, , tilemap_conf_asm, , tilemap_conf.asm:54
behindtilemasks                 = $0466 ; addr, public, , tilemap_conf_asm, , tilemap_conf.asm:139
viewport_x                      = $0001 ; const, public, , mk1_c, code_compiler, autodefs.h:8
viewport_y                      = $0002 ; const, public, , mk1_c, code_compiler, autodefs.h:8
tiles                           = $3030 ; addr, public, , mk1_c, code_compiler, assets/tileset.h::show_buffer_and_tiles::0::3:5
_def_keys                       = $0566 ; addr, public, , mk1_c, , my/config.h:256
_behs                           = $0B30 ; addr, public, , mk1_c, data_compiler, my/config.h:383
_enems_init                     = $513E ; addr, public, , mk1_c, code_compiler, engine/enengine.h::enems_init::0::71:66
_enems_load                     = $5188 ; addr, public, , mk1_c, code_compiler, engine/enengine.h::enems_load::0::73:79
_enems_kill                     = $5359 ; addr, public, , mk1_c, code_compiler, engine/enengine.h::enems_kill::0::80:235
_enems_move                     = $536A ; addr, public, , mk1_c, code_compiler, engine/enengine.h::enems_move::0::81:265
_collide                        = $478A ; addr, public, , mk1_c, code_compiler, engine/general.h::collide::0::21:14
_cm_two_points                  = $47BC ; addr, public, , mk1_c, code_compiler, engine/general.h::cm_two_points::0::22:63
_rand                           = $4819 ; addr, public, , mk1_c, code_compiler, engine/general.h::rand::0::23:138
_abs                            = $4842 ; addr, public, , mk1_c, code_compiler, engine/general.h::abs::0::24:182
_hotspots_init                  = $561C ; addr, public, , mk1_c, code_compiler, engine/hotspots.h::hotspots_init::0::90:7
_hotspots_do                    = $562B ; addr, public, , mk1_c, code_compiler, engine/hotspots.h::hotspots_do::0::91:30
_player_init                    = $4ADB ; addr, public, , mk1_c, code_compiler, engine/player.h::player_init::0::35:13
_player_calc_bounding_box       = $4B46 ; addr, public, , mk1_c, code_compiler, engine/player.h::player_calc_bounding_box::0::36:73
_player_move                    = $4B95 ; addr, public, , mk1_c, code_compiler, engine/player.h::player_move::0::37:247
_player_deplete                 = $50E4 ; addr, public, , mk1_c, code_compiler, engine/player.h::player_deplete::0::69:1488
_player_kill                    = $510F ; addr, public, , mk1_c, code_compiler, engine/player.h::player_kill::0::70:1492
_draw_hud                       = $5F98 ; addr, public, , mk1_c, code_compiler, mainloop/hud.h::draw_hud::0::103:6
_unpack                         = $2326 ; addr, public, , mk1_c, code_compiler, aplib.h::unpack::0::0:155
_game_ending                    = $4859 ; addr, public, , mk1_c, code_compiler, my/fixed_screens.h::game_ending::0::25:4
_game_over                      = $4881 ; addr, public, , mk1_c, code_compiler, my/fixed_screens.h::game_over::0::26:19
_addsign                        = $48CB ; addr, public, , mk1_c, code_compiler, engine.h::addsign::0::27:20
_espera_activa                  = $48E5 ; addr, public, , mk1_c, code_compiler, engine.h::espera_activa::0::28:28
_draw_scr_background            = $4906 ; addr, public, , mk1_c, code_compiler, engine.h::draw_scr_background::0::30:352
_draw_scr                       = $4988 ; addr, public, , mk1_c, code_compiler, engine.h::draw_scr::0::32:525
_mons_col_sc_x                  = $4A0F ; addr, public, , mk1_c, code_compiler, engine.h::mons_col_sc_x::0::33:768
_mons_col_sc_y                  = $4A7D ; addr, public, , mk1_c, code_compiler, engine.h::mons_col_sc_y::0::34:849
_blackout                       = $3004 ; addr, public, , mk1_c, code_compiler, pantallas.h::blackout::0::1:32
_attr                           = $4517 ; addr, public, , mk1_c, code_compiler, printer.h::attr::0::3:6
_qtile                          = $4547 ; addr, public, , mk1_c, code_compiler, printer.h::qtile::0::4:61
_draw_coloured_tile             = $457D ; addr, public, , mk1_c, code_compiler, printer.h::draw_coloured_tile::0::6:167
_invalidate_tile                = $4598 ; addr, public, , mk1_c, code_compiler, printer.h::invalidate_tile::0::7:450
_invalidate_viewport            = $45B1 ; addr, public, , mk1_c, code_compiler, printer.h::invalidate_viewport::0::8:470
_draw_invalidate_coloured_tile_gamearea = $45BD ; addr, public, , mk1_c, code_compiler, printer.h::draw_invalidate_coloured_tile_gamearea::0::9:482
_draw_coloured_tile_gamearea    = $45C4 ; addr, public, , mk1_c, code_compiler, printer.h::draw_coloured_tile_gamearea::0::10:487
_draw_decorations               = $45E1 ; addr, public, , mk1_c, code_compiler, printer.h::draw_decorations::0::11:491
_update_tile                    = $4614 ; addr, public, , mk1_c, code_compiler, printer.h::update_tile::0::12:536
_print_number2                  = $4645 ; addr, public, , mk1_c, code_compiler, printer.h::print_number2::0::13:578
_print_str                      = $468C ; addr, public, , mk1_c, code_compiler, printer.h::print_str::0::14:663
_clear_sprites                  = $46BB ; addr, public, , mk1_c, code_compiler, printer.h::clear_sprites::0::15:717
_cpc_UpdateNow                  = $4717 ; addr, public, , mk1_c, code_compiler, engine/update.h::cpc_UpdateNow::0::18:9
_wyz_init                       = $587B ; addr, public, , mk1_c, code_compiler, wyz_player.h::wyz_init::0::95:9
_wyz_play_music                 = $5886 ; addr, public, , mk1_c, code_compiler, wyz_player.h::wyz_play_music::0::96:18
_wyz_play_sound                 = $58AE ; addr, public, , mk1_c, code_compiler, wyz_player.h::wyz_play_sound::0::97:30
_wyz_stop_sound                 = $58B7 ; addr, public, , mk1_c, code_compiler, wyz_player.h::wyz_stop_sound::0::98:41
_pad0                           = $638E ; addr, public, , mk1_c, bss_compiler, mk1.c::main::0::127:118
_enoffs                         = $638F ; addr, public, , mk1_c, bss_compiler, mk1.c::main::0::127:118
_asm_number                     = $6391 ; addr, public, , mk1_c, bss_compiler, mk1.c::main::0::127:118
_asm_int                        = $6392 ; addr, public, , mk1_c, bss_compiler, mk1.c::main::0::127:118
_asm_int_2                      = $6394 ; addr, public, , mk1_c, bss_compiler, mk1.c::main::0::127:118
_seed                           = $6396 ; addr, public, , mk1_c, bss_compiler, mk1.c::main::0::127:118
_half_life                      = $6398 ; addr, public, , mk1_c, bss_compiler, mk1.c::main::0::127:118
_p_x                            = $6399 ; addr, public, , mk1_c, bss_compiler, mk1.c::main::0::127:118
_p_y                            = $639B ; addr, public, , mk1_c, bss_compiler, mk1.c::main::0::127:118
_p_vx                           = $639D ; addr, public, , mk1_c, bss_compiler, mk1.c::main::0::127:118
_p_vy                           = $639F ; addr, public, , mk1_c, bss_compiler, mk1.c::main::0::127:118
_p_saltando                     = $63A1 ; addr, public, , mk1_c, bss_compiler, mk1.c::main::0::127:118
_p_cont_salto                   = $63A2 ; addr, public, , mk1_c, bss_compiler, mk1.c::main::0::127:118
_p_frame                        = $63A3 ; addr, public, , mk1_c, bss_compiler, mk1.c::main::0::127:118
_p_subframe                     = $63A4 ; addr, public, , mk1_c, bss_compiler, mk1.c::main::0::127:118
_p_facing                       = $63A5 ; addr, public, , mk1_c, bss_compiler, mk1.c::main::0::127:118
_p_estado                       = $63A6 ; addr, public, , mk1_c, bss_compiler, mk1.c::main::0::127:118
_p_ct_estado                    = $63A7 ; addr, public, , mk1_c, bss_compiler, mk1.c::main::0::127:118
_p_gotten                       = $63A8 ; addr, public, , mk1_c, bss_compiler, mk1.c::main::0::127:118
_pregotten                      = $63A9 ; addr, public, , mk1_c, bss_compiler, mk1.c::main::0::127:118
_p_life                         = $63AA ; addr, public, , mk1_c, bss_compiler, mk1.c::main::0::127:118
_p_objs                         = $63AB ; addr, public, , mk1_c, bss_compiler, mk1.c::main::0::127:118
_p_keys                         = $63AC ; addr, public, , mk1_c, bss_compiler, mk1.c::main::0::127:118
_p_fuel                         = $63AD ; addr, public, , mk1_c, bss_compiler, mk1.c::main::0::127:118
_p_killed                       = $63AE ; addr, public, , mk1_c, bss_compiler, mk1.c::main::0::127:118
_p_disparando                   = $63AF ; addr, public, , mk1_c, bss_compiler, mk1.c::main::0::127:118
_p_facing_v                     = $63B0 ; addr, public, , mk1_c, bss_compiler, mk1.c::main::0::127:118
_p_facing_h                     = $63B1 ; addr, public, , mk1_c, bss_compiler, mk1.c::main::0::127:118
_p_ammo                         = $63B2 ; addr, public, , mk1_c, bss_compiler, mk1.c::main::0::127:118
_p_killme                       = $63B3 ; addr, public, , mk1_c, bss_compiler, mk1.c::main::0::127:118
_p_kill_amt                     = $63B4 ; addr, public, , mk1_c, bss_compiler, mk1.c::main::0::127:118
_p_tx                           = $63B5 ; addr, public, , mk1_c, bss_compiler, mk1.c::main::0::127:118
_p_ty                           = $63B6 ; addr, public, , mk1_c, bss_compiler, mk1.c::main::0::127:118
_ptgmx                          = $63B7 ; addr, public, , mk1_c, bss_compiler, mk1.c::main::0::127:118
_ptgmy                          = $63B9 ; addr, public, , mk1_c, bss_compiler, mk1.c::main::0::127:118
_spacer                         = $0B60 ; addr, public, , mk1_c, data_compiler, definitions.h:127
_enit                           = $63BB ; addr, public, , mk1_c, bss_compiler, mk1.c::main::0::127:118
_enspit                         = $63BC ; addr, public, , mk1_c, bss_compiler, mk1.c::main::0::127:118
__en_x                          = $63BD ; addr, public, , mk1_c, bss_compiler, mk1.c::main::0::127:118
__en_y                          = $63BE ; addr, public, , mk1_c, bss_compiler, mk1.c::main::0::127:118
__en_x1                         = $63BF ; addr, public, , mk1_c, bss_compiler, mk1.c::main::0::127:118
__en_y1                         = $63C0 ; addr, public, , mk1_c, bss_compiler, mk1.c::main::0::127:118
__en_x2                         = $63C1 ; addr, public, , mk1_c, bss_compiler, mk1.c::main::0::127:118
__en_y2                         = $63C2 ; addr, public, , mk1_c, bss_compiler, mk1.c::main::0::127:118
__en_mx                         = $63C3 ; addr, public, , mk1_c, bss_compiler, mk1.c::main::0::127:118
__en_my                         = $63C4 ; addr, public, , mk1_c, bss_compiler, mk1.c::main::0::127:118
__en_t                          = $63C5 ; addr, public, , mk1_c, bss_compiler, mk1.c::main::0::127:118
__en_life                       = $63C6 ; addr, public, , mk1_c, bss_compiler, mk1.c::main::0::127:118
__baddies_pointer               = $63C7 ; addr, public, , mk1_c, bss_compiler, mk1.c::main::0::127:118
_hotspot_x                      = $63C9 ; addr, public, , mk1_c, bss_compiler, mk1.c::main::0::127:118
_hotspot_y                      = $63CA ; addr, public, , mk1_c, bss_compiler, mk1.c::main::0::127:118
_hotspot_destroy                = $63CB ; addr, public, , mk1_c, bss_compiler, mk1.c::main::0::127:118
_orig_tile                      = $63CC ; addr, public, , mk1_c, bss_compiler, mk1.c::main::0::127:118
_flags                          = $63CD ; addr, public, , mk1_c, bss_compiler, mk1.c::main::0::127:118
_o_pant                         = $63EE ; addr, public, , mk1_c, bss_compiler, mk1.c::main::0::127:118
_n_pant                         = $63EF ; addr, public, , mk1_c, bss_compiler, mk1.c::main::0::127:118
_is_rendering                   = $63F0 ; addr, public, , mk1_c, bss_compiler, mk1.c::main::0::127:118
_level                          = $63F1 ; addr, public, , mk1_c, bss_compiler, mk1.c::main::0::127:118
_slevel                         = $63F2 ; addr, public, , mk1_c, bss_compiler, mk1.c::main::0::127:118
_warp_to_level                  = $0B62 ; addr, public, , mk1_c, data_compiler, definitions.h:209
_maincounter                    = $63F3 ; addr, public, , mk1_c, bss_compiler, mk1.c::main::0::127:118
_timer_on                       = $63F4 ; addr, public, , mk1_c, bss_compiler, mk1.c::main::0::127:118
_timer_t                        = $63F5 ; addr, public, , mk1_c, bss_compiler, mk1.c::main::0::127:118
_timer_frames                   = $63F6 ; addr, public, , mk1_c, bss_compiler, mk1.c::main::0::127:118
_timer_count                    = $63F7 ; addr, public, , mk1_c, bss_compiler, mk1.c::main::0::127:118
_timer_zero                     = $63F8 ; addr, public, , mk1_c, bss_compiler, mk1.c::main::0::127:118
_gpx                            = $63F9 ; addr, public, , mk1_c, bss_compiler, mk1.c::main::0::127:118
_gpox                           = $63FA ; addr, public, , mk1_c, bss_compiler, mk1.c::main::0::127:118
_gpy                            = $63FB ; addr, public, , mk1_c, bss_compiler, mk1.c::main::0::127:118
_gpd                            = $63FC ; addr, public, , mk1_c, bss_compiler, mk1.c::main::0::127:118
_gpc                            = $63FD ; addr, public, , mk1_c, bss_compiler, mk1.c::main::0::127:118
_gpt                            = $63FE ; addr, public, , mk1_c, bss_compiler, mk1.c::main::0::127:118
_gpxx                           = $63FF ; addr, public, , mk1_c, bss_compiler, mk1.c::main::0::127:118
_gpyy                           = $6400 ; addr, public, , mk1_c, bss_compiler, mk1.c::main::0::127:118
_gpcx                           = $6401 ; addr, public, , mk1_c, bss_compiler, mk1.c::main::0::127:118
_gpcy                           = $6402 ; addr, public, , mk1_c, bss_compiler, mk1.c::main::0::127:118
_possee                         = $6403 ; addr, public, , mk1_c, bss_compiler, mk1.c::main::0::127:118
_hit_v                          = $6404 ; addr, public, , mk1_c, bss_compiler, mk1.c::main::0::127:118
_hit_h                          = $6405 ; addr, public, , mk1_c, bss_compiler, mk1.c::main::0::127:118
_hit                            = $6406 ; addr, public, , mk1_c, bss_compiler, mk1.c::main::0::127:118
_wall_h                         = $6407 ; addr, public, , mk1_c, bss_compiler, mk1.c::main::0::127:118
_wall_v                         = $6408 ; addr, public, , mk1_c, bss_compiler, mk1.c::main::0::127:118
_gpen_x                         = $6409 ; addr, public, , mk1_c, bss_compiler, mk1.c::main::0::127:118
_gpen_y                         = $640A ; addr, public, , mk1_c, bss_compiler, mk1.c::main::0::127:118
_gpen_cx                        = $640B ; addr, public, , mk1_c, bss_compiler, mk1.c::main::0::127:118
_gpen_cy                        = $640C ; addr, public, , mk1_c, bss_compiler, mk1.c::main::0::127:118
_gpaux                          = $640D ; addr, public, , mk1_c, bss_compiler, mk1.c::main::0::127:118
_tocado                         = $640E ; addr, public, , mk1_c, bss_compiler, mk1.c::main::0::127:118
_active                         = $640F ; addr, public, , mk1_c, bss_compiler, mk1.c::main::0::127:118
_gpit                           = $6410 ; addr, public, , mk1_c, bss_compiler, mk1.c::main::0::127:118
_gpjt                           = $6411 ; addr, public, , mk1_c, bss_compiler, mk1.c::main::0::127:118
_enoffsmasi                     = $6412 ; addr, public, , mk1_c, bss_compiler, mk1.c::main::0::127:118
_gpint                          = $6414 ; addr, public, , mk1_c, bss_compiler, mk1.c::main::0::127:118
_map_pointer                    = $6416 ; addr, public, , mk1_c, bss_compiler, mk1.c::main::0::127:118
_rdx                            = $6418 ; addr, public, , mk1_c, bss_compiler, mk1.c::main::0::127:118
_rdy                            = $6419 ; addr, public, , mk1_c, bss_compiler, mk1.c::main::0::127:118
_rda                            = $641A ; addr, public, , mk1_c, bss_compiler, mk1.c::main::0::127:118
_rdb                            = $641B ; addr, public, , mk1_c, bss_compiler, mk1.c::main::0::127:118
_rdc                            = $641C ; addr, public, , mk1_c, bss_compiler, mk1.c::main::0::127:118
_rdd                            = $641D ; addr, public, , mk1_c, bss_compiler, mk1.c::main::0::127:118
_rdn                            = $641E ; addr, public, , mk1_c, bss_compiler, mk1.c::main::0::127:118
_rdt                            = $641F ; addr, public, , mk1_c, bss_compiler, mk1.c::main::0::127:118
_itj                            = $6420 ; addr, public, , mk1_c, bss_compiler, mk1.c::main::0::127:118
_objs_old                       = $6422 ; addr, public, , mk1_c, bss_compiler, mk1.c::main::0::127:118
_keys_old                       = $6423 ; addr, public, , mk1_c, bss_compiler, mk1.c::main::0::127:118
_life_old                       = $6424 ; addr, public, , mk1_c, bss_compiler, mk1.c::main::0::127:118
_killed_old                     = $6425 ; addr, public, , mk1_c, bss_compiler, mk1.c::main::0::127:118
_gen_pt                         = $6426 ; addr, public, , mk1_c, bss_compiler, mk1.c::main::0::127:118
_playing                        = $6428 ; addr, public, , mk1_c, bss_compiler, mk1.c::main::0::127:118
_success                        = $6429 ; addr, public, , mk1_c, bss_compiler, mk1.c::main::0::127:118
__x                             = $642A ; addr, public, , mk1_c, bss_compiler, mk1.c::main::0::127:118
__y                             = $642B ; addr, public, , mk1_c, bss_compiler, mk1.c::main::0::127:118
__n                             = $642C ; addr, public, , mk1_c, bss_compiler, mk1.c::main::0::127:118
__t                             = $642D ; addr, public, , mk1_c, bss_compiler, mk1.c::main::0::127:118
_cx1                            = $642E ; addr, public, , mk1_c, bss_compiler, mk1.c::main::0::127:118
_cy1                            = $642F ; addr, public, , mk1_c, bss_compiler, mk1.c::main::0::127:118
_cx2                            = $6430 ; addr, public, , mk1_c, bss_compiler, mk1.c::main::0::127:118
_cy2                            = $6431 ; addr, public, , mk1_c, bss_compiler, mk1.c::main::0::127:118
_at1                            = $6432 ; addr, public, , mk1_c, bss_compiler, mk1.c::main::0::127:118
_at2                            = $6433 ; addr, public, , mk1_c, bss_compiler, mk1.c::main::0::127:118
_x0                             = $6434 ; addr, public, , mk1_c, bss_compiler, mk1.c::main::0::127:118
_y0                             = $6435 ; addr, public, , mk1_c, bss_compiler, mk1.c::main::0::127:118
_x1                             = $6436 ; addr, public, , mk1_c, bss_compiler, mk1.c::main::0::127:118
_y1                             = $6437 ; addr, public, , mk1_c, bss_compiler, mk1.c::main::0::127:118
_ptx1                           = $6438 ; addr, public, , mk1_c, bss_compiler, mk1.c::main::0::127:118
_pty1                           = $6439 ; addr, public, , mk1_c, bss_compiler, mk1.c::main::0::127:118
_ptx2                           = $643A ; addr, public, , mk1_c, bss_compiler, mk1.c::main::0::127:118
_pty2                           = $643B ; addr, public, , mk1_c, bss_compiler, mk1.c::main::0::127:118
_pty2b                          = $643C ; addr, public, , mk1_c, bss_compiler, mk1.c::main::0::127:118
__gp_gen                        = $643D ; addr, public, , mk1_c, bss_compiler, mk1.c::main::0::127:118
_def_keys_joy                   = $224C ; addr, public, , mk1_c, code_compiler, definitions.h:327
_isr_player_on                  = $643F ; addr, public, , mk1_c, bss_compiler, mk1.c::main::0::127:118
_t_seconds                      = $6440 ; addr, public, , mk1_c, bss_compiler, mk1.c::main::0::127:118
_is_joystick                    = $6442 ; addr, public, , mk1_c, bss_compiler, mk1.c::main::0::127:118
_ram_address                    = $6443 ; addr, public, , mk1_c, bss_compiler, mk1.c::main::0::127:118
_ram_destination                = $6445 ; addr, public, , mk1_c, bss_compiler, mk1.c::main::0::127:118
_s_title                        = $2341 ; addr, public, , mk1_c, code_compiler, pantallas.h::unpack::0::1:13
_s_marco                        = $2AFE ; addr, public, , mk1_c, code_compiler, pantallas.h::unpack::0::1:13
_s_ending                       = $2C9F ; addr, public, , mk1_c, code_compiler, pantallas.h::unpack::0::1:25
_show_buffer_and_tiles          = $3023 ; addr, public, , mk1_c, code_compiler, pantallas.h::show_buffer_and_tiles::0::2:55
_my_inks                        = $6364 ; addr, public, , mk1_c, rodata_compiler, assets/pal.h::show_buffer_and_tiles::0::3:5
_mapa                           = $0B63 ; addr, public, , mk1_c, data_compiler, assets/mapa.h::show_buffer_and_tiles::0::3:5
_cerrojos                       = $6447 ; addr, public, , mk1_c, bss_compiler, mk1.c::main::0::127:118
_tileset                        = $3030 ; addr, public, , mk1_c, code_compiler, assets/tileset.h::show_buffer_and_tiles::0::3:5
_malotes                        = $1E23 ; addr, public, , mk1_c, data_compiler, assets/enems.h::show_buffer_and_tiles::0::3:17
_hotspots                       = $2183 ; addr, public, , mk1_c, data_compiler, assets/enems.h::show_buffer_and_tiles::0::3:196
_sprites                        = $4030 ; addr, public, , mk1_c, code_compiler, assets/sprites.h::show_buffer_and_tiles::0::3:10
_sprite_17_a                    = $4430 ; addr, public, , mk1_c, code_compiler, assets/extrasprites.h::show_buffer_and_tiles::0::3:23
_sprite_18_a                    = $4470 ; addr, public, , mk1_c, code_compiler, assets/extrasprites.h::show_buffer_and_tiles::0::3:30
_sm_cox                         = $21E3 ; addr, public, , mk1_c, data_compiler, assets/spriteset_mappings.h::show_buffer_and_tiles::0::3:9
_sm_coy                         = $21F3 ; addr, public, , mk1_c, data_compiler, assets/spriteset_mappings.h::show_buffer_and_tiles::0::3:14
_sm_invfunc                     = $2203 ; addr, public, , mk1_c, data_compiler, assets/spriteset_mappings.h::show_buffer_and_tiles::0::3:19
_sm_updfunc                     = $2223 ; addr, public, , mk1_c, data_compiler, assets/spriteset_mappings.h::show_buffer_and_tiles::0::3:26
_sm_sprptr                      = $44D0 ; addr, public, , mk1_c, code_compiler, assets/spriteset_mappings.h::show_buffer_and_tiles::0::3:34
_trpixlutc                      = $44F0 ; addr, public, , mk1_c, code_compiler, assets/trpixlut.h::show_buffer_and_tiles::0::3:6
__tile_address                  = $4565 ; addr, public, , mk1_c, code_compiler, printer.h::_tile_address::0::5:134
_utaux                          = $2243 ; addr, public, , mk1_c, data_compiler, printer.h::draw_decorations::0::12:535
_pal_set                        = $46E9 ; addr, public, , mk1_c, code_compiler, printer.h::pal_set::0::17:727
_wyz_songs                      = $5877 ; addr, public, , mk1_c, code_compiler, my/wyz/songs.h::hotspots_do::0::95:6
_title_screen                   = $5F3C ; addr, public, , mk1_c, code_compiler, my/title_screen.h::title_screen::0::99:6
_main                           = $5FC7 ; addr, public, , mk1_c, code_compiler, mainloop.h::main::0::106:7
cpc_ShowTileMap                 = $057E ; addr, public, , cpc_ShowTileMap, , cpc_ShowTileMap.asm:20
cpc_ResetTouchedTiles           = $0619 ; addr, public, , cpc_ResetTouchedTiles, , cpc_ResetTouchedTiles.asm:18
cpc_UpdScr                      = $0627 ; addr, public, , cpc_UpdScr, , cpc_UpdScr.asm:29
cpc_ShowTouchedTiles            = $0704 ; addr, public, , cpc_ShowTouchedTiles, , cpc_ShowTouchedTiles.asm:36
cpc_PutSpTileMap4x8             = $0814 ; addr, public, , cpc_PutSpTileMap4x8, , cpc_PutSpTileMap4x8.asm:25
cpc_PutSpTileMap8x16Px          = $0861 ; addr, public, , cpc_PutSpTileMap8x16Px, , cpc_PutSpTileMap8x16Px.asm:26
cpc_TestKey                     = $08CB ; addr, public, , cpc_TestKey, , cpc_TestKey.asm:14
cpc_TestKeyboard                = $08E5 ; addr, public, , cpc_TestKeyboard, , cpc_TestKeyboard.asm:3
cpc_AnyKeyPressed               = $0909 ; addr, public, , cpc_AnyKeyPressed, , cpc_AnyKeyPressed.asm:11
cpc_SetMode                     = $0923 ; addr, public, , cpc_SetMode, , cpc_SetMode.asm:8
cpc_SetColour                   = $092D ; addr, public, , cpc_SetColour, , cpc_SetColour.asm:8
cpc_UpdTileTable                = $094E ; addr, public, , cpc_UpdTileTable, , cpc_UpdTileTable.asm:54
cpc_UpdTileTableClp             = $0940 ; addr, public, , cpc_UpdTileTable, , cpc_UpdTileTable.asm:32
cpc_PutTrSp4x8TileMap2b         = $096D ; addr, public, , cpc_PutTrSp4x8TileMap2b, , cpc_PutTrSp4x8TileMap2b.asm:19
cpc_PutTrSp8x16TileMap2bPx      = $09B2 ; addr, public, , cpc_PutTrSp8x16TileMap2bPx, , cpc_PutTrSp8x16TileMap2bPx.asm:20
cpc_KeysData                    = $0A8C ; addr, public, , cpc_KeysData, , cpc_KeysData.asm:14
tabla_teclas                    = $0A98 ; addr, public, , cpc_KeysData, , cpc_KeysData.asm:40
keymap                          = $0A8C ; addr, public, , cpc_KeysData, , cpc_KeysData.asm:41
cpc_Bit2Mask                    = $0AB1 ; addr, public, , cpc_Bit2Mask, , cpc_Bit2Mask.asm:5
cpc_TblLookup                   = $0AB9 ; addr, public, , cpc_TblLookup, , cpc_TblLookup.asm:11
cpc_InvalidateRect              = $0AC0 ; addr, public, , cpc_InvalidateRect, , cpc_InvalidateRect.asm:29
cpc_bitright2mask               = $0B20 ; addr, public, , cpc_bitright2mask, , cpc_bitright2mask.asm:4
cpc_bitleft2mask                = $0B28 ; addr, public, , cpc_bitleft2mask, , cpc_bitleft2mask.asm:4
l_div_u                         = $64B4 ; addr, public, , l_div_u, code_crt0_sccz80, sccz80/crt0_z80/l_div_u.asm:17
l_divu_16_16x16                 = $64B5 ; addr, public, , l_divu_16_16x16, code_math, ../_DEVELOPMENT/math/integer/l_divu_16_16x16.asm:22
l0_divu_16_16x16                = $64B9 ; addr, public, , l_divu_16_16x16, code_math, ../_DEVELOPMENT/math/integer/l_divu_16_16x16.asm:23
l_small_divu_16_16x16           = $64B5 ; addr, public, , l_small_divu_16_16x16, code_math, ../_DEVELOPMENT/math/integer/small/l_small_divu_16_16x16.asm:17
l0_small_divu_16_16x16          = $64B9 ; addr, public, , l_small_divu_16_16x16, code_math, ../_DEVELOPMENT/math/integer/small/l_small_divu_16_16x16.asm:42
l_small_divu_16_16x8            = $64D5 ; addr, public, , l_small_divu_16_16x16, code_math, ../_DEVELOPMENT/math/integer/small/l_small_divu_16_16x16.asm:87
l0_small_divu_16_16x8           = $64D9 ; addr, public, , l_small_divu_16_16x16, code_math, ../_DEVELOPMENT/math/integer/small/l_small_divu_16_16x16.asm:112
error_divide_by_zero_mc         = $6512 ; addr, public, , error_divide_by_zero_mc, code_error, ../_DEVELOPMENT/error/z80/error_divide_by_zero_mc.asm:12
error_edom_mc                   = $6512 ; addr, public, , error_edom_mc, code_error, ../_DEVELOPMENT/error/z80/error_edom_mc.asm:57
errno_mc                        = $6514 ; addr, public, , errno_mc, code_error, ../_DEVELOPMENT/error/z80/errno_mc.asm:21
_errno                          = $6524 ; addr, public, , _errno, bss_error, ../_DEVELOPMENT/error/z80/_errno.asm:7
error_mc                        = $651F ; addr, public, , error_mc, code_error, ../_DEVELOPMENT/error/z80/error_mc.asm:11
l_eq                            = $6449 ; addr, public, , l_eq, code_crt0_sccz80, sccz80/crt0_z80/l_eq.asm:17
l_gchar                         = $6453 ; addr, public, , l_gchar, code_crt0_sccz80, sccz80/crt0_z80/l_gchar.asm:11
l_gint                          = $6459 ; addr, public, , l_gint, code_crt0_sccz80, sccz80/crt0_z80/l_gint.asm:11
l_gintsp                        = $645E ; addr, public, , l_gintsp, code_crt0_sccz80, sccz80/crt0_z80/l_gintsp.asm:7
l_gt                            = $6466 ; addr, public, , l_gt, code_crt0_sccz80, sccz80/crt0_z80/l_gt.asm:15
l_compare_result                = $6476 ; addr, public, , l_compare_result, code_crt0_sccz80, sccz80/crt0_z80/l_compare_result.asm:4
l_lneg                          = $647C ; addr, public, , l_lneg, code_crt0_sccz80, sccz80/crt0_z80/l_lneg.asm:14
l_lt                            = $6485 ; addr, public, , l_lt, code_crt0_sccz80, sccz80/crt0_z80/l_lt.asm:15
l_mult                          = $64EF ; addr, public, , l_mul, code_crt0_sccz80, sccz80/crt0_z80/l_mul.asm:12
l_mulu_16_16x16                 = $64EF ; addr, public, , l_mulu_16_16x16, code_math, ../_DEVELOPMENT/math/integer/l_mulu_16_16x16.asm:36
l_small_mul_16_16x16            = $64EF ; addr, public, , l_small_mul_16_16x16, code_math, ../_DEVELOPMENT/math/integer/small/l_small_mul_16_16x16.asm:10
l_small_mul_16_16x8             = $64FE ; addr, public, , l_small_mul_16_16x16, code_math, ../_DEVELOPMENT/math/integer/small/l_small_mul_16_16x16.asm:42
l_ne                            = $6495 ; addr, public, , l_ne, code_crt0_sccz80, sccz80/crt0_z80/l_ne.asm:16
l_neg                           = $64A0 ; addr, public, , l_neg, code_crt0_sccz80, sccz80/crt0_z80/l_neg.asm:13
l_pint                          = $64A8 ; addr, public, , l_pint, code_crt0_sccz80, sccz80/crt0_z80/l_pint.asm:11
l_pint_pop                      = $64AE ; addr, public, , l_pint_pop, code_crt0_sccz80, sccz80/crt0_z80/l_pint_pop.asm:12
__head                          = $0400 ; const, public, def, , ,
__tail                          = $6526 ; const, public, def, , ,
__size                          = $6126 ; const, public, def, , ,
__data_compiler_head            = $0B30 ; const, public, def, , ,
__data_compiler_tail            = $2244 ; const, public, def, , ,
__data_compiler_size            = $1714 ; const, public, def, , ,
__code_compiler_head            = $2244 ; const, public, def, , ,
__code_compiler_tail            = $6364 ; const, public, def, , ,
__code_compiler_size            = $4120 ; const, public, def, , ,
__rodata_compiler_head          = $6364 ; const, public, def, , ,
__rodata_compiler_tail          = $638E ; const, public, def, , ,
__rodata_compiler_size          = $002A ; const, public, def, , ,
__bss_compiler_head             = $638E ; const, public, def, , ,
__bss_compiler_tail             = $6449 ; const, public, def, , ,
__bss_compiler_size             = $00BB ; const, public, def, , ,
__code_crt0_sccz80_head         = $6449 ; const, public, def, , ,
__code_crt0_sccz80_tail         = $64B4 ; const, public, def, , ,
__code_crt0_sccz80_size         = $006B ; const, public, def, , ,
__code_clib_head                = $64B4 ; const, public, def, , ,
__code_clib_tail                = $64B4 ; const, public, def, , ,
__code_clib_size                = $0000 ; const, public, def, , ,
__code_math_head                = $64B4 ; const, public, def, , ,
__code_math_tail                = $650F ; const, public, def, , ,
__code_math_size                = $005B ; const, public, def, , ,
__code_error_head               = $650F ; const, public, def, , ,
__code_error_tail               = $6524 ; const, public, def, , ,
__code_error_size               = $0015 ; const, public, def, , ,
__bss_clib_head                 = $6524 ; const, public, def, , ,
__bss_clib_tail                 = $6524 ; const, public, def, , ,
__bss_clib_size                 = $0000 ; const, public, def, , ,
__bss_error_head                = $6524 ; const, public, def, , ,
__bss_error_tail                = $6526 ; const, public, def, , ,
__bss_error_size                = $0002 ; const, public, def, , ,
