DEFINED_CRT_ORG_CODE            = $0001 ; const, local, , cpc_crt0, , C:/Users/r4373259/AppData/Local/Temp/zcc000072A47AAB4/zcc_opt.def:3
CRT_ORG_CODE                    = $0400 ; const, local, , cpc_crt0, , C:/Users/r4373259/AppData/Local/Temp/zcc000072A47AAB4/zcc_opt.def:4
start                           = $0400 ; addr, local, , cpc_crt0, , crt.asm:7
T_WIDTH                         = $0020 ; const, local, , tilemap_conf_asm, , tilemap_conf.asm:66
T_HEIGHT                        = $0018 ; const, local, , tilemap_conf_asm, , tilemap_conf.asm:67
vpClipStruct                    = $057E ; addr, local, , mk1_c, , definitions.h:4
fsClipStruct                    = $0582 ; addr, local, , mk1_c, , definitions.h:4
i_1                             = $63CC ; addr, local, , mk1_c, rodata_compiler, mk1.c::main::0::129:118
HLshr6_A                        = $0BE4 ; addr, local, , mk1_c, code_compiler, mtasmlib.h:6
Ashl16_HL                       = $0BEF ; addr, local, , mk1_c, code_compiler, mtasmlib.h:6
withSign                        = $0BFB ; addr, local, , mk1_c, code_compiler, mtasmlib.h:6
depack                          = $0C03 ; addr, local, , mk1_c, code_compiler, aplib.h:11
apbranch1                       = $0C06 ; addr, local, , mk1_c, code_compiler, aplib.h:11
aploop0                         = $0C08 ; addr, local, , mk1_c, code_compiler, aplib.h:11
ap_getbit                       = $0C8A ; addr, local, , mk1_c, code_compiler, aplib.h:11
aploop                          = $0C0B ; addr, local, , mk1_c, code_compiler, aplib.h:11
apbranch2                       = $0C49 ; addr, local, , mk1_c, code_compiler, aplib.h:11
apbranch3                       = $0C35 ; addr, local, , mk1_c, code_compiler, aplib.h:11
apget4bits                      = $0C1E ; addr, local, , mk1_c, code_compiler, aplib.h:11
apbranch4                       = $0C2C ; addr, local, , mk1_c, code_compiler, aplib.h:11
apwritebyte                     = $0C28 ; addr, local, , mk1_c, code_compiler, aplib.h:11
ap_finishup2                    = $0C77 ; addr, local, , mk1_c, code_compiler, aplib.h:11
ap_getgamma                     = $0C96 ; addr, local, , mk1_c, code_compiler, aplib.h:11
ap_r0_gamma                     = $0C7E ; addr, local, , mk1_c, code_compiler, aplib.h:11
apskip2                         = $0C68 ; addr, local, , mk1_c, code_compiler, aplib.h:11
apskip3                         = $0C71 ; addr, local, , mk1_c, code_compiler, aplib.h:11
ap_finishup                     = $0C74 ; addr, local, , mk1_c, code_compiler, aplib.h:11
ap_getgammaloop                 = $0C99 ; addr, local, , mk1_c, code_compiler, aplib.h:11
bo_l1                           = $198D ; addr, local, , mk1_c, code_compiler, pantallas.h::blackout::0::1:32
_font                           = $2320 ; addr, local, , mk1_c, code_compiler, assets/levels.h::show_buffer_and_tiles::0::3:86
_attr_2                         = $433C ; addr, local, , mk1_c, code_compiler, printer.h::attr::0::3:6
_attr_1                         = $4344 ; addr, local, , mk1_c, code_compiler, printer.h::attr::0::3:6
_attr_1b                        = $434E ; addr, local, , mk1_c, code_compiler, printer.h::attr::0::3:6
_map_attr                       = $C600 ; const, local, , mk1_c, code_compiler, mk1.c::main::0::129:118
_attr_end                       = $4361 ; addr, local, , mk1_c, code_compiler, printer.h::attr::0::3:6
qtile_do                        = $436C ; addr, local, , mk1_c, code_compiler, printer.h::qtile::0::4:61
_map_buff                       = $C696 ; const, local, , mk1_c, code_compiler, mk1.c::main::0::129:118
_draw_decorations_loop          = $4401 ; addr, local, , mk1_c, code_compiler, printer.h::draw_decorations::0::11:491
print_str_loop                  = $44B3 ; addr, local, , mk1_c, code_compiler, printer.h::print_str::0::14:663
print_str_inv                   = $44C5 ; addr, local, , mk1_c, code_compiler, printer.h::print_str::0::14:663
i_15                            = $44F2 ; addr, local, , mk1_c, code_compiler, printer.h::clear_sprites::0::16:719
i_13                            = $44ED ; addr, local, , mk1_c, code_compiler, printer.h::clear_sprites::0::16:719
i_14                            = $4513 ; addr, local, , mk1_c, code_compiler, printer.h::clear_sprites::0::16:719
_sp_sw                          = $E600 ; const, local, , mk1_c, code_compiler, mk1.c::main::0::129:118
i_16                            = $4519 ; addr, local, , mk1_c, code_compiler, printer.h::pal_set::0::18:729
i_17                            = $4541 ; addr, local, , mk1_c, code_compiler, printer.h::pal_set::0::18:729
i_18                            = $4577 ; addr, local, , mk1_c, code_compiler, engine/update.h::cpc_UpdateNow::0::19:9
_cpc_screen_update_inv_loop     = $454E ; addr, local, , mk1_c, code_compiler, engine/update.h::cpc_UpdateNow::0::19:9
_cpc_screen_update_inv_ret      = $4570 ; addr, local, , mk1_c, code_compiler, engine/update.h::cpc_UpdateNow::0::19:9
_cpc_screen_update_upd_buffer   = $4577 ; addr, local, , mk1_c, code_compiler, engine/update.h::cpc_UpdateNow::0::19:9
i_19                            = $45AE ; addr, local, , mk1_c, code_compiler, engine/update.h::cpc_UpdateNow::0::19:9
_cpc_screen_update_upd_loop     = $4586 ; addr, local, , mk1_c, code_compiler, engine/update.h::cpc_UpdateNow::0::19:9
_cpc_screen_update_upd_ret      = $45A9 ; addr, local, , mk1_c, code_compiler, engine/update.h::cpc_UpdateNow::0::19:9
_cpc_screen_update_done         = $45AE ; addr, local, , mk1_c, code_compiler, engine/update.h::cpc_UpdateNow::0::19:9
_cm_two_points_at1_reset        = $45F5 ; addr, local, , mk1_c, code_compiler, engine/general.h::cm_two_points::0::23:63
_cm_two_points_at1_do           = $45F8 ; addr, local, , mk1_c, code_compiler, engine/general.h::cm_two_points::0::23:63
_cm_two_points_at1_done         = $4612 ; addr, local, , mk1_c, code_compiler, engine/general.h::cm_two_points::0::23:63
_cm_two_points_at2_reset        = $4623 ; addr, local, , mk1_c, code_compiler, engine/general.h::cm_two_points::0::23:63
_cm_two_points_at2_do           = $4626 ; addr, local, , mk1_c, code_compiler, engine/general.h::cm_two_points::0::23:63
_cm_two_points_at2_done         = $4640 ; addr, local, , mk1_c, code_compiler, engine/general.h::cm_two_points::0::23:63
rand16                          = $4644 ; addr, local, , mk1_c, code_compiler, engine/general.h::rand::0::24:138
nextrand                        = $4660 ; addr, local, , mk1_c, code_compiler, engine/general.h::rand::0::24:138
i_20                            = $467E ; addr, local, , mk1_c, code_compiler, engine/general.h::abs::0::25:182
i_21                            = $4683 ; addr, local, , mk1_c, code_compiler, engine/general.h::abs::0::25:182
i_22                            = $47CF ; addr, local, , mk1_c, code_compiler, engine/c_levels.h::prepare_level::0::26:2
i_23                            = $489D ; addr, local, , mk1_c, code_compiler, engine.h::addsign::0::31:20
i_24                            = $48A5 ; addr, local, , mk1_c, code_compiler, engine.h::addsign::0::31:20
i_25                            = $48A6 ; addr, local, , mk1_c, code_compiler, engine.h::espera_activa::0::32:28
i_26                            = $48AE ; addr, local, , mk1_c, code_compiler, engine.h::espera_activa::0::32:28
i_29                            = $48AE ; addr, local, , mk1_c, code_compiler, engine.h::espera_activa::0::32:28
i_28                            = $48C6 ; addr, local, , mk1_c, code_compiler, engine.h::espera_activa::0::32:28
i_30                            = $48BC ; addr, local, , mk1_c, code_compiler, engine.h::espera_activa::0::32:28
i_27                            = $48BC ; addr, local, , mk1_c, code_compiler, engine.h::espera_activa::0::32:28
i_33                            = $48FB ; addr, local, , mk1_c, code_compiler, engine.h::draw_scr_background::0::34:352
i_31                            = $48F4 ; addr, local, , mk1_c, code_compiler, engine.h::draw_scr_background::0::34:352
i_32                            = $4961 ; addr, local, , mk1_c, code_compiler, engine.h::draw_scr_background::3::36:474
_draw_scr_packed_existing       = $4922 ; addr, local, , mk1_c, code_compiler, engine.h::draw_scr_background::0::34:352
_draw_scr_packed_new            = $490D ; addr, local, , mk1_c, code_compiler, engine.h::draw_scr_background::0::34:352
_draw_scr_packed_done           = $4927 ; addr, local, , mk1_c, code_compiler, engine.h::draw_scr_background::0::34:352
_advance_worm_no_inc_y          = $495B ; addr, local, , mk1_c, code_compiler, engine.h::draw_scr_background::3::36:474
_hotspots_setup_done            = $49DE ; addr, local, , mk1_c, code_compiler, engine.h::draw_scr::1::37:669
_hotspots_setup_do              = $49A4 ; addr, local, , mk1_c, code_compiler, engine.h::draw_scr::1::37:553
_hotspots_setup_set             = $49D6 ; addr, local, , mk1_c, code_compiler, engine.h::draw_scr::1::37:553
_hotspots_setup_set_refill      = $49D5 ; addr, local, , mk1_c, code_compiler, engine.h::draw_scr::1::37:553
_mons_col_sc_x_lineal           = $49E9 ; addr, local, , mk1_c, code_compiler, engine.h::mons_col_sc_x::0::37:768
_mons_col_sc_x_compare          = $49EF ; addr, local, , mk1_c, code_compiler, engine.h::mons_col_sc_x::0::37:768
_mons_col_sc_x_horz_positive    = $49FC ; addr, local, , mk1_c, code_compiler, engine.h::mons_col_sc_x::0::37:768
_mons_col_sc_x_horz_negative_zero = $49F9 ; addr, local, , mk1_c, code_compiler, engine.h::mons_col_sc_x::0::37:768
_mons_col_sc_x_horz_set         = $49FD ; addr, local, , mk1_c, code_compiler, engine.h::mons_col_sc_x::0::37:768
i_34                            = $4A51 ; addr, local, , mk1_c, code_compiler, engine.h::mons_col_sc_x::0::37:768
i_35                            = $4A54 ; addr, local, , mk1_c, code_compiler, engine.h::mons_col_sc_x::0::37:768
_mons_col_sc_y_lineal           = $4A57 ; addr, local, , mk1_c, code_compiler, engine.h::mons_col_sc_y::0::38:849
_mons_col_sc_y_compare          = $4A5D ; addr, local, , mk1_c, code_compiler, engine.h::mons_col_sc_y::0::38:849
_mons_col_sc_y_vert_positive    = $4A6A ; addr, local, , mk1_c, code_compiler, engine.h::mons_col_sc_y::0::38:849
_mons_col_sc_y_vert_negative_zero = $4A67 ; addr, local, , mk1_c, code_compiler, engine.h::mons_col_sc_y::0::38:849
_mons_col_sc_y_vert_set         = $4A6B ; addr, local, , mk1_c, code_compiler, engine.h::mons_col_sc_y::0::38:849
i_36                            = $4AAF ; addr, local, , mk1_c, code_compiler, engine.h::mons_col_sc_y::0::38:849
i_37                            = $4AB2 ; addr, local, , mk1_c, code_compiler, engine.h::mons_col_sc_y::0::38:849
_player_gravity_add             = $4B57 ; addr, local, , mk1_c, code_compiler, engine/player.h::player_move::0::41:247
_player_gravity_maximum         = $4B5D ; addr, local, , mk1_c, code_compiler, engine/player.h::player_move::0::41:247
_player_gravity_vy_set          = $4B60 ; addr, local, , mk1_c, code_compiler, engine/player.h::player_move::0::41:247
_player_gravity_done            = $4B63 ; addr, local, , mk1_c, code_compiler, engine/player.h::player_move::0::41:247
_player_gravity_p_gotten_done   = $4B73 ; addr, local, , mk1_c, code_compiler, engine/player.h::player_move::0::41:247
i_38                            = $4B90 ; addr, local, , mk1_c, code_compiler, engine/player.h::player_move::1::43:372
i_39                            = $4B9E ; addr, local, , mk1_c, code_compiler, engine/player.h::player_move::1::43:372
i_40                            = $4BB1 ; addr, local, , mk1_c, code_compiler, engine/player.h::player_move::1::43:372
i_41                            = $4C1E ; addr, local, , mk1_c, code_compiler, engine/player.h::player_move::3::45:410
i_43                            = $4BFE ; addr, local, , mk1_c, code_compiler, engine/player.h::player_move::1::43:372
i_42                            = $4C1E ; addr, local, , mk1_c, code_compiler, engine/player.h::player_move::3::45:410
i_45                            = $4C8C ; addr, local, , mk1_c, code_compiler, engine/player.h::player_move::3::47:487
i_47                            = $4C67 ; addr, local, , mk1_c, code_compiler, engine/player.h::player_move::3::45:410
i_48                            = $4C8C ; addr, local, , mk1_c, code_compiler, engine/player.h::player_move::3::45:410
i_49                            = $4C67 ; addr, local, , mk1_c, code_compiler, engine/player.h::player_move::3::45:410
i_46                            = $4C8C ; addr, local, , mk1_c, code_compiler, engine/player.h::player_move::3::47:487
i_52_i_48                       = $4C67 ; addr, local, , mk1_c, code_compiler, engine/player.h::player_move::3::45:410
evil_tile_check_vert_done       = $4CAF ; addr, local, , mk1_c, code_compiler, engine/player.h::player_move::3::47:487
i_53                            = $4CE3 ; addr, local, , mk1_c, code_compiler, engine/player.h::player_move::3::47:487
i_54                            = $4CE6 ; addr, local, , mk1_c, code_compiler, engine/player.h::player_move::3::47:487
i_55                            = $4D65 ; addr, local, , mk1_c, code_compiler, engine/player.h::player_move::3::49:640
i_56                            = $4D1F ; addr, local, , mk1_c, code_compiler, engine/player.h::player_move::3::49:640
i_58                            = $4D0D ; addr, local, , mk1_c, code_compiler, engine/player.h::player_move::3::49:640
i_57                            = $4D69 ; addr, local, , mk1_c, code_compiler, engine/player.h::player_move::3::49:640
i_60                            = $4D69 ; addr, local, , mk1_c, code_compiler, engine/player.h::player_move::3::49:640
i_61                            = $4D4E ; addr, local, , mk1_c, code_compiler, engine/player.h::player_move::3::49:640
i_62                            = $4D69 ; addr, local, , mk1_c, code_compiler, engine/player.h::player_move::3::49:640
i_63                            = $4D69 ; addr, local, , mk1_c, code_compiler, engine/player.h::player_move::3::49:640
i_65                            = $4D7F ; addr, local, , mk1_c, code_compiler, engine/player.h::player_move::3::49:640
i_66                            = $4D82 ; addr, local, , mk1_c, code_compiler, engine/player.h::player_move::3::49:640
i_64                            = $4DB4 ; addr, local, , mk1_c, code_compiler, engine/player.h::player_move::3::49:640
decelerate_right                = $4DA3 ; addr, local, , mk1_c, code_compiler, engine/player.h::player_move::3::49:640
decelerate_left                 = $4D93 ; addr, local, , mk1_c, code_compiler, engine/player.h::player_move::3::49:640
h_acceleration_set              = $4D9E ; addr, local, , mk1_c, code_compiler, engine/player.h::player_move::3::49:640
h_acceleration_done             = $4DFD ; addr, local, , mk1_c, code_compiler, engine/player.h::player_move::2::55:802
h_decelerate_done               = $4DB4 ; addr, local, , mk1_c, code_compiler, engine/player.h::player_move::3::49:640
i_67                            = $4DD8 ; addr, local, , mk1_c, code_compiler, engine/player.h::player_move::2::54:763
accelerate_left_done            = $4DD8 ; addr, local, , mk1_c, code_compiler, engine/player.h::player_move::2::54:763
i_68                            = $4DFD ; addr, local, , mk1_c, code_compiler, engine/player.h::player_move::2::55:802
accelerate_right_done           = $4DFD ; addr, local, , mk1_c, code_compiler, engine/player.h::player_move::2::55:802
i_69                            = $4E1B ; addr, local, , mk1_c, code_compiler, engine/player.h::player_move::1::55:846
i_70                            = $4E2E ; addr, local, , mk1_c, code_compiler, engine/player.h::player_move::1::55:846
i_71                            = $4EB1 ; addr, local, , mk1_c, code_compiler, engine/player.h::player_move::3::57:886
i_73                            = $4E7A ; addr, local, , mk1_c, code_compiler, engine/player.h::player_move::1::55:846
i_72                            = $4EA2 ; addr, local, , mk1_c, code_compiler, engine/player.h::player_move::3::57:886
i_75                            = $4EB1 ; addr, local, , mk1_c, code_compiler, engine/player.h::player_move::3::57:886
i_76                            = $4F16 ; addr, local, , mk1_c, code_compiler, engine/player.h::player_move::3::60:961
i_78                            = $4EE0 ; addr, local, , mk1_c, code_compiler, engine/player.h::player_move::3::57:886
i_77                            = $4F07 ; addr, local, , mk1_c, code_compiler, engine/player.h::player_move::3::60:961
i_80                            = $4F16 ; addr, local, , mk1_c, code_compiler, engine/player.h::player_move::3::60:961
i_81                            = $4F66 ; addr, local, , mk1_c, code_compiler, engine/player.h::player_move::1::63:1108
i_82                            = $4F66 ; addr, local, , mk1_c, code_compiler, ./my/ci/player_center_checks.h::player_move::1::61:0
i_83                            = $4F77 ; addr, local, , mk1_c, code_compiler, engine/player.h::player_move::2::64:1112
i_84                            = $4F7C ; addr, local, , mk1_c, code_compiler, engine/player.h::player_move::2::64:1112
i_85                            = $4FA2 ; addr, local, , mk1_c, code_compiler, engine/player.h::player_move::2::64:1112
i_86                            = $4FC1 ; addr, local, , mk1_c, code_compiler, engine/player.h::player_move::2::64:1112
i_87                            = $4FC1 ; addr, local, , mk1_c, code_compiler, engine/player.h::player_move::2::64:1112
i_88                            = $4FD6 ; addr, local, , mk1_c, code_compiler, engine/player.h::player_move::2::64:1112
i_89                            = $4FD6 ; addr, local, , mk1_c, code_compiler, engine/player.h::player_move::2::64:1112
i_91                            = $4FFB ; addr, local, , mk1_c, code_compiler, engine/player.h::player_move::2::64:1112
i_90                            = $4FFB ; addr, local, , mk1_c, code_compiler, engine/player.h::player_move::2::64:1112
i_92_i_91                       = $4FE4 ; addr, local, , mk1_c, code_compiler, engine/player.h::player_move::2::64:1112
i_93                            = $4FF1 ; addr, local, , mk1_c, code_compiler, engine/player.h::player_move::2::64:1112
i_94                            = $4FF4 ; addr, local, , mk1_c, code_compiler, engine/player.h::player_move::2::64:1112
i_95                            = $504F ; addr, local, , mk1_c, code_compiler, engine/player.h::player_move::2::64:1112
i_96                            = $5008 ; addr, local, , mk1_c, code_compiler, engine/player.h::player_move::2::64:1112
i_97                            = $500B ; addr, local, , mk1_c, code_compiler, engine/player.h::player_move::2::64:1112
i_98                            = $5021 ; addr, local, , mk1_c, code_compiler, engine/player.h::player_move::2::64:1112
i_99                            = $504F ; addr, local, , mk1_c, code_compiler, engine/player.h::player_move::2::64:1112
i_100                           = $503E ; addr, local, , mk1_c, code_compiler, engine/player.h::player_move::2::64:1112
_player_spr_setup               = $5065 ; addr, local, , mk1_c, code_compiler, engine/player.h::player_move::2::64:1112
_player_spr_setup_done          = $5094 ; addr, local, , mk1_c, code_compiler, engine/player.h::player_move::2::64:1112
i_101                           = $50B6 ; addr, local, , mk1_c, code_compiler, engine/player.h::player_deplete::0::73:1488
i_102                           = $50B9 ; addr, local, , mk1_c, code_compiler, engine/player.h::player_deplete::0::73:1488
calc_baddies_pointer            = $50E1 ; addr, local, , mk1_c, code_compiler, engine/enengine.h::player_kill::0::75:6
i_105                           = $5109 ; addr, local, , mk1_c, code_compiler, engine/enengine.h::enems_load::0::75:79
i_103                           = $5102 ; addr, local, , mk1_c, code_compiler, engine/enengine.h::enems_load::0::75:79
i_104                           = $52B8 ; addr, local, , mk1_c, code_compiler, engine/enengine.h::enems_load::3::82:231
_en_an_frame                    = $D603 ; const, local, , mk1_c, code_compiler, mk1.c::main::0::129:118
_en_an_state                    = $D60C ; const, local, , mk1_c, code_compiler, mk1.c::main::0::129:118
_en_an_count                    = $D606 ; const, local, , mk1_c, code_compiler, mk1.c::main::0::129:118
_en_an_next_frame               = $D63C ; const, local, , mk1_c, code_compiler, mk1.c::main::0::129:118
i_106                           = $51C1 ; addr, local, , mk1_c, code_compiler, engine/enengine.h::enems_load::5::79:202
i_109                           = $516F ; addr, local, , mk1_c, code_compiler, engine/enengine.h::enems_load::3::77:122
i_110                           = $5187 ; addr, local, , mk1_c, code_compiler, engine/enengine.h::enems_load::3::77:122
i_111                           = $5187 ; addr, local, , mk1_c, code_compiler, engine/enengine.h::enems_load::3::77:122
i_112                           = $5187 ; addr, local, , mk1_c, code_compiler, engine/enengine.h::enems_load::3::77:122
i_113                           = $5187 ; addr, local, , mk1_c, code_compiler, engine/enengine.h::enems_load::3::77:122
i_114                           = $51B3 ; addr, local, , mk1_c, code_compiler, engine/enengine.h::enems_load::5::79:202
_en_an_base_frame               = $D600 ; const, local, , mk1_c, code_compiler, mk1.c::main::0::129:118
i_108                           = $51CC ; addr, local, , mk1_c, code_compiler, engine/enengine.h::enems_load::5::79:202
i_115                           = $51CC ; addr, local, , mk1_c, code_compiler, engine/enengine.h::enems_load::5::79:202
i_116                           = $52A2 ; addr, local, , mk1_c, code_compiler, engine/enengine.h::enems_load::5::79:202
redefine_sp_sw                  = $51EA ; addr, local, , mk1_c, code_compiler, engine/enengine.h::enems_load::5::79:202
i_117                           = $52B5 ; addr, local, , mk1_c, code_compiler, engine/enengine.h::enems_load::5::79:202
enems_kill_noflag               = $52C5 ; addr, local, , mk1_c, code_compiler, engine/enengine.h::enems_kill::0::82:235
i_120                           = $52E6 ; addr, local, , mk1_c, code_compiler, engine/enengine.h::enems_move::0::83:265
i_118                           = $52E1 ; addr, local, , mk1_c, code_compiler, engine/enengine.h::enems_move::0::83:265
i_119                           = $557B ; addr, local, , mk1_c, code_compiler, engine/enengine.h::enems_move::4::92:787
_en_dying                       = $5336 ; addr, local, , mk1_c, code_compiler, engine/enengine.h::enems_move::0::83:265
_en_dying_done                  = $5361 ; addr, local, , mk1_c, code_compiler, engine/enengine.h::enems_move::0::83:265
_en_dying_dead                  = $534C ; addr, local, , mk1_c, code_compiler, engine/enengine.h::enems_move::0::83:265
_pregotten_calc                 = $5361 ; addr, local, , mk1_c, code_compiler, engine/enengine.h::enems_move::0::83:265
_pregotten_reset                = $537D ; addr, local, , mk1_c, code_compiler, engine/enengine.h::enems_move::0::83:265
_pregotten_set                  = $5379 ; addr, local, , mk1_c, code_compiler, engine/enengine.h::enems_move::0::83:265
_pregotten_write                = $537E ; addr, local, , mk1_c, code_compiler, engine/enengine.h::enems_move::0::83:265
i_123                           = $5386 ; addr, local, , mk1_c, code_compiler, engine/enengine.h::enems_move::3::85:416
i_124                           = $539E ; addr, local, , mk1_c, code_compiler, engine/enengine.h::enems_move::3::85:416
i_125                           = $539E ; addr, local, , mk1_c, code_compiler, engine/enengine.h::enems_move::3::85:416
i_126                           = $539E ; addr, local, , mk1_c, code_compiler, engine/enengine.h::enems_move::3::85:416
i_127                           = $539E ; addr, local, , mk1_c, code_compiler, engine/enengine.h::enems_move::3::85:416
i_122                           = $53F4 ; addr, local, , mk1_c, code_compiler, engine/enengine.h::enems_move::4::86:444
_enems_lm_change_axis_x         = $53C2 ; addr, local, , mk1_c, code_compiler, ./engine/enem_mods/enem_type_lineal.h::enems_move::4::86:0
_enems_lm_change_axis_x_done    = $53CA ; addr, local, , mk1_c, code_compiler, ./engine/enem_mods/enem_type_lineal.h::enems_move::4::86:0
_enems_lm_change_axis_y         = $53E9 ; addr, local, , mk1_c, code_compiler, ./engine/enem_mods/enem_type_lineal.h::enems_move::4::86:0
_enems_lm_change_axis_y_done    = $53F1 ; addr, local, , mk1_c, code_compiler, ./engine/enem_mods/enem_type_lineal.h::enems_move::4::86:0
enems_just_moved                = $53F4 ; addr, local, , mk1_c, code_compiler, engine/enengine.h::enems_move::4::86:444
i_128                           = $54F1 ; addr, local, , mk1_c, code_compiler, engine/enengine.h::enems_move::4::92:787
_enems_move_update_frame_done   = $543A ; addr, local, , mk1_c, code_compiler, engine/enengine.h::enems_move::4::86:444
i_130                           = $54F1 ; addr, local, , mk1_c, code_compiler, engine/enengine.h::enems_move::5::88:545
i_129                           = $54F1 ; addr, local, , mk1_c, code_compiler, engine/enengine.h::enems_move::7::92:602
i_131_i_130                     = $545C ; addr, local, , mk1_c, code_compiler, engine/enengine.h::enems_move::5::88:545
i_133                           = $54C1 ; addr, local, , mk1_c, code_compiler, engine/enengine.h::enems_move::5::88:545
i_132                           = $54C1 ; addr, local, , mk1_c, code_compiler, engine/enengine.h::enems_move::5::88:545
i_134_i_133                     = $5486 ; addr, local, , mk1_c, code_compiler, engine/enengine.h::enems_move::5::88:545
i_135                           = $54F1 ; addr, local, , mk1_c, code_compiler, engine/enengine.h::enems_move::7::92:602
i_136                           = $54F1 ; addr, local, , mk1_c, code_compiler, engine/enengine.h::enems_move::7::92:602
_enem_spr_setup                 = $54F1 ; addr, local, , mk1_c, code_compiler, engine/enengine.h::enems_move::4::92:787
_en_an_sprid                    = $D609 ; const, local, , mk1_c, code_compiler, mk1.c::main::0::129:118
_set_current_frame              = $5533 ; addr, local, , mk1_c, code_compiler, engine/enengine.h::enems_move::4::92:787
_enem_spr_setup_done            = $5548 ; addr, local, , mk1_c, code_compiler, engine/enengine.h::enems_move::4::92:787
i_137                           = $5593 ; addr, local, , mk1_c, code_compiler, engine/hotspots.h::hotspots_do::0::92:29
i_138                           = $5649 ; addr, local, , mk1_c, code_compiler, engine/hotspots.h::hotspots_do::3::95:117
i_141                           = $55C2 ; addr, local, , mk1_c, code_compiler, engine/hotspots.h::hotspots_do::0::92:29
i_140                           = $55F8 ; addr, local, , mk1_c, code_compiler, engine/hotspots.h::hotspots_do::3::95:117
i_142                           = $55C8 ; addr, local, , mk1_c, code_compiler, engine/hotspots.h::hotspots_do::0::92:29
i_143                           = $55EA ; addr, local, , mk1_c, code_compiler, engine/hotspots.h::hotspots_do::0::92:29
i_144                           = $55EF ; addr, local, , mk1_c, code_compiler, engine/hotspots.h::hotspots_do::0::92:29
i_145                           = $5649 ; addr, local, , mk1_c, code_compiler, engine/hotspots.h::hotspots_do::3::95:117
EFECTO0                         = $564A ; addr, local, , mk1_c, code_compiler, my/wyz/efectos.h::hotspots_do::0::96:29
EFECTO1                         = $56A5 ; addr, local, , mk1_c, code_compiler, my/wyz/efectos.h::hotspots_do::0::96:29
EFECTO2                         = $56A6 ; addr, local, , mk1_c, code_compiler, my/wyz/efectos.h::hotspots_do::0::96:29
EFECTO3                         = $56A7 ; addr, local, , mk1_c, code_compiler, my/wyz/efectos.h::hotspots_do::0::96:29
EFECTO4                         = $56D8 ; addr, local, , mk1_c, code_compiler, my/wyz/efectos.h::hotspots_do::0::96:29
EFECTO5                         = $56D9 ; addr, local, , mk1_c, code_compiler, my/wyz/efectos.h::hotspots_do::0::96:29
EFECTO6                         = $56EF ; addr, local, , mk1_c, code_compiler, my/wyz/efectos.h::hotspots_do::0::96:29
EFECTO7                         = $56F0 ; addr, local, , mk1_c, code_compiler, my/wyz/efectos.h::hotspots_do::0::96:29
EFECTO8                         = $56F1 ; addr, local, , mk1_c, code_compiler, my/wyz/efectos.h::hotspots_do::0::96:29
EFECTO9                         = $56F2 ; addr, local, , mk1_c, code_compiler, my/wyz/efectos.h::hotspots_do::0::96:29
EFECTO10                        = $56F3 ; addr, local, , mk1_c, code_compiler, my/wyz/efectos.h::hotspots_do::0::96:29
EFECTO11                        = $56F4 ; addr, local, , mk1_c, code_compiler, my/wyz/efectos.h::hotspots_do::0::96:29
EFECTO12                        = $56F5 ; addr, local, , mk1_c, code_compiler, my/wyz/efectos.h::hotspots_do::0::96:29
EFECTO13                        = $571A ; addr, local, , mk1_c, code_compiler, my/wyz/efectos.h::hotspots_do::0::96:29
EFECTO14                        = $573F ; addr, local, , mk1_c, code_compiler, my/wyz/efectos.h::hotspots_do::0::96:29
TABLA_PAUTAS                    = $575E ; addr, local, , mk1_c, code_compiler, my/wyz/instrumentos.h::hotspots_do::0::96:7
PAUTA_0                         = $5762 ; addr, local, , mk1_c, code_compiler, my/wyz/instrumentos.h::hotspots_do::0::96:7
TABLA_SONIDOS                   = $5760 ; addr, local, , mk1_c, code_compiler, my/wyz/instrumentos.h::hotspots_do::0::96:7
_00_title_mus_bin               = $576B ; addr, local, , mk1_c, code_compiler, my/wyz/songs.h::hotspots_do::0::96:6
_01_ingame_mus_bin              = $57BD ; addr, local, , mk1_c, code_compiler, my/wyz/songs.h::hotspots_do::0::96:6
WYZPLAYER_INIT                  = $5810 ; addr, local, , mk1_c, code_compiler, wyz_player.h::wyz_stop_sound::0::100:51
CARGA_CANCION                   = $5974 ; addr, local, , mk1_c, code_compiler, wyz_player.h::wyz_stop_sound::0::100:51
INICIA_EFECTO                   = $5850 ; addr, local, , mk1_c, code_compiler, wyz_player.h::wyz_stop_sound::0::100:51
PLAYER_OFF                      = $5951 ; addr, local, , mk1_c, code_compiler, wyz_player.h::wyz_stop_sound::0::100:51
CANAL_A                         = $5D8A ; addr, local, , mk1_c, code_compiler, wyz_player.h::wyz_stop_sound::0::100:51
CANAL_B                         = $5D8C ; addr, local, , mk1_c, code_compiler, wyz_player.h::wyz_stop_sound::0::100:51
CANAL_C                         = $5D8E ; addr, local, , mk1_c, code_compiler, wyz_player.h::wyz_stop_sound::0::100:51
CANAL_P                         = $5DB8 ; addr, local, , mk1_c, code_compiler, wyz_player.h::wyz_stop_sound::0::100:51
INICIO                          = $5829 ; addr, local, , mk1_c, code_compiler, wyz_player.h::wyz_stop_sound::0::100:51
WYZ_PLAYER_ISR                  = $5829 ; addr, local, , mk1_c, code_compiler, wyz_player.h::wyz_stop_sound::0::100:51
ROUT                            = $5915 ; addr, local, , mk1_c, code_compiler, wyz_player.h::wyz_stop_sound::0::100:51
PSG_REG                         = $5DCF ; addr, local, , mk1_c, code_compiler, wyz_player.h::wyz_stop_sound::0::100:51
PSG_REG_SEC                     = $5DDF ; addr, local, , mk1_c, code_compiler, wyz_player.h::wyz_stop_sound::0::100:51
REPRODUCE_SONIDO                = $586B ; addr, local, , mk1_c, code_compiler, wyz_player.h::wyz_stop_sound::0::100:51
PLAY                            = $5AAD ; addr, local, , mk1_c, code_compiler, wyz_player.h::wyz_stop_sound::0::100:51
REPRODUCE_EFECTO                = $588A ; addr, local, , mk1_c, code_compiler, wyz_player.h::wyz_stop_sound::0::100:51
INICIA_SONIDO                   = $5840 ; addr, local, , mk1_c, code_compiler, wyz_player.h::wyz_stop_sound::0::100:51
EXT_WORD                        = $5D5C ; addr, local, , mk1_c, code_compiler, wyz_player.h::wyz_stop_sound::0::100:51
PUNTERO_SONIDO                  = $5DC9 ; addr, local, , mk1_c, code_compiler, wyz_player.h::wyz_stop_sound::0::100:51
INTERR                          = $5D80 ; addr, local, , mk1_c, code_compiler, wyz_player.h::wyz_stop_sound::0::100:51
TABLA_EFECTOS                   = $5E6F ; addr, local, , mk1_c, code_compiler, wyz_player.h::wyz_stop_sound::0::100:51
PUNTERO_EFECTO                  = $5DA8 ; addr, local, , mk1_c, code_compiler, wyz_player.h::wyz_stop_sound::0::100:51
TABLA_DATOS_CANAL_SFX           = $5D65 ; addr, local, , mk1_c, code_compiler, wyz_player.h::wyz_stop_sound::0::100:51
EFECTO_REGS                     = $5DCB ; addr, local, , mk1_c, code_compiler, wyz_player.h::wyz_stop_sound::0::100:51
SONIDO_REGS                     = $5DCD ; addr, local, , mk1_c, code_compiler, wyz_player.h::wyz_stop_sound::0::100:51
REPRODUCE_SONIDO_O_EFECTO       = $58A9 ; addr, local, , mk1_c, code_compiler, wyz_player.h::wyz_stop_sound::0::100:51
REPRODUCE_SONIDO_LIMPIA_BIT     = $5884 ; addr, local, , mk1_c, code_compiler, wyz_player.h::wyz_stop_sound::0::100:51
REPRODUCE_EFECTO_LIMPIA_BIT     = $58A3 ; addr, local, , mk1_c, code_compiler, wyz_player.h::wyz_stop_sound::0::100:51
FIN_SONIDO                      = $5905 ; addr, local, , mk1_c, code_compiler, wyz_player.h::wyz_stop_sound::0::100:51
NO_ENVOLVENTES_SONIDO           = $58EB ; addr, local, , mk1_c, code_compiler, wyz_player.h::wyz_stop_sound::0::100:51
NO_RUIDO                        = $58F8 ; addr, local, , mk1_c, code_compiler, wyz_player.h::wyz_stop_sound::0::100:51
SI_RUIDO                        = $58FE ; addr, local, , mk1_c, code_compiler, wyz_player.h::wyz_stop_sound::0::100:51
ENVOLVENTE_BACK                 = $5DF0 ; addr, local, , mk1_c, code_compiler, wyz_player.h::wyz_stop_sound::0::100:51
FIN_NOPLAYER                    = $590E ; addr, local, , mk1_c, code_compiler, wyz_player.h::wyz_stop_sound::0::100:51
NO_BACKUP_ENVOLVENTE            = $591F ; addr, local, , mk1_c, code_compiler, wyz_player.h::wyz_stop_sound::0::100:51
LOUT                            = $5922 ; addr, local, , mk1_c, code_compiler, wyz_player.h::wyz_stop_sound::0::100:51
WRITEPSGHL                      = $593A ; addr, local, , mk1_c, code_compiler, wyz_player.h::wyz_stop_sound::0::100:51
CLEAR_PSG_BUFFER                = $5955 ; addr, local, , mk1_c, code_compiler, wyz_player.h::wyz_stop_sound::0::100:51
SONG                            = $5D81 ; addr, local, , mk1_c, code_compiler, wyz_player.h::wyz_stop_sound::0::100:51
DECODE_SONG                     = $597D ; addr, local, , mk1_c, code_compiler, wyz_player.h::wyz_stop_sound::0::100:51
TABLA_SONG                      = $5E6D ; addr, local, , mk1_c, code_compiler, wyz_player.h::wyz_stop_sound::0::100:51
TEMPO                           = $5D82 ; addr, local, , mk1_c, code_compiler, wyz_player.h::wyz_stop_sound::0::100:51
TTEMPO                          = $5D83 ; addr, local, , mk1_c, code_compiler, wyz_player.h::wyz_stop_sound::0::100:51
NPTJP0                          = $5999 ; addr, local, , mk1_c, code_compiler, wyz_player.h::wyz_stop_sound::0::100:51
PUNTERO_P_DECA                  = $5D9C ; addr, local, , mk1_c, code_compiler, wyz_player.h::wyz_stop_sound::0::100:51
PUNTERO_L_DECA                  = $5DB0 ; addr, local, , mk1_c, code_compiler, wyz_player.h::wyz_stop_sound::0::100:51
BGICMODBC1                      = $5A2A ; addr, local, , mk1_c, code_compiler, wyz_player.h::wyz_stop_sound::0::100:51
PUNTERO_P_DECB                  = $5D9E ; addr, local, , mk1_c, code_compiler, wyz_player.h::wyz_stop_sound::0::100:51
PUNTERO_L_DECB                  = $5DB2 ; addr, local, , mk1_c, code_compiler, wyz_player.h::wyz_stop_sound::0::100:51
PUNTERO_P_DECC                  = $5DA0 ; addr, local, , mk1_c, code_compiler, wyz_player.h::wyz_stop_sound::0::100:51
PUNTERO_L_DECC                  = $5DB4 ; addr, local, , mk1_c, code_compiler, wyz_player.h::wyz_stop_sound::0::100:51
PUNTERO_P_DECP                  = $5DBA ; addr, local, , mk1_c, code_compiler, wyz_player.h::wyz_stop_sound::0::100:51
PUNTERO_L_DECP                  = $5DBE ; addr, local, , mk1_c, code_compiler, wyz_player.h::wyz_stop_sound::0::100:51
INIT_DECODER                    = $59E5 ; addr, local, , mk1_c, code_compiler, wyz_player.h::wyz_stop_sound::0::100:51
PUNTERO_A                       = $5D84 ; addr, local, , mk1_c, code_compiler, wyz_player.h::wyz_stop_sound::0::100:51
DECODE_CANAL                    = $5A44 ; addr, local, , mk1_c, code_compiler, wyz_player.h::wyz_stop_sound::0::100:51
PUNTERO_DECA                    = $5DA2 ; addr, local, , mk1_c, code_compiler, wyz_player.h::wyz_stop_sound::0::100:51
PUNTERO_B                       = $5D86 ; addr, local, , mk1_c, code_compiler, wyz_player.h::wyz_stop_sound::0::100:51
PUNTERO_DECB                    = $5DA4 ; addr, local, , mk1_c, code_compiler, wyz_player.h::wyz_stop_sound::0::100:51
PUNTERO_C                       = $5D88 ; addr, local, , mk1_c, code_compiler, wyz_player.h::wyz_stop_sound::0::100:51
PUNTERO_DECC                    = $5DA6 ; addr, local, , mk1_c, code_compiler, wyz_player.h::wyz_stop_sound::0::100:51
PUNTERO_P                       = $5DB6 ; addr, local, , mk1_c, code_compiler, wyz_player.h::wyz_stop_sound::0::100:51
PUNTERO_DECP                    = $5DBC ; addr, local, , mk1_c, code_compiler, wyz_player.h::wyz_stop_sound::0::100:51
BGICMODBC2                      = $5A2C ; addr, local, , mk1_c, code_compiler, wyz_player.h::wyz_stop_sound::0::100:51
FIN_DEC_CANAL                   = $5A95 ; addr, local, , mk1_c, code_compiler, wyz_player.h::wyz_stop_sound::0::100:51
GETLEN                          = $5A9A ; addr, local, , mk1_c, code_compiler, wyz_player.h::wyz_stop_sound::0::100:51
NO_SILENCIO                     = $5A53 ; addr, local, , mk1_c, code_compiler, wyz_player.h::wyz_stop_sound::0::100:51
NO_MODIFICA                     = $5A8A ; addr, local, , mk1_c, code_compiler, wyz_player.h::wyz_stop_sound::0::100:51
NO_PUNTILLO                     = $5A5D ; addr, local, , mk1_c, code_compiler, wyz_player.h::wyz_stop_sound::0::100:51
NO_INSTRUMENTO                  = $5A70 ; addr, local, , mk1_c, code_compiler, wyz_player.h::wyz_stop_sound::0::100:51
NO_ENVOLVENTE                   = $5A7D ; addr, local, , mk1_c, code_compiler, wyz_player.h::wyz_stop_sound::0::100:51
DCBC0                           = $5AA7 ; addr, local, , mk1_c, code_compiler, wyz_player.h::wyz_stop_sound::0::100:51
PAUTAS                          = $5AF0 ; addr, local, , mk1_c, code_compiler, wyz_player.h::wyz_stop_sound::0::100:51
LOCALIZA_NOTA                   = $5B1A ; addr, local, , mk1_c, code_compiler, wyz_player.h::wyz_stop_sound::0::100:51
LOCALIZA_EFECTO                 = $5C15 ; addr, local, , mk1_c, code_compiler, wyz_player.h::wyz_stop_sound::0::100:51
PUNTERO_P_A                     = $5D90 ; addr, local, , mk1_c, code_compiler, wyz_player.h::wyz_stop_sound::0::100:51
PAUTA                           = $5C5C ; addr, local, , mk1_c, code_compiler, wyz_player.h::wyz_stop_sound::0::100:51
PUNTERO_P_B                     = $5D92 ; addr, local, , mk1_c, code_compiler, wyz_player.h::wyz_stop_sound::0::100:51
PUNTERO_P_C                     = $5D94 ; addr, local, , mk1_c, code_compiler, wyz_player.h::wyz_stop_sound::0::100:51
LNJP0                           = $5B91 ; addr, local, , mk1_c, code_compiler, wyz_player.h::wyz_stop_sound::0::100:51
COMANDOS                        = $5B27 ; addr, local, , mk1_c, code_compiler, wyz_player.h::wyz_stop_sound::0::100:51
COM_EFECTO                      = $5B6C ; addr, local, , mk1_c, code_compiler, wyz_player.h::wyz_stop_sound::0::100:51
NO_DEC_TEMPO                    = $5B39 ; addr, local, , mk1_c, code_compiler, wyz_player.h::wyz_stop_sound::0::100:51
NO_INC_TEMPO                    = $5B3E ; addr, local, , mk1_c, code_compiler, wyz_player.h::wyz_stop_sound::0::100:51
VOL_INST_A                      = $5DAB ; addr, local, , mk1_c, code_compiler, wyz_player.h::wyz_stop_sound::0::100:51
PUNTERO_P_A0                    = $5D96 ; addr, local, , mk1_c, code_compiler, wyz_player.h::wyz_stop_sound::0::100:51
COM_ENVOLVENTE                  = $5B7C ; addr, local, , mk1_c, code_compiler, wyz_player.h::wyz_stop_sound::0::100:51
ENVOLVENTE                      = $5DEF ; addr, local, , mk1_c, code_compiler, wyz_player.h::wyz_stop_sound::0::100:51
NO_FIN_CANAL_A                  = $5BD4 ; addr, local, , mk1_c, code_compiler, wyz_player.h::wyz_stop_sound::0::100:51
FIN_CANAL_A                     = $5BBB ; addr, local, , mk1_c, code_compiler, wyz_player.h::wyz_stop_sound::0::100:51
FIN_NOTA_A                      = $5B9B ; addr, local, , mk1_c, code_compiler, wyz_player.h::wyz_stop_sound::0::100:51
FCA_CONT                        = $5BC6 ; addr, local, , mk1_c, code_compiler, wyz_player.h::wyz_stop_sound::0::100:51
FIN_RUTINA                      = $5C14 ; addr, local, , mk1_c, code_compiler, wyz_player.h::wyz_stop_sound::0::100:51
NO_SILENCIO_A                   = $5C02 ; addr, local, , mk1_c, code_compiler, wyz_player.h::wyz_stop_sound::0::100:51
SILENCIO_ENVOLVENTE             = $5BEF ; addr, local, , mk1_c, code_compiler, wyz_player.h::wyz_stop_sound::0::100:51
REG_NOTA_A                      = $5DAA ; addr, local, , mk1_c, code_compiler, wyz_player.h::wyz_stop_sound::0::100:51
NOTA                            = $5CFC ; addr, local, , mk1_c, code_compiler, wyz_player.h::wyz_stop_sound::0::100:51
LEJP0                           = $5C2C ; addr, local, , mk1_c, code_compiler, wyz_player.h::wyz_stop_sound::0::100:51
NO_FIN_CANAL_P                  = $5C55 ; addr, local, , mk1_c, code_compiler, wyz_player.h::wyz_stop_sound::0::100:51
FIN_CANAL_P                     = $5C4D ; addr, local, , mk1_c, code_compiler, wyz_player.h::wyz_stop_sound::0::100:51
FIN_NOTA_P                      = $5C35 ; addr, local, , mk1_c, code_compiler, wyz_player.h::wyz_stop_sound::0::100:51
PCAJP4                          = $5C68 ; addr, local, , mk1_c, code_compiler, wyz_player.h::wyz_stop_sound::0::100:51
PCAJP0                          = $5C7C ; addr, local, , mk1_c, code_compiler, wyz_player.h::wyz_stop_sound::0::100:51
PCAJP1                          = $5C93 ; addr, local, , mk1_c, code_compiler, wyz_player.h::wyz_stop_sound::0::100:51
PCAJP2                          = $5CA8 ; addr, local, , mk1_c, code_compiler, wyz_player.h::wyz_stop_sound::0::100:51
PCAJP6                          = $5CDA ; addr, local, , mk1_c, code_compiler, wyz_player.h::wyz_stop_sound::0::100:51
ORNMJP1                         = $5CE6 ; addr, local, , mk1_c, code_compiler, wyz_player.h::wyz_stop_sound::0::100:51
ORNNEG                          = $5CC8 ; addr, local, , mk1_c, code_compiler, wyz_player.h::wyz_stop_sound::0::100:51
PCAJP3                          = $5CCA ; addr, local, , mk1_c, code_compiler, wyz_player.h::wyz_stop_sound::0::100:51
TABLA_NOTAS                     = $5D04 ; addr, local, , mk1_c, code_compiler, wyz_player.h::wyz_stop_sound::0::100:51
PCAJP5                          = $5CEE ; addr, local, , mk1_c, code_compiler, wyz_player.h::wyz_stop_sound::0::100:51
PCAJP7                          = $5CF8 ; addr, local, , mk1_c, code_compiler, wyz_player.h::wyz_stop_sound::0::100:51
EVOLVENTES                      = $5D11 ; addr, local, , mk1_c, code_compiler, wyz_player.h::wyz_stop_sound::0::100:51
DATOS_NOTAS                     = $5DF1 ; addr, local, , mk1_c, code_compiler, wyz_player.h::wyz_stop_sound::0::100:51
FRECUENCIA_OFF                  = $5D2B ; addr, local, , mk1_c, code_compiler, wyz_player.h::wyz_stop_sound::0::100:51
CONT_ENV                        = $5D34 ; addr, local, , mk1_c, code_compiler, wyz_player.h::wyz_stop_sound::0::100:51
CRTBC0                          = $5D3E ; addr, local, , mk1_c, code_compiler, wyz_player.h::wyz_stop_sound::0::100:51
SELECT_CANAL_A                  = $5D6B ; addr, local, , mk1_c, code_compiler, wyz_player.h::wyz_stop_sound::0::100:51
SELECT_CANAL_B                  = $5D72 ; addr, local, , mk1_c, code_compiler, wyz_player.h::wyz_stop_sound::0::100:51
SELECT_CANAL_C                  = $5D79 ; addr, local, , mk1_c, code_compiler, wyz_player.h::wyz_stop_sound::0::100:51
PUNTERO_P_B0                    = $5D98 ; addr, local, , mk1_c, code_compiler, wyz_player.h::wyz_stop_sound::0::100:51
PUNTERO_P_C0                    = $5D9A ; addr, local, , mk1_c, code_compiler, wyz_player.h::wyz_stop_sound::0::100:51
REG_NOTA_B                      = $5DAC ; addr, local, , mk1_c, code_compiler, wyz_player.h::wyz_stop_sound::0::100:51
VOL_INST_B                      = $5DAD ; addr, local, , mk1_c, code_compiler, wyz_player.h::wyz_stop_sound::0::100:51
REG_NOTA_C                      = $5DAE ; addr, local, , mk1_c, code_compiler, wyz_player.h::wyz_stop_sound::0::100:51
VOL_INST_C                      = $5DAF ; addr, local, , mk1_c, code_compiler, wyz_player.h::wyz_stop_sound::0::100:51
SFX_L                           = $5DC0 ; addr, local, , mk1_c, code_compiler, wyz_player.h::wyz_stop_sound::0::100:51
SFX_H                           = $5DC2 ; addr, local, , mk1_c, code_compiler, wyz_player.h::wyz_stop_sound::0::100:51
SFX_V                           = $5DC4 ; addr, local, , mk1_c, code_compiler, wyz_player.h::wyz_stop_sound::0::100:51
SFX_MIX                         = $5DC6 ; addr, local, , mk1_c, code_compiler, wyz_player.h::wyz_stop_sound::0::100:51
N_SONIDO                        = $5DC8 ; addr, local, , mk1_c, code_compiler, wyz_player.h::wyz_stop_sound::0::100:51
i_146                           = $5EA9 ; addr, local, , mk1_c, code_compiler, my/title_screen.h::title_screen::0::100:6
i_148                           = $5EC1 ; addr, local, , mk1_c, code_compiler, my/title_screen.h::title_screen::0::100:6
i_147                           = $5EDA ; addr, local, , mk1_c, code_compiler, my/title_screen.h::title_screen::0::100:6
i_149                           = $5EA9 ; addr, local, , mk1_c, code_compiler, my/title_screen.h::title_screen::0::100:6
_copy_keys_to_extern            = $5EDD ; addr, local, , mk1_c, code_compiler, my/title_screen.h::title_screen::0::100:6
i_150                           = $5F17 ; addr, local, , mk1_c, code_compiler, mainloop/hud.h::draw_hud::0::104:6
_isr                            = $5F37 ; addr, local, , mk1_c, code_compiler, mainloop.h::main::0::107:7
isr_done                        = $5F67 ; addr, local, , mk1_c, code_compiler, mainloop.h::main::0::107:7
isr_c1                          = $5F65 ; addr, local, , mk1_c, code_compiler, mainloop.h::main::0::107:7
_skip_player                    = $5F5F ; addr, local, , mk1_c, code_compiler, mainloop.h::main::0::107:7
isr_c2                          = $5F66 ; addr, local, , mk1_c, code_compiler, mainloop.h::main::0::107:7
i_153                           = $5FFC ; addr, local, , mk1_c, code_compiler, mainloop.h::main::0::107:7
i_151                           = $5FF7 ; addr, local, , mk1_c, code_compiler, mainloop.h::main::0::107:7
i_152                           = $603B ; addr, local, , mk1_c, code_compiler, mainloop.h::main::0::107:7
i_156                           = $6049 ; addr, local, , mk1_c, code_compiler, mainloop.h::main::0::107:7
i_154                           = $6042 ; addr, local, , mk1_c, code_compiler, mainloop.h::main::0::107:7
i_155                           = $6089 ; addr, local, , mk1_c, code_compiler, mainloop.h::main::0::107:7
_spr_on                         = $E648 ; const, local, , mk1_c, code_compiler, mk1.c::main::0::129:118
i_157                           = $608A ; addr, local, , mk1_c, code_compiler, mainloop.h::main::1::110:178
i_159                           = $60A0 ; addr, local, , mk1_c, code_compiler, mainloop.h::main::2::111:199
_game_loop_init                 = $6107 ; addr, local, , mk1_c, code_compiler, mainloop/game_loop.h::main::3::113:0
i_161                           = $6181 ; addr, local, , mk1_c, code_compiler, mainloop/game_loop.h::main::3::113:54
i_162                           = $6376 ; addr, local, , mk1_c, code_compiler, mainloop/game_loop.h::main::4::126:340
_game_loop_do                   = $6189 ; addr, local, , mk1_c, code_compiler, mainloop/game_loop.h::main::3::113:54
i_163                           = $61AA ; addr, local, , mk1_c, code_compiler, mainloop/game_loop.h::main::5::115:108
i_164                           = $61DD ; addr, local, , mk1_c, code_compiler, mainloop/game_loop.h::main::5::115:108
i_165                           = $61DD ; addr, local, , mk1_c, code_compiler, mainloop/game_loop.h::main::5::115:108
i_166                           = $61DD ; addr, local, , mk1_c, code_compiler, mainloop/game_loop.h::main::5::115:108
i_167                           = $620A ; addr, local, , mk1_c, code_compiler, mainloop/game_loop.h::main::5::115:108
i_168                           = $6225 ; addr, local, , mk1_c, code_compiler, mainloop/game_loop.h::main::5::115:108
i_169                           = $6225 ; addr, local, , mk1_c, code_compiler, mainloop/game_loop.h::main::5::115:108
i_170                           = $624A ; addr, local, , mk1_c, code_compiler, ./mainloop/flick_screen.h::main::4::121:0
i_171                           = $6243 ; addr, local, , mk1_c, code_compiler, mainloop/game_loop.h::main::6::121:239
i_172                           = $624A ; addr, local, , mk1_c, code_compiler, mainloop/game_loop.h::main::6::121:239
i_174                           = $627C ; addr, local, , mk1_c, code_compiler, ./mainloop/flick_screen.h::main::4::121:0
i_173                           = $627C ; addr, local, , mk1_c, code_compiler, ./mainloop/flick_screen.h::main::4::121:0
i_175_i_174                     = $6263 ; addr, local, , mk1_c, code_compiler, ./mainloop/flick_screen.h::main::4::121:0
i_177                           = $62BF ; addr, local, , mk1_c, code_compiler, ./mainloop/flick_screen.h::main::4::121:0
i_176                           = $62BF ; addr, local, , mk1_c, code_compiler, ./mainloop/flick_screen.h::main::4::121:0
i_178_i_177                     = $62A5 ; addr, local, , mk1_c, code_compiler, ./mainloop/flick_screen.h::main::4::121:0
i_180                           = $62FC ; addr, local, , mk1_c, code_compiler, ./mainloop/flick_screen.h::main::4::121:0
i_179                           = $62FC ; addr, local, , mk1_c, code_compiler, ./mainloop/flick_screen.h::main::4::121:0
i_181_i_180                     = $62D8 ; addr, local, , mk1_c, code_compiler, ./mainloop/flick_screen.h::main::4::121:0
i_183                           = $6357 ; addr, local, , mk1_c, code_compiler, ./mainloop/flick_screen.h::main::4::121:0
i_182                           = $6357 ; addr, local, , mk1_c, code_compiler, mainloop/game_loop.h::main::4::125:303
i_184_i_183                     = $6329 ; addr, local, , mk1_c, code_compiler, ./mainloop/flick_screen.h::main::4::121:0
i_185                           = $6357 ; addr, local, , mk1_c, code_compiler, ./mainloop/flick_screen.h::main::4::121:0
i_187                           = $6367 ; addr, local, , mk1_c, code_compiler, mainloop/game_loop.h::main::4::125:303
i_186                           = $6181 ; addr, local, , mk1_c, code_compiler, mainloop/game_loop.h::main::4::126:340
i_189                           = $63A4 ; addr, local, , mk1_c, code_compiler, mainloop.h::main::3::126:239
i_190                           = $6392 ; addr, local, , mk1_c, code_compiler, mainloop.h::main::3::126:239
i_191                           = $60A0 ; addr, local, , mk1_c, code_compiler, mainloop.h::main::3::126:239
i_160                           = $63AD ; addr, local, , mk1_c, code_compiler, mainloop.h::main::4::129:267
i_192                           = $60A0 ; addr, local, , mk1_c, code_compiler, mainloop.h::main::4::129:267
i_158                           = $63BB ; addr, local, , mk1_c, code_compiler, mainloop.h::main::2::129:284
soloCopia                       = $059B ; addr, local, , cpc_ShowTileMap, , cpc_ShowTileMap.asm:37
contador_tiles                  = $05ED ; addr, local, , cpc_ShowTileMap, , cpc_ShowTileMap.asm:109
contador_tiles2                 = $05EE ; addr, local, , cpc_ShowTileMap, , cpc_ShowTileMap.asm:111
transferir_pantalla_a_superbuffer = $05A8 ; addr, local, , cpc_ShowTileMap, , cpc_ShowTileMap.asm:50
cpc_PutSp                       = $0604 ; addr, local, , cpc_ShowTileMap, , cpc_ShowTileMap.asm:142
bucle_dibujado_fondo            = $05AF ; addr, local, , cpc_ShowTileMap, , cpc_ShowTileMap.asm:57
transferir_map_sbuffer          = $05F0 ; addr, local, , cpc_ShowTileMap, , cpc_ShowTileMap.asm:114
incremento2                     = $05E0 ; addr, local, , cpc_ShowTileMap, , cpc_ShowTileMap.asm:100
loop_alto_map_sbuffer           = $05F6 ; addr, local, , cpc_ShowTileMap, , cpc_ShowTileMap.asm:120
loop_ancho_map_sbuffer          = $05F6 ; addr, local, , cpc_ShowTileMap, , cpc_ShowTileMap.asm:121
loop_alto_2                     = $0606 ; addr, local, , cpc_ShowTileMap, , cpc_ShowTileMap.asm:147
sig_linea_2                     = $061D ; addr, local, , cpc_ShowTileMap, , cpc_ShowTileMap.asm:184
PASARPORDETRAS                  = $0001 ; const, local, , cpc_UpdScr, , CPCconfig.def:8
_tiles_tocados_ptr              = $0652 ; addr, local, , cpc_UpdScr, , cpc_UpdScr.asm:56
main_loop                       = $063D ; addr, local, , cpc_UpdScr, , cpc_UpdScr.asm:38
process_touched_byte            = $0654 ; addr, local, , cpc_UpdScr, , cpc_UpdScr.asm:59
bit0_skip                       = $0665 ; addr, local, , cpc_UpdScr, , cpc_UpdScr.asm:71
ucopyTile                       = $06AF ; addr, local, , cpc_UpdScr, , cpc_UpdScr.asm:134
bit1_skip                       = $066F ; addr, local, , cpc_UpdScr, , cpc_UpdScr.asm:79
bit2_skip                       = $0679 ; addr, local, , cpc_UpdScr, , cpc_UpdScr.asm:87
bit3_skip                       = $0683 ; addr, local, , cpc_UpdScr, , cpc_UpdScr.asm:95
bit4_skip                       = $068D ; addr, local, , cpc_UpdScr, , cpc_UpdScr.asm:103
bit5_skip                       = $0697 ; addr, local, , cpc_UpdScr, , cpc_UpdScr.asm:111
bit6_skip                       = $06A1 ; addr, local, , cpc_UpdScr, , cpc_UpdScr.asm:119
bit7_skip                       = $06AB ; addr, local, , cpc_UpdScr, , cpc_UpdScr.asm:127
skeep                           = $0708 ; addr, local, , cpc_UpdScr, , cpc_UpdScr.asm:242
transferir_map_sbuffer_grey     = $06CB ; addr, local, , cpc_UpdScr, , cpc_UpdScr.asm:169
PASARPORDETRAS                  = $0001 ; const, local, , cpc_ShowTouchedTiles, , CPCconfig.def:8
bucle_cpc_ShowTouchedTiles      = $0718 ; addr, local, , cpc_ShowTouchedTiles, , cpc_ShowTouchedTiles.asm:46
process                         = $0729 ; addr, local, , cpc_ShowTouchedTiles, , cpc_ShowTouchedTiles.asm:65
skipall                         = $0755 ; addr, local, , cpc_ShowTouchedTiles, , cpc_ShowTouchedTiles.asm:99
checkbit                        = $0761 ; addr, local, , cpc_ShowTouchedTiles, , cpc_ShowTouchedTiles.asm:113
noincd                          = $075D ; addr, local, , cpc_ShowTouchedTiles, , cpc_ShowTouchedTiles.asm:107
checkbit_done                   = $0818 ; addr, local, , cpc_ShowTouchedTiles, , cpc_ShowTouchedTiles.asm:373
copyTile                        = $0764 ; addr, local, , cpc_ShowTouchedTiles, , cpc_ShowTouchedTiles.asm:116
posicionar_superbuffer          = $0766 ; addr, local, , cpc_ShowTouchedTiles, , cpc_ShowTouchedTiles.asm:122
posicionar_pantalla             = $076F ; addr, local, , cpc_ShowTouchedTiles, , cpc_ShowTouchedTiles.asm:135
transf_bloque_sb_pantalla       = $077D ; addr, local, , cpc_ShowTouchedTiles, , cpc_ShowTouchedTiles.asm:151
copycell                        = $07DA ; addr, local, , cpc_ShowTouchedTiles, , cpc_ShowTouchedTiles.asm:275
copybgtile                      = $078E ; addr, local, , cpc_ShowTouchedTiles, , cpc_ShowTouchedTiles.asm:168
copycell_done                   = $0816 ; addr, local, , cpc_ShowTouchedTiles, , cpc_ShowTouchedTiles.asm:368
do_update                       = $0836 ; addr, local, , cpc_PutSpTileMap4x8, , cpc_PutSpTileMap4x8.asm:49
origin_next_row                 = $0856 ; addr, local, , cpc_PutSpTileMap4x8, , cpc_PutSpTileMap4x8.asm:79
fin                             = $0868 ; addr, local, , cpc_PutSpTileMap4x8, , cpc_PutSpTileMap4x8.asm:96
do_update                       = $0883 ; addr, local, , cpc_PutSpTileMap8x16Px, , cpc_PutSpTileMap8x16Px.asm:50
origin_next_row                 = $08A8 ; addr, local, , cpc_PutSpTileMap8x16Px, , cpc_PutSpTileMap8x16Px.asm:85
origin_last_row                 = $08BB ; addr, local, , cpc_PutSpTileMap8x16Px, , cpc_PutSpTileMap8x16Px.asm:105
fin                             = $08D2 ; addr, local, , cpc_PutSpTileMap8x16Px, , cpc_PutSpTileMap8x16Px.asm:130
pulsado                         = $08EA ; addr, local, , cpc_TestKey, , cpc_TestKey.asm:34
bucle_deteccion_tecla           = $0913 ; addr, local, , cpc_AnyKeyPressed, , cpc_AnyKeyPressed.asm:13
tecla_pulsada                   = $0926 ; addr, local, , cpc_AnyKeyPressed, , cpc_AnyKeyPressed.asm:25
CHURRERA_CLIPPING               = $0001 ; const, local, , cpc_UpdTileTable, , CPCconfig.def:16
pasa_bloque_a_sbuffer           = $0980 ; addr, local, , cpc_PutTrSp4x8TileMap2b, , cpc_PutTrSp4x8TileMap2b.asm:30
transferir_sprite               = $0980 ; addr, local, , cpc_PutTrSp4x8TileMap2b, , cpc_PutTrSp4x8TileMap2b.asm:32
sp_buffer_mask                  = $0997 ; addr, local, , cpc_PutTrSp4x8TileMap2b, , cpc_PutTrSp4x8TileMap2b.asm:52
loop_alto_map_sbuffer           = $099D ; addr, local, , cpc_PutTrSp4x8TileMap2b, , cpc_PutTrSp4x8TileMap2b.asm:58
pasa_bloque_a_sbuffer           = $09C8 ; addr, local, , cpc_PutTrSp8x16TileMap2bPx, , cpc_PutTrSp8x16TileMap2bPx.asm:33
transferir_sprite               = $09C8 ; addr, local, , cpc_PutTrSp8x16TileMap2bPx, , cpc_PutTrSp8x16TileMap2bPx.asm:35
sp_buffer_mask                  = $09DF ; addr, local, , cpc_PutTrSp8x16TileMap2bPx, , cpc_PutTrSp8x16TileMap2bPx.asm:55
loop_alto_map_sbuffer_shifted   = $0A16 ; addr, local, , cpc_PutTrSp8x16TileMap2bPx, , cpc_PutTrSp8x16TileMap2bPx.asm:119
loop_alto_map_sbuffer           = $09E9 ; addr, local, , cpc_PutTrSp8x16TileMap2bPx, , cpc_PutTrSp8x16TileMap2bPx.asm:65
keymap0                         = $0A94 ; addr, local, , cpc_KeysData, , cpc_KeysData.asm:16
tecla_0                         = $0A9E ; addr, local, , cpc_KeysData, , cpc_KeysData.asm:18
tabla_teclas0                   = $0AA0 ; addr, local, , cpc_KeysData, , cpc_KeysData.asm:20
noinc                           = $0AC6 ; addr, local, , cpc_TblLookup, , cpc_TblLookup.asm:17
cpc_InvalidateRect_P            = $0AD0 ; addr, local, , cpc_InvalidateRect, , cpc_InvalidateRect.asm:42
noinc1                          = $0AF6 ; addr, local, , cpc_InvalidateRect, , cpc_InvalidateRect.asm:86
invcollp                        = $0AFA ; addr, local, , cpc_InvalidateRect, , cpc_InvalidateRect.asm:92
invfullchar                     = $0B0D ; addr, local, , cpc_InvalidateRect, , cpc_InvalidateRect.asm:109
noinc2                          = $0B09 ; addr, local, , cpc_InvalidateRect, , cpc_InvalidateRect.asm:103
invrowlp                        = $0B0F ; addr, local, , cpc_InvalidateRect, , cpc_InvalidateRect.asm:113
noinc3                          = $0B1A ; addr, local, , cpc_InvalidateRect, , cpc_InvalidateRect.asm:124
__CLIB_OPT_IMATH                = $0000 ; const, local, , l_divu_16_16x16, , ../config_private.inc:27
divide_zero                     = $6559 ; addr, local, , l_small_divu_16_16x16, code_math, ../_DEVELOPMENT/math/integer/small/l_small_divu_16_16x16.asm:141
divisor_sixteen_bit             = $652B ; addr, local, , l_small_divu_16_16x16, code_math, ../_DEVELOPMENT/math/integer/small/l_small_divu_16_16x16.asm:50
loop_16_0                       = $6531 ; addr, local, , l_small_divu_16_16x16, code_math, ../_DEVELOPMENT/math/integer/small/l_small_divu_16_16x16.asm:60
loop_16_1                       = $6539 ; addr, local, , l_small_divu_16_16x16, code_math, ../_DEVELOPMENT/math/integer/small/l_small_divu_16_16x16.asm:69
loop_8_0                        = $654B ; addr, local, , l_small_divu_16_16x16, code_math, ../_DEVELOPMENT/math/integer/small/l_small_divu_16_16x16.asm:118
loop_8_2                        = $6552 ; addr, local, , l_small_divu_16_16x16, code_math, ../_DEVELOPMENT/math/integer/small/l_small_divu_16_16x16.asm:127
loop_8_1                        = $6554 ; addr, local, , l_small_divu_16_16x16, code_math, ../_DEVELOPMENT/math/integer/small/l_small_divu_16_16x16.asm:132
l_sxt                           = $64C2 ; addr, local, , l_gchar, code_crt0_sccz80, sccz80/crt0_z80/l_gchar.asm:12
__CLIB_OPT_IMATH                = $0000 ; const, local, , l_mulu_16_16x16, , ../config_private.inc:27
eight_bit_1                     = $656C ; addr, local, , l_small_mul_16_16x16, code_math, ../_DEVELOPMENT/math/integer/small/l_small_mul_16_16x16.asm:40
eight_bit_0                     = $656B ; addr, local, , l_small_mul_16_16x16, code_math, ../_DEVELOPMENT/math/integer/small/l_small_mul_16_16x16.asm:36
rejoin                          = $656F ; addr, local, , l_small_mul_16_16x16, code_math, ../_DEVELOPMENT/math/integer/small/l_small_mul_16_16x16.asm:57
loop_0                          = $6572 ; addr, local, , l_small_mul_16_16x16, code_math, ../_DEVELOPMENT/math/integer/small/l_small_mul_16_16x16.asm:61
loop_1                          = $6579 ; addr, local, , l_small_mul_16_16x16, code_math, ../_DEVELOPMENT/math/integer/small/l_small_mul_16_16x16.asm:75
TileMapConf                     = $0406 ; addr, public, , tilemap_conf_asm, , tilemap_conf.asm:75
_nametable                      = $0100 ; const, public, , tilemap_conf_asm, , tilemap_conf.asm:60
pantalla_juego                  = $0100 ; const, public, , tilemap_conf_asm, , tilemap_conf.asm:61
tiles_tocados                   = $CE00 ; const, public, , tilemap_conf_asm, , tilemap_conf.asm:58
posiciones_pantalla             = $0406 ; addr, public, , tilemap_conf_asm, , tilemap_conf.asm:77
posiciones_super_buffer         = $0436 ; addr, public, , tilemap_conf_asm, , tilemap_conf.asm:106
posicion_inicial_area_visible   = $C000 ; const, public, , tilemap_conf_asm, , tilemap_conf.asm:63
posicion_inicial_superbuffer    = $9000 ; const, public, , tilemap_conf_asm, , tilemap_conf.asm:64
ancho_pantalla_bytes            = $0040 ; const, public, , tilemap_conf_asm, , tilemap_conf.asm:69
alto_pantalla_bytes             = $00C0 ; const, public, , tilemap_conf_asm, , tilemap_conf.asm:70
ancho_pantalla_bytes_visible    = $0040 ; const, public, , tilemap_conf_asm, , tilemap_conf.asm:71
mascara1                        = $0000 ; const, public, , tilemap_conf_asm, , tilemap_conf.asm:53
mascara2                        = $0000 ; const, public, , tilemap_conf_asm, , tilemap_conf.asm:54
behindtilemasks                 = $0466 ; addr, public, , tilemap_conf_asm, , tilemap_conf.asm:139
viewport_x                      = $0001 ; const, public, , mk1_c, , autodefs.h:8
viewport_y                      = $0002 ; const, public, , mk1_c, , autodefs.h:8
tiles                           = $2320 ; addr, public, , mk1_c, code_compiler, assets/levels.h::show_buffer_and_tiles::0::3:86
_def_keys                       = $0566 ; addr, public, , mk1_c, , my/config.h:259
_enems_load                     = $50EF ; addr, public, , mk1_c, code_compiler, engine/enengine.h::enems_load::0::75:79
_enems_kill                     = $52B9 ; addr, public, , mk1_c, code_compiler, engine/enengine.h::enems_kill::0::82:235
_enems_move                     = $52CA ; addr, public, , mk1_c, code_compiler, engine/enengine.h::enems_move::0::83:265
_collide                        = $45B5 ; addr, public, , mk1_c, code_compiler, engine/general.h::collide::0::22:14
_cm_two_points                  = $45E7 ; addr, public, , mk1_c, code_compiler, engine/general.h::cm_two_points::0::23:63
_rand                           = $4644 ; addr, public, , mk1_c, code_compiler, engine/general.h::rand::0::24:138
_abs                            = $466D ; addr, public, , mk1_c, code_compiler, engine/general.h::abs::0::25:182
_hotspots_do                    = $557C ; addr, public, , mk1_c, code_compiler, engine/hotspots.h::hotspots_do::0::92:29
_player_init                    = $4AB5 ; addr, public, , mk1_c, code_compiler, engine/player.h::player_init::0::39:13
_player_calc_bounding_box       = $4AF7 ; addr, public, , mk1_c, code_compiler, engine/player.h::player_calc_bounding_box::0::40:73
_player_move                    = $4B46 ; addr, public, , mk1_c, code_compiler, engine/player.h::player_move::0::41:247
_player_deplete                 = $5095 ; addr, public, , mk1_c, code_compiler, engine/player.h::player_deplete::0::73:1488
_player_kill                    = $50C0 ; addr, public, , mk1_c, code_compiler, engine/player.h::player_kill::0::74:1492
_draw_hud                       = $5EE9 ; addr, public, , mk1_c, code_compiler, mainloop/hud.h::draw_hud::0::104:6
_unpack                         = $0CA6 ; addr, public, , mk1_c, code_compiler, aplib.h::unpack::0::0:155
_prepare_level                  = $4684 ; addr, public, , mk1_c, code_compiler, engine/c_levels.h::prepare_level::0::26:2
_game_ending                    = $47D0 ; addr, public, , mk1_c, code_compiler, my/fixed_screens.h::game_ending::0::28:4
_game_over                      = $47F8 ; addr, public, , mk1_c, code_compiler, my/fixed_screens.h::game_over::0::29:19
_addsign                        = $488C ; addr, public, , mk1_c, code_compiler, engine.h::addsign::0::31:20
_espera_activa                  = $48A6 ; addr, public, , mk1_c, code_compiler, engine.h::espera_activa::0::32:28
_draw_scr_background            = $48C7 ; addr, public, , mk1_c, code_compiler, engine.h::draw_scr_background::0::34:352
_draw_scr                       = $4962 ; addr, public, , mk1_c, code_compiler, engine.h::draw_scr::0::36:524
_mons_col_sc_x                  = $49E9 ; addr, public, , mk1_c, code_compiler, engine.h::mons_col_sc_x::0::37:768
_mons_col_sc_y                  = $4A57 ; addr, public, , mk1_c, code_compiler, engine.h::mons_col_sc_y::0::38:849
_blackout                       = $1984 ; addr, public, , mk1_c, code_compiler, pantallas.h::blackout::0::1:32
_attr                           = $4334 ; addr, public, , mk1_c, code_compiler, printer.h::attr::0::3:6
_qtile                          = $4364 ; addr, public, , mk1_c, code_compiler, printer.h::qtile::0::4:61
_draw_coloured_tile             = $439A ; addr, public, , mk1_c, code_compiler, printer.h::draw_coloured_tile::0::6:167
_invalidate_tile                = $43B5 ; addr, public, , mk1_c, code_compiler, printer.h::invalidate_tile::0::7:450
_invalidate_viewport            = $43CE ; addr, public, , mk1_c, code_compiler, printer.h::invalidate_viewport::0::8:470
_draw_invalidate_coloured_tile_gamearea = $43DA ; addr, public, , mk1_c, code_compiler, printer.h::draw_invalidate_coloured_tile_gamearea::0::9:482
_draw_coloured_tile_gamearea    = $43E1 ; addr, public, , mk1_c, code_compiler, printer.h::draw_coloured_tile_gamearea::0::10:487
_draw_decorations               = $43FE ; addr, public, , mk1_c, code_compiler, printer.h::draw_decorations::0::11:491
_update_tile                    = $4431 ; addr, public, , mk1_c, code_compiler, printer.h::update_tile::0::12:536
_print_number2                  = $4462 ; addr, public, , mk1_c, code_compiler, printer.h::print_number2::0::13:578
_print_str                      = $44A9 ; addr, public, , mk1_c, code_compiler, printer.h::print_str::0::14:663
_blackout_area                  = $44D8 ; addr, public, , mk1_c, code_compiler, printer.h::blackout_area::0::15:706
_clear_sprites                  = $44E6 ; addr, public, , mk1_c, code_compiler, printer.h::clear_sprites::0::16:719
_cpc_UpdateNow                  = $4542 ; addr, public, , mk1_c, code_compiler, engine/update.h::cpc_UpdateNow::0::19:9
_wyz_init                       = $57CC ; addr, public, , mk1_c, code_compiler, wyz_player.h::wyz_init::0::96:9
_wyz_play_music                 = $57D7 ; addr, public, , mk1_c, code_compiler, wyz_player.h::wyz_play_music::0::97:18
_wyz_play_sound                 = $57FF ; addr, public, , mk1_c, code_compiler, wyz_player.h::wyz_play_sound::0::98:30
_wyz_stop_sound                 = $5808 ; addr, public, , mk1_c, code_compiler, wyz_player.h::wyz_stop_sound::0::99:41
_pad0                           = $63FC ; addr, public, , mk1_c, bss_compiler, mk1.c::main::0::129:118
_enoffs                         = $63FD ; addr, public, , mk1_c, bss_compiler, mk1.c::main::0::129:118
_asm_number                     = $63FF ; addr, public, , mk1_c, bss_compiler, mk1.c::main::0::129:118
_asm_int                        = $6400 ; addr, public, , mk1_c, bss_compiler, mk1.c::main::0::129:118
_asm_int_2                      = $6402 ; addr, public, , mk1_c, bss_compiler, mk1.c::main::0::129:118
_seed                           = $6404 ; addr, public, , mk1_c, bss_compiler, mk1.c::main::0::129:118
_half_life                      = $6406 ; addr, public, , mk1_c, bss_compiler, mk1.c::main::0::129:118
_p_x                            = $6407 ; addr, public, , mk1_c, bss_compiler, mk1.c::main::0::129:118
_p_y                            = $6409 ; addr, public, , mk1_c, bss_compiler, mk1.c::main::0::129:118
_p_vx                           = $640B ; addr, public, , mk1_c, bss_compiler, mk1.c::main::0::129:118
_p_vy                           = $640D ; addr, public, , mk1_c, bss_compiler, mk1.c::main::0::129:118
_p_saltando                     = $640F ; addr, public, , mk1_c, bss_compiler, mk1.c::main::0::129:118
_p_cont_salto                   = $6410 ; addr, public, , mk1_c, bss_compiler, mk1.c::main::0::129:118
_p_frame                        = $6411 ; addr, public, , mk1_c, bss_compiler, mk1.c::main::0::129:118
_p_subframe                     = $6412 ; addr, public, , mk1_c, bss_compiler, mk1.c::main::0::129:118
_p_facing                       = $6413 ; addr, public, , mk1_c, bss_compiler, mk1.c::main::0::129:118
_p_estado                       = $6414 ; addr, public, , mk1_c, bss_compiler, mk1.c::main::0::129:118
_p_ct_estado                    = $6415 ; addr, public, , mk1_c, bss_compiler, mk1.c::main::0::129:118
_p_gotten                       = $6416 ; addr, public, , mk1_c, bss_compiler, mk1.c::main::0::129:118
_pregotten                      = $6417 ; addr, public, , mk1_c, bss_compiler, mk1.c::main::0::129:118
_p_life                         = $6418 ; addr, public, , mk1_c, bss_compiler, mk1.c::main::0::129:118
_p_objs                         = $6419 ; addr, public, , mk1_c, bss_compiler, mk1.c::main::0::129:118
_p_keys                         = $641A ; addr, public, , mk1_c, bss_compiler, mk1.c::main::0::129:118
_p_fuel                         = $641B ; addr, public, , mk1_c, bss_compiler, mk1.c::main::0::129:118
_p_killed                       = $641C ; addr, public, , mk1_c, bss_compiler, mk1.c::main::0::129:118
_p_disparando                   = $641D ; addr, public, , mk1_c, bss_compiler, mk1.c::main::0::129:118
_p_facing_v                     = $641E ; addr, public, , mk1_c, bss_compiler, mk1.c::main::0::129:118
_p_facing_h                     = $641F ; addr, public, , mk1_c, bss_compiler, mk1.c::main::0::129:118
_p_ammo                         = $6420 ; addr, public, , mk1_c, bss_compiler, mk1.c::main::0::129:118
_p_killme                       = $6421 ; addr, public, , mk1_c, bss_compiler, mk1.c::main::0::129:118
_p_kill_amt                     = $6422 ; addr, public, , mk1_c, bss_compiler, mk1.c::main::0::129:118
_p_tx                           = $6423 ; addr, public, , mk1_c, bss_compiler, mk1.c::main::0::129:118
_p_ty                           = $6424 ; addr, public, , mk1_c, bss_compiler, mk1.c::main::0::129:118
_ptgmx                          = $6425 ; addr, public, , mk1_c, bss_compiler, mk1.c::main::0::129:118
_ptgmy                          = $6427 ; addr, public, , mk1_c, bss_compiler, mk1.c::main::0::129:118
_spacer                         = $0B38 ; addr, public, , mk1_c, data_compiler, definitions.h:127
_enit                           = $6429 ; addr, public, , mk1_c, bss_compiler, mk1.c::main::0::129:118
_enspit                         = $642A ; addr, public, , mk1_c, bss_compiler, mk1.c::main::0::129:118
__en_x                          = $642B ; addr, public, , mk1_c, bss_compiler, mk1.c::main::0::129:118
__en_y                          = $642C ; addr, public, , mk1_c, bss_compiler, mk1.c::main::0::129:118
__en_x1                         = $642D ; addr, public, , mk1_c, bss_compiler, mk1.c::main::0::129:118
__en_y1                         = $642E ; addr, public, , mk1_c, bss_compiler, mk1.c::main::0::129:118
__en_x2                         = $642F ; addr, public, , mk1_c, bss_compiler, mk1.c::main::0::129:118
__en_y2                         = $6430 ; addr, public, , mk1_c, bss_compiler, mk1.c::main::0::129:118
__en_mx                         = $6431 ; addr, public, , mk1_c, bss_compiler, mk1.c::main::0::129:118
__en_my                         = $6432 ; addr, public, , mk1_c, bss_compiler, mk1.c::main::0::129:118
__en_t                          = $6433 ; addr, public, , mk1_c, bss_compiler, mk1.c::main::0::129:118
__en_life                       = $6434 ; addr, public, , mk1_c, bss_compiler, mk1.c::main::0::129:118
__baddies_pointer               = $6435 ; addr, public, , mk1_c, bss_compiler, mk1.c::main::0::129:118
_hotspot_x                      = $6437 ; addr, public, , mk1_c, bss_compiler, mk1.c::main::0::129:118
_hotspot_y                      = $6438 ; addr, public, , mk1_c, bss_compiler, mk1.c::main::0::129:118
_hotspot_destroy                = $6439 ; addr, public, , mk1_c, bss_compiler, mk1.c::main::0::129:118
_orig_tile                      = $643A ; addr, public, , mk1_c, bss_compiler, mk1.c::main::0::129:118
_flags                          = $643B ; addr, public, , mk1_c, bss_compiler, mk1.c::main::0::129:118
_o_pant                         = $645C ; addr, public, , mk1_c, bss_compiler, mk1.c::main::0::129:118
_n_pant                         = $645D ; addr, public, , mk1_c, bss_compiler, mk1.c::main::0::129:118
_is_rendering                   = $645E ; addr, public, , mk1_c, bss_compiler, mk1.c::main::0::129:118
_level                          = $645F ; addr, public, , mk1_c, bss_compiler, mk1.c::main::0::129:118
_slevel                         = $6460 ; addr, public, , mk1_c, bss_compiler, mk1.c::main::0::129:118
_warp_to_level                  = $0B3A ; addr, public, , mk1_c, data_compiler, definitions.h:209
_maincounter                    = $6461 ; addr, public, , mk1_c, bss_compiler, mk1.c::main::0::129:118
_timer_on                       = $6462 ; addr, public, , mk1_c, bss_compiler, mk1.c::main::0::129:118
_timer_t                        = $6463 ; addr, public, , mk1_c, bss_compiler, mk1.c::main::0::129:118
_timer_frames                   = $6464 ; addr, public, , mk1_c, bss_compiler, mk1.c::main::0::129:118
_timer_count                    = $6465 ; addr, public, , mk1_c, bss_compiler, mk1.c::main::0::129:118
_timer_zero                     = $6466 ; addr, public, , mk1_c, bss_compiler, mk1.c::main::0::129:118
_gpx                            = $6467 ; addr, public, , mk1_c, bss_compiler, mk1.c::main::0::129:118
_gpox                           = $6468 ; addr, public, , mk1_c, bss_compiler, mk1.c::main::0::129:118
_gpy                            = $6469 ; addr, public, , mk1_c, bss_compiler, mk1.c::main::0::129:118
_gpd                            = $646A ; addr, public, , mk1_c, bss_compiler, mk1.c::main::0::129:118
_gpc                            = $646B ; addr, public, , mk1_c, bss_compiler, mk1.c::main::0::129:118
_gpt                            = $646C ; addr, public, , mk1_c, bss_compiler, mk1.c::main::0::129:118
_gpxx                           = $646D ; addr, public, , mk1_c, bss_compiler, mk1.c::main::0::129:118
_gpyy                           = $646E ; addr, public, , mk1_c, bss_compiler, mk1.c::main::0::129:118
_gpcx                           = $646F ; addr, public, , mk1_c, bss_compiler, mk1.c::main::0::129:118
_gpcy                           = $6470 ; addr, public, , mk1_c, bss_compiler, mk1.c::main::0::129:118
_possee                         = $6471 ; addr, public, , mk1_c, bss_compiler, mk1.c::main::0::129:118
_hit_v                          = $6472 ; addr, public, , mk1_c, bss_compiler, mk1.c::main::0::129:118
_hit_h                          = $6473 ; addr, public, , mk1_c, bss_compiler, mk1.c::main::0::129:118
_hit                            = $6474 ; addr, public, , mk1_c, bss_compiler, mk1.c::main::0::129:118
_wall_h                         = $6475 ; addr, public, , mk1_c, bss_compiler, mk1.c::main::0::129:118
_wall_v                         = $6476 ; addr, public, , mk1_c, bss_compiler, mk1.c::main::0::129:118
_gpen_x                         = $6477 ; addr, public, , mk1_c, bss_compiler, mk1.c::main::0::129:118
_gpen_y                         = $6478 ; addr, public, , mk1_c, bss_compiler, mk1.c::main::0::129:118
_gpen_cx                        = $6479 ; addr, public, , mk1_c, bss_compiler, mk1.c::main::0::129:118
_gpen_cy                        = $647A ; addr, public, , mk1_c, bss_compiler, mk1.c::main::0::129:118
_gpaux                          = $647B ; addr, public, , mk1_c, bss_compiler, mk1.c::main::0::129:118
_tocado                         = $647C ; addr, public, , mk1_c, bss_compiler, mk1.c::main::0::129:118
_active                         = $647D ; addr, public, , mk1_c, bss_compiler, mk1.c::main::0::129:118
_gpit                           = $647E ; addr, public, , mk1_c, bss_compiler, mk1.c::main::0::129:118
_gpjt                           = $647F ; addr, public, , mk1_c, bss_compiler, mk1.c::main::0::129:118
_enoffsmasi                     = $6480 ; addr, public, , mk1_c, bss_compiler, mk1.c::main::0::129:118
_gpint                          = $6482 ; addr, public, , mk1_c, bss_compiler, mk1.c::main::0::129:118
_map_pointer                    = $6484 ; addr, public, , mk1_c, bss_compiler, mk1.c::main::0::129:118
_rdx                            = $6486 ; addr, public, , mk1_c, bss_compiler, mk1.c::main::0::129:118
_rdy                            = $6487 ; addr, public, , mk1_c, bss_compiler, mk1.c::main::0::129:118
_rda                            = $6488 ; addr, public, , mk1_c, bss_compiler, mk1.c::main::0::129:118
_rdb                            = $6489 ; addr, public, , mk1_c, bss_compiler, mk1.c::main::0::129:118
_rdc                            = $648A ; addr, public, , mk1_c, bss_compiler, mk1.c::main::0::129:118
_rdd                            = $648B ; addr, public, , mk1_c, bss_compiler, mk1.c::main::0::129:118
_rdn                            = $648C ; addr, public, , mk1_c, bss_compiler, mk1.c::main::0::129:118
_rdt                            = $648D ; addr, public, , mk1_c, bss_compiler, mk1.c::main::0::129:118
_itj                            = $648E ; addr, public, , mk1_c, bss_compiler, mk1.c::main::0::129:118
_objs_old                       = $6490 ; addr, public, , mk1_c, bss_compiler, mk1.c::main::0::129:118
_keys_old                       = $6491 ; addr, public, , mk1_c, bss_compiler, mk1.c::main::0::129:118
_life_old                       = $6492 ; addr, public, , mk1_c, bss_compiler, mk1.c::main::0::129:118
_killed_old                     = $6493 ; addr, public, , mk1_c, bss_compiler, mk1.c::main::0::129:118
_level_str                      = $0B3B ; addr, public, , mk1_c, data_compiler, definitions.h:268
_silent_level                   = $0B3D ; addr, public, , mk1_c, data_compiler, definitions.h:270
_gen_pt                         = $6494 ; addr, public, , mk1_c, bss_compiler, mk1.c::main::0::129:118
_playing                        = $6496 ; addr, public, , mk1_c, bss_compiler, mk1.c::main::0::129:118
_success                        = $6497 ; addr, public, , mk1_c, bss_compiler, mk1.c::main::0::129:118
_x_pant                         = $6498 ; addr, public, , mk1_c, bss_compiler, mk1.c::main::0::129:118
_y_pant                         = $6499 ; addr, public, , mk1_c, bss_compiler, mk1.c::main::0::129:118
__x                             = $649A ; addr, public, , mk1_c, bss_compiler, mk1.c::main::0::129:118
__y                             = $649B ; addr, public, , mk1_c, bss_compiler, mk1.c::main::0::129:118
__n                             = $649C ; addr, public, , mk1_c, bss_compiler, mk1.c::main::0::129:118
__t                             = $649D ; addr, public, , mk1_c, bss_compiler, mk1.c::main::0::129:118
_cx1                            = $649E ; addr, public, , mk1_c, bss_compiler, mk1.c::main::0::129:118
_cy1                            = $649F ; addr, public, , mk1_c, bss_compiler, mk1.c::main::0::129:118
_cx2                            = $64A0 ; addr, public, , mk1_c, bss_compiler, mk1.c::main::0::129:118
_cy2                            = $64A1 ; addr, public, , mk1_c, bss_compiler, mk1.c::main::0::129:118
_at1                            = $64A2 ; addr, public, , mk1_c, bss_compiler, mk1.c::main::0::129:118
_at2                            = $64A3 ; addr, public, , mk1_c, bss_compiler, mk1.c::main::0::129:118
_x0                             = $64A4 ; addr, public, , mk1_c, bss_compiler, mk1.c::main::0::129:118
_y0                             = $64A5 ; addr, public, , mk1_c, bss_compiler, mk1.c::main::0::129:118
_x1                             = $64A6 ; addr, public, , mk1_c, bss_compiler, mk1.c::main::0::129:118
_y1                             = $64A7 ; addr, public, , mk1_c, bss_compiler, mk1.c::main::0::129:118
_ptx1                           = $64A8 ; addr, public, , mk1_c, bss_compiler, mk1.c::main::0::129:118
_pty1                           = $64A9 ; addr, public, , mk1_c, bss_compiler, mk1.c::main::0::129:118
_ptx2                           = $64AA ; addr, public, , mk1_c, bss_compiler, mk1.c::main::0::129:118
_pty2                           = $64AB ; addr, public, , mk1_c, bss_compiler, mk1.c::main::0::129:118
_pty2b                          = $64AC ; addr, public, , mk1_c, bss_compiler, mk1.c::main::0::129:118
__gp_gen                        = $64AD ; addr, public, , mk1_c, bss_compiler, mk1.c::main::0::129:118
_def_keys_joy                   = $0BCC ; addr, public, , mk1_c, code_compiler, definitions.h:327
_isr_player_on                  = $64AF ; addr, public, , mk1_c, bss_compiler, mk1.c::main::0::129:118
_t_seconds                      = $64B0 ; addr, public, , mk1_c, bss_compiler, mk1.c::main::0::129:118
_is_joystick                    = $64B2 ; addr, public, , mk1_c, bss_compiler, mk1.c::main::0::129:118
_ram_address                    = $64B3 ; addr, public, , mk1_c, bss_compiler, mk1.c::main::0::129:118
_ram_destination                = $64B5 ; addr, public, , mk1_c, bss_compiler, mk1.c::main::0::129:118
_s_title                        = $0CC1 ; addr, public, , mk1_c, code_compiler, pantallas.h::unpack::0::1:13
_s_marco                        = $147E ; addr, public, , mk1_c, code_compiler, pantallas.h::unpack::0::1:13
_s_ending                       = $161F ; addr, public, , mk1_c, code_compiler, pantallas.h::unpack::0::1:25
_show_buffer_and_tiles          = $19A3 ; addr, public, , mk1_c, code_compiler, pantallas.h::show_buffer_and_tiles::0::2:55
_my_inks                        = $63BC ; addr, public, , mk1_c, rodata_compiler, assets/pal.h::show_buffer_and_tiles::0::3:5
_level_data                     = $19B0 ; addr, public, , mk1_c, code_compiler, assets/levels.h::show_buffer_and_tiles::0::3:63
_mapa                           = $19C0 ; addr, public, , mk1_c, code_compiler, assets/levels.h::show_buffer_and_tiles::0::3:73
_tileset                        = $2320 ; addr, public, , mk1_c, code_compiler, assets/levels.h::show_buffer_and_tiles::0::3:86
_tspatterns                     = $2720 ; addr, public, , mk1_c, code_compiler, assets/levels.h::show_buffer_and_tiles::0::3:97
_malotes                        = $3320 ; addr, public, , mk1_c, code_compiler, assets/levels.h::show_buffer_and_tiles::0::3:106
_hotspots                       = $36E0 ; addr, public, , mk1_c, code_compiler, assets/levels.h::show_buffer_and_tiles::0::3:113
_behs                           = $3740 ; addr, public, , mk1_c, code_compiler, assets/levels.h::show_buffer_and_tiles::0::3:120
_sprites                        = $3770 ; addr, public, , mk1_c, code_compiler, ./assets/sprites.h::show_buffer_and_tiles::0::3:10
_sprite_17_a                    = $3B70 ; addr, public, , mk1_c, code_compiler, assets/extrasprites.h::show_buffer_and_tiles::0::3:23
_sprite_18_a                    = $3BB0 ; addr, public, , mk1_c, code_compiler, assets/extrasprites.h::show_buffer_and_tiles::0::3:30
_map_bolts_0                    = $3C10 ; addr, public, , mk1_c, code_compiler, my/levelset.h::show_buffer_and_tiles::0::3:66
_map_bolts_1                    = $3D48 ; addr, public, , mk1_c, code_compiler, my/levelset.h::show_buffer_and_tiles::0::3:66
_map_bolts_2                    = $3E1F ; addr, public, , mk1_c, code_compiler, my/levelset.h::show_buffer_and_tiles::0::3:66
_tileset_0                      = $3EF7 ; addr, public, , mk1_c, code_compiler, my/levelset.h::show_buffer_and_tiles::0::3:66
_tileset_1                      = $401A ; addr, public, , mk1_c, code_compiler, my/levelset.h::show_buffer_and_tiles::0::3:66
_tileset_2                      = $4152 ; addr, public, , mk1_c, code_compiler, my/levelset.h::show_buffer_and_tiles::0::3:66
_enems_hotspots_0               = $4297 ; addr, public, , mk1_c, code_compiler, my/levelset.h::show_buffer_and_tiles::0::3:66
_enems_hotspots_1               = $42AB ; addr, public, , mk1_c, code_compiler, my/levelset.h::show_buffer_and_tiles::0::3:66
_enems_hotspots_2               = $42BF ; addr, public, , mk1_c, code_compiler, my/levelset.h::show_buffer_and_tiles::0::3:66
_behs_0_1                       = $42D3 ; addr, public, , mk1_c, code_compiler, my/levelset.h::show_buffer_and_tiles::0::3:66
_behs_2                         = $42E0 ; addr, public, , mk1_c, code_compiler, my/levelset.h::show_buffer_and_tiles::0::3:66
_levels                         = $0B3E ; addr, public, , mk1_c, data_compiler, my/levelset.h::show_buffer_and_tiles::0::3:97
_sm_cox                         = $0B6B ; addr, public, , mk1_c, data_compiler, assets/spriteset_mappings.h::show_buffer_and_tiles::0::3:9
_sm_coy                         = $0B7B ; addr, public, , mk1_c, data_compiler, assets/spriteset_mappings.h::show_buffer_and_tiles::0::3:14
_sm_invfunc                     = $0B8B ; addr, public, , mk1_c, data_compiler, assets/spriteset_mappings.h::show_buffer_and_tiles::0::3:19
_sm_updfunc                     = $0BAB ; addr, public, , mk1_c, data_compiler, assets/spriteset_mappings.h::show_buffer_and_tiles::0::3:26
_sm_sprptr                      = $42ED ; addr, public, , mk1_c, code_compiler, assets/spriteset_mappings.h::show_buffer_and_tiles::0::3:34
_trpixlutc                      = $430D ; addr, public, , mk1_c, code_compiler, assets/trpixlut.h::show_buffer_and_tiles::0::3:6
__tile_address                  = $4382 ; addr, public, , mk1_c, code_compiler, printer.h::_tile_address::0::5:134
_utaux                          = $0BCB ; addr, public, , mk1_c, data_compiler, printer.h::draw_decorations::0::12:535
_pal_set                        = $4514 ; addr, public, , mk1_c, code_compiler, printer.h::pal_set::0::18:729
_zone_clear                     = $4842 ; addr, public, , mk1_c, code_compiler, my/fixed_screens.h::zone_clear::0::30:50
_wyz_songs                      = $57C8 ; addr, public, , mk1_c, code_compiler, my/wyz/songs.h::hotspots_do::0::96:6
_title_screen                   = $5E8D ; addr, public, , mk1_c, code_compiler, my/title_screen.h::title_screen::0::100:6
_main                           = $5F18 ; addr, public, , mk1_c, code_compiler, mainloop.h::main::0::107:7
cpc_ShowTileMap                 = $0586 ; addr, public, , cpc_ShowTileMap, , cpc_ShowTileMap.asm:20
cpc_ResetTouchedTiles           = $0621 ; addr, public, , cpc_ResetTouchedTiles, , cpc_ResetTouchedTiles.asm:18
cpc_UpdScr                      = $062F ; addr, public, , cpc_UpdScr, , cpc_UpdScr.asm:29
cpc_ShowTouchedTiles            = $070C ; addr, public, , cpc_ShowTouchedTiles, , cpc_ShowTouchedTiles.asm:36
cpc_PutSpTileMap4x8             = $081C ; addr, public, , cpc_PutSpTileMap4x8, , cpc_PutSpTileMap4x8.asm:25
cpc_PutSpTileMap8x16Px          = $0869 ; addr, public, , cpc_PutSpTileMap8x16Px, , cpc_PutSpTileMap8x16Px.asm:26
cpc_TestKey                     = $08D3 ; addr, public, , cpc_TestKey, , cpc_TestKey.asm:14
cpc_TestKeyboard                = $08ED ; addr, public, , cpc_TestKeyboard, , cpc_TestKeyboard.asm:3
cpc_AnyKeyPressed               = $0911 ; addr, public, , cpc_AnyKeyPressed, , cpc_AnyKeyPressed.asm:11
cpc_SetMode                     = $092B ; addr, public, , cpc_SetMode, , cpc_SetMode.asm:8
cpc_SetColour                   = $0935 ; addr, public, , cpc_SetColour, , cpc_SetColour.asm:8
cpc_UpdTileTable                = $0956 ; addr, public, , cpc_UpdTileTable, , cpc_UpdTileTable.asm:54
cpc_UpdTileTableClp             = $0948 ; addr, public, , cpc_UpdTileTable, , cpc_UpdTileTable.asm:32
cpc_PutTrSp4x8TileMap2b         = $0975 ; addr, public, , cpc_PutTrSp4x8TileMap2b, , cpc_PutTrSp4x8TileMap2b.asm:19
cpc_PutTrSp8x16TileMap2bPx      = $09BA ; addr, public, , cpc_PutTrSp8x16TileMap2bPx, , cpc_PutTrSp8x16TileMap2bPx.asm:20
cpc_KeysData                    = $0A94 ; addr, public, , cpc_KeysData, , cpc_KeysData.asm:14
tabla_teclas                    = $0AA0 ; addr, public, , cpc_KeysData, , cpc_KeysData.asm:40
keymap                          = $0A94 ; addr, public, , cpc_KeysData, , cpc_KeysData.asm:41
cpc_Bit2Mask                    = $0AB9 ; addr, public, , cpc_Bit2Mask, , cpc_Bit2Mask.asm:5
cpc_TblLookup                   = $0AC1 ; addr, public, , cpc_TblLookup, , cpc_TblLookup.asm:11
cpc_InvalidateRect              = $0AC8 ; addr, public, , cpc_InvalidateRect, , cpc_InvalidateRect.asm:29
cpc_bitright2mask               = $0B28 ; addr, public, , cpc_bitright2mask, , cpc_bitright2mask.asm:4
cpc_bitleft2mask                = $0B30 ; addr, public, , cpc_bitleft2mask, , cpc_bitleft2mask.asm:4
l_div_u                         = $6522 ; addr, public, , l_div_u, code_crt0_sccz80, sccz80/crt0_z80/l_div_u.asm:17
l_divu_16_16x16                 = $6523 ; addr, public, , l_divu_16_16x16, code_math, ../_DEVELOPMENT/math/integer/l_divu_16_16x16.asm:22
l0_divu_16_16x16                = $6527 ; addr, public, , l_divu_16_16x16, code_math, ../_DEVELOPMENT/math/integer/l_divu_16_16x16.asm:23
l_small_divu_16_16x16           = $6523 ; addr, public, , l_small_divu_16_16x16, code_math, ../_DEVELOPMENT/math/integer/small/l_small_divu_16_16x16.asm:17
l0_small_divu_16_16x16          = $6527 ; addr, public, , l_small_divu_16_16x16, code_math, ../_DEVELOPMENT/math/integer/small/l_small_divu_16_16x16.asm:42
l_small_divu_16_16x8            = $6543 ; addr, public, , l_small_divu_16_16x16, code_math, ../_DEVELOPMENT/math/integer/small/l_small_divu_16_16x16.asm:87
l0_small_divu_16_16x8           = $6547 ; addr, public, , l_small_divu_16_16x16, code_math, ../_DEVELOPMENT/math/integer/small/l_small_divu_16_16x16.asm:112
error_divide_by_zero_mc         = $6580 ; addr, public, , error_divide_by_zero_mc, code_error, ../_DEVELOPMENT/error/z80/error_divide_by_zero_mc.asm:12
error_edom_mc                   = $6580 ; addr, public, , error_edom_mc, code_error, ../_DEVELOPMENT/error/z80/error_edom_mc.asm:57
errno_mc                        = $6582 ; addr, public, , errno_mc, code_error, ../_DEVELOPMENT/error/z80/errno_mc.asm:21
_errno                          = $6592 ; addr, public, , _errno, bss_error, ../_DEVELOPMENT/error/z80/_errno.asm:7
error_mc                        = $658D ; addr, public, , error_mc, code_error, ../_DEVELOPMENT/error/z80/error_mc.asm:11
l_eq                            = $64B7 ; addr, public, , l_eq, code_crt0_sccz80, sccz80/crt0_z80/l_eq.asm:17
l_gchar                         = $64C1 ; addr, public, , l_gchar, code_crt0_sccz80, sccz80/crt0_z80/l_gchar.asm:11
l_gint                          = $64C7 ; addr, public, , l_gint, code_crt0_sccz80, sccz80/crt0_z80/l_gint.asm:11
l_gintsp                        = $64CC ; addr, public, , l_gintsp, code_crt0_sccz80, sccz80/crt0_z80/l_gintsp.asm:7
l_gt                            = $64D4 ; addr, public, , l_gt, code_crt0_sccz80, sccz80/crt0_z80/l_gt.asm:15
l_compare_result                = $64E4 ; addr, public, , l_compare_result, code_crt0_sccz80, sccz80/crt0_z80/l_compare_result.asm:4
l_lneg                          = $64EA ; addr, public, , l_lneg, code_crt0_sccz80, sccz80/crt0_z80/l_lneg.asm:14
l_lt                            = $64F3 ; addr, public, , l_lt, code_crt0_sccz80, sccz80/crt0_z80/l_lt.asm:15
l_mult                          = $655D ; addr, public, , l_mul, code_crt0_sccz80, sccz80/crt0_z80/l_mul.asm:12
l_mulu_16_16x16                 = $655D ; addr, public, , l_mulu_16_16x16, code_math, ../_DEVELOPMENT/math/integer/l_mulu_16_16x16.asm:36
l_small_mul_16_16x16            = $655D ; addr, public, , l_small_mul_16_16x16, code_math, ../_DEVELOPMENT/math/integer/small/l_small_mul_16_16x16.asm:10
l_small_mul_16_16x8             = $656C ; addr, public, , l_small_mul_16_16x16, code_math, ../_DEVELOPMENT/math/integer/small/l_small_mul_16_16x16.asm:42
l_ne                            = $6503 ; addr, public, , l_ne, code_crt0_sccz80, sccz80/crt0_z80/l_ne.asm:16
l_neg                           = $650E ; addr, public, , l_neg, code_crt0_sccz80, sccz80/crt0_z80/l_neg.asm:13
l_pint                          = $6516 ; addr, public, , l_pint, code_crt0_sccz80, sccz80/crt0_z80/l_pint.asm:11
l_pint_pop                      = $651C ; addr, public, , l_pint_pop, code_crt0_sccz80, sccz80/crt0_z80/l_pint_pop.asm:12
__head                          = $0400 ; const, public, def, , ,
__tail                          = $6594 ; const, public, def, , ,
__size                          = $6194 ; const, public, def, , ,
__data_compiler_head            = $0B38 ; const, public, def, , ,
__data_compiler_tail            = $0BCC ; const, public, def, , ,
__data_compiler_size            = $0094 ; const, public, def, , ,
__code_compiler_head            = $0BCC ; const, public, def, , ,
__code_compiler_tail            = $63BC ; const, public, def, , ,
__code_compiler_size            = $57F0 ; const, public, def, , ,
__rodata_compiler_head          = $63BC ; const, public, def, , ,
__rodata_compiler_tail          = $63FC ; const, public, def, , ,
__rodata_compiler_size          = $0040 ; const, public, def, , ,
__bss_compiler_head             = $63FC ; const, public, def, , ,
__bss_compiler_tail             = $64B7 ; const, public, def, , ,
__bss_compiler_size             = $00BB ; const, public, def, , ,
__code_crt0_sccz80_head         = $64B7 ; const, public, def, , ,
__code_crt0_sccz80_tail         = $6522 ; const, public, def, , ,
__code_crt0_sccz80_size         = $006B ; const, public, def, , ,
__code_clib_head                = $6522 ; const, public, def, , ,
__code_clib_tail                = $6522 ; const, public, def, , ,
__code_clib_size                = $0000 ; const, public, def, , ,
__code_math_head                = $6522 ; const, public, def, , ,
__code_math_tail                = $657D ; const, public, def, , ,
__code_math_size                = $005B ; const, public, def, , ,
__code_error_head               = $657D ; const, public, def, , ,
__code_error_tail               = $6592 ; const, public, def, , ,
__code_error_size               = $0015 ; const, public, def, , ,
__bss_clib_head                 = $6592 ; const, public, def, , ,
__bss_clib_tail                 = $6592 ; const, public, def, , ,
__bss_clib_size                 = $0000 ; const, public, def, , ,
__bss_error_head                = $6592 ; const, public, def, , ,
__bss_error_tail                = $6594 ; const, public, def, , ,
__bss_error_size                = $0002 ; const, public, def, , ,
